Archive member included to satisfy reference by file (symbol)

/usr/local/Cellar/arm-none-eabi-gcc/10.3-2021.07/gcc/bin/../lib/gcc/arm-none-eabi/10.3.1/thumb/v7e-m/nofp/libgcc.a(_aeabi_uldivmod.o)
                              CMakeFiles/INTERRUPT_HAL.elf.dir/Drivers/STM32F4xx_HAL_Driver/Src/stm32f4xx_hal_rcc.c.obj (__aeabi_uldivmod)
/usr/local/Cellar/arm-none-eabi-gcc/10.3-2021.07/gcc/bin/../lib/gcc/arm-none-eabi/10.3.1/thumb/v7e-m/nofp/libgcc.a(_udivmoddi4.o)
                              /usr/local/Cellar/arm-none-eabi-gcc/10.3-2021.07/gcc/bin/../lib/gcc/arm-none-eabi/10.3.1/thumb/v7e-m/nofp/libgcc.a(_aeabi_uldivmod.o) (__udivmoddi4)
/usr/local/Cellar/arm-none-eabi-gcc/10.3-2021.07/gcc/bin/../lib/gcc/arm-none-eabi/10.3.1/thumb/v7e-m/nofp/libgcc.a(_dvmd_tls.o)
                              /usr/local/Cellar/arm-none-eabi-gcc/10.3-2021.07/gcc/bin/../lib/gcc/arm-none-eabi/10.3.1/thumb/v7e-m/nofp/libgcc.a(_aeabi_uldivmod.o) (__aeabi_ldiv0)
/usr/local/Cellar/arm-none-eabi-gcc/10.3-2021.07/gcc/bin/../lib/gcc/arm-none-eabi/10.3.1/../../../../arm-none-eabi/lib/thumb/v7e-m/nofp/libg.a(lib_a-errno.o)
                              CMakeFiles/INTERRUPT_HAL.elf.dir/Core/Src/retarget.c.obj (__errno)
/usr/local/Cellar/arm-none-eabi-gcc/10.3-2021.07/gcc/bin/../lib/gcc/arm-none-eabi/10.3.1/../../../../arm-none-eabi/lib/thumb/v7e-m/nofp/libg.a(lib_a-exit.o)
                              /usr/local/Cellar/arm-none-eabi-gcc/10.3-2021.07/gcc/bin/../lib/gcc/arm-none-eabi/10.3.1/../../../../arm-none-eabi/lib/thumb/v7e-m/nofp/crt0.o (exit)
/usr/local/Cellar/arm-none-eabi-gcc/10.3-2021.07/gcc/bin/../lib/gcc/arm-none-eabi/10.3.1/../../../../arm-none-eabi/lib/thumb/v7e-m/nofp/libg.a(lib_a-impure.o)
                              /usr/local/Cellar/arm-none-eabi-gcc/10.3-2021.07/gcc/bin/../lib/gcc/arm-none-eabi/10.3.1/../../../../arm-none-eabi/lib/thumb/v7e-m/nofp/libg.a(lib_a-exit.o) (_global_impure_ptr)
/usr/local/Cellar/arm-none-eabi-gcc/10.3-2021.07/gcc/bin/../lib/gcc/arm-none-eabi/10.3.1/../../../../arm-none-eabi/lib/thumb/v7e-m/nofp/libg.a(lib_a-init.o)
                              /usr/local/Cellar/arm-none-eabi-gcc/10.3-2021.07/gcc/bin/../lib/gcc/arm-none-eabi/10.3.1/../../../../arm-none-eabi/lib/thumb/v7e-m/nofp/crt0.o (__libc_init_array)
/usr/local/Cellar/arm-none-eabi-gcc/10.3-2021.07/gcc/bin/../lib/gcc/arm-none-eabi/10.3.1/../../../../arm-none-eabi/lib/thumb/v7e-m/nofp/libg.a(lib_a-memset.o)
                              /usr/local/Cellar/arm-none-eabi-gcc/10.3-2021.07/gcc/bin/../lib/gcc/arm-none-eabi/10.3.1/../../../../arm-none-eabi/lib/thumb/v7e-m/nofp/crt0.o (memset)
/usr/local/Cellar/arm-none-eabi-gcc/10.3-2021.07/gcc/bin/../lib/gcc/arm-none-eabi/10.3.1/../../../../arm-none-eabi/lib/thumb/v7e-m/nofp/libg.a(lib_a-printf.o)
                              CMakeFiles/INTERRUPT_HAL.elf.dir/Core/Src/main.c.obj (printf)
/usr/local/Cellar/arm-none-eabi-gcc/10.3-2021.07/gcc/bin/../lib/gcc/arm-none-eabi/10.3.1/../../../../arm-none-eabi/lib/thumb/v7e-m/nofp/libg.a(lib_a-setvbuf.o)
                              CMakeFiles/INTERRUPT_HAL.elf.dir/Core/Src/retarget.c.obj (setvbuf)
/usr/local/Cellar/arm-none-eabi-gcc/10.3-2021.07/gcc/bin/../lib/gcc/arm-none-eabi/10.3.1/../../../../arm-none-eabi/lib/thumb/v7e-m/nofp/libg.a(lib_a-vfprintf.o)
                              /usr/local/Cellar/arm-none-eabi-gcc/10.3-2021.07/gcc/bin/../lib/gcc/arm-none-eabi/10.3.1/../../../../arm-none-eabi/lib/thumb/v7e-m/nofp/libg.a(lib_a-printf.o) (_vfprintf_r)
/usr/local/Cellar/arm-none-eabi-gcc/10.3-2021.07/gcc/bin/../lib/gcc/arm-none-eabi/10.3.1/../../../../arm-none-eabi/lib/thumb/v7e-m/nofp/libg.a(lib_a-wsetup.o)
                              /usr/local/Cellar/arm-none-eabi-gcc/10.3-2021.07/gcc/bin/../lib/gcc/arm-none-eabi/10.3.1/../../../../arm-none-eabi/lib/thumb/v7e-m/nofp/libg.a(lib_a-vfprintf.o) (__swsetup_r)
/usr/local/Cellar/arm-none-eabi-gcc/10.3-2021.07/gcc/bin/../lib/gcc/arm-none-eabi/10.3.1/../../../../arm-none-eabi/lib/thumb/v7e-m/nofp/libg.a(lib_a-__call_atexit.o)
                              /usr/local/Cellar/arm-none-eabi-gcc/10.3-2021.07/gcc/bin/../lib/gcc/arm-none-eabi/10.3.1/../../../../arm-none-eabi/lib/thumb/v7e-m/nofp/libg.a(lib_a-exit.o) (__call_exitprocs)
/usr/local/Cellar/arm-none-eabi-gcc/10.3-2021.07/gcc/bin/../lib/gcc/arm-none-eabi/10.3.1/../../../../arm-none-eabi/lib/thumb/v7e-m/nofp/libg.a(lib_a-atexit.o)
                              /usr/local/Cellar/arm-none-eabi-gcc/10.3-2021.07/gcc/bin/../lib/gcc/arm-none-eabi/10.3.1/../../../../arm-none-eabi/lib/thumb/v7e-m/nofp/libg.a(lib_a-__call_atexit.o) (atexit)
/usr/local/Cellar/arm-none-eabi-gcc/10.3-2021.07/gcc/bin/../lib/gcc/arm-none-eabi/10.3.1/../../../../arm-none-eabi/lib/thumb/v7e-m/nofp/libg.a(lib_a-dtoa.o)
                              /usr/local/Cellar/arm-none-eabi-gcc/10.3-2021.07/gcc/bin/../lib/gcc/arm-none-eabi/10.3.1/../../../../arm-none-eabi/lib/thumb/v7e-m/nofp/libg.a(lib_a-vfprintf.o) (_dtoa_r)
[...]
Memory Configuration

Name             Origin             Length             Attributes
CCMRAM           0x0000000010000000 0x0000000000010000 xrw
RAM              0x0000000020000000 0x0000000000020000 xrw
FLASH            0x0000000008000000 0x0000000000100000 xr
*default*        0x0000000000000000 0xffffffffffffffff

Linker script and memory map

LOAD /usr/local/Cellar/arm-none-eabi-gcc/10.3-2021.07/gcc/bin/../lib/gcc/arm-none-eabi/10.3.1/thumb/v7e-m/nofp/crti.o
LOAD /usr/local/Cellar/arm-none-eabi-gcc/10.3-2021.07/gcc/bin/../lib/gcc/arm-none-eabi/10.3.1/thumb/v7e-m/nofp/crtbegin.o
LOAD /usr/local/Cellar/arm-none-eabi-gcc/10.3-2021.07/gcc/bin/../lib/gcc/arm-none-eabi/10.3.1/../../../../arm-none-eabi/lib/thumb/v7e-m/nofp/crt0.o
LOAD CMakeFiles/INTERRUPT_HAL.elf.dir/Core/Src/gpio.c.obj
LOAD CMakeFiles/INTERRUPT_HAL.elf.dir/Core/Src/main.c.obj
LOAD CMakeFiles/INTERRUPT_HAL.elf.dir/Core/Src/retarget.c.obj
LOAD CMakeFiles/INTERRUPT_HAL.elf.dir/Core/Src/stm32f4xx_hal_msp.c.obj
LOAD CMakeFiles/INTERRUPT_HAL.elf.dir/Core/Src/stm32f4xx_it.c.obj
LOAD CMakeFiles/INTERRUPT_HAL.elf.dir/Core/Src/syscalls.c.obj
LOAD CMakeFiles/INTERRUPT_HAL.elf.dir/Core/Src/sysmem.c.obj
LOAD CMakeFiles/INTERRUPT_HAL.elf.dir/Core/Src/system_stm32f4xx.c.obj
LOAD CMakeFiles/INTERRUPT_HAL.elf.dir/Core/Src/usart.c.obj
LOAD CMakeFiles/INTERRUPT_HAL.elf.dir/Core/Startup/startup_stm32f407zgtx.s.obj
LOAD CMakeFiles/INTERRUPT_HAL.elf.dir/Drivers/BSP/Src/exti.c.obj
LOAD CMakeFiles/INTERRUPT_HAL.elf.dir/Drivers/BSP/Src/led.c.obj
LOAD CMakeFiles/INTERRUPT_HAL.elf.dir/Drivers/STM32F4xx_HAL_Driver/Src/stm32f4xx_hal.c.obj
LOAD CMakeFiles/INTERRUPT_HAL.elf.dir/Drivers/STM32F4xx_HAL_Driver/Src/stm32f4xx_hal_cortex.c.obj
LOAD CMakeFiles/INTERRUPT_HAL.elf.dir/Drivers/STM32F4xx_HAL_Driver/Src/stm32f4xx_hal_dma.c.obj
LOAD CMakeFiles/INTERRUPT_HAL.elf.dir/Drivers/STM32F4xx_HAL_Driver/Src/stm32f4xx_hal_dma_ex.c.obj
LOAD CMakeFiles/INTERRUPT_HAL.elf.dir/Drivers/STM32F4xx_HAL_Driver/Src/stm32f4xx_hal_exti.c.obj
LOAD CMakeFiles/INTERRUPT_HAL.elf.dir/Drivers/STM32F4xx_HAL_Driver/Src/stm32f4xx_hal_flash.c.obj
LOAD CMakeFiles/INTERRUPT_HAL.elf.dir/Drivers/STM32F4xx_HAL_Driver/Src/stm32f4xx_hal_flash_ex.c.obj
LOAD CMakeFiles/INTERRUPT_HAL.elf.dir/Drivers/STM32F4xx_HAL_Driver/Src/stm32f4xx_hal_flash_ramfunc.c.obj
LOAD CMakeFiles/INTERRUPT_HAL.elf.dir/Drivers/STM32F4xx_HAL_Driver/Src/stm32f4xx_hal_gpio.c.obj
LOAD CMakeFiles/INTERRUPT_HAL.elf.dir/Drivers/STM32F4xx_HAL_Driver/Src/stm32f4xx_hal_pwr.c.obj
LOAD CMakeFiles/INTERRUPT_HAL.elf.dir/Drivers/STM32F4xx_HAL_Driver/Src/stm32f4xx_hal_pwr_ex.c.obj
LOAD CMakeFiles/INTERRUPT_HAL.elf.dir/Drivers/STM32F4xx_HAL_Driver/Src/stm32f4xx_hal_rcc.c.obj
LOAD CMakeFiles/INTERRUPT_HAL.elf.dir/Drivers/STM32F4xx_HAL_Driver/Src/stm32f4xx_hal_rcc_ex.c.obj
LOAD CMakeFiles/INTERRUPT_HAL.elf.dir/Drivers/STM32F4xx_HAL_Driver/Src/stm32f4xx_hal_tim.c.obj
LOAD CMakeFiles/INTERRUPT_HAL.elf.dir/Drivers/STM32F4xx_HAL_Driver/Src/stm32f4xx_hal_tim_ex.c.obj
LOAD CMakeFiles/INTERRUPT_HAL.elf.dir/Drivers/STM32F4xx_HAL_Driver/Src/stm32f4xx_hal_uart.c.obj
START GROUP
LOAD /usr/local/Cellar/arm-none-eabi-gcc/10.3-2021.07/gcc/bin/../lib/gcc/arm-none-eabi/10.3.1/thumb/v7e-m/nofp/libgcc.a
LOAD /usr/local/Cellar/arm-none-eabi-gcc/10.3-2021.07/gcc/bin/../lib/gcc/arm-none-eabi/10.3.1/../../../../arm-none-eabi/lib/thumb/v7e-m/nofp/libg.a
LOAD /usr/local/Cellar/arm-none-eabi-gcc/10.3-2021.07/gcc/bin/../lib/gcc/arm-none-eabi/10.3.1/../../../../arm-none-eabi/lib/thumb/v7e-m/nofp/libc.a
END GROUP
LOAD /usr/local/Cellar/arm-none-eabi-gcc/10.3-2021.07/gcc/bin/../lib/gcc/arm-none-eabi/10.3.1/thumb/v7e-m/nofp/crtend.o
LOAD /usr/local/Cellar/arm-none-eabi-gcc/10.3-2021.07/gcc/bin/../lib/gcc/arm-none-eabi/10.3.1/thumb/v7e-m/nofp/crtn.o
                0x0000000020020000                _estack = (ORIGIN (RAM) + LENGTH (RAM))
                0x0000000000000200                _Min_Heap_Size = 0x200
                0x0000000000000400                _Min_Stack_Size = 0x400

.isr_vector     0x0000000008000000      0x188
                0x0000000008000000                . = ALIGN (0x4)
 *(.isr_vector)
 .isr_vector    0x0000000008000000      0x188 CMakeFiles/INTERRUPT_HAL.elf.dir/Core/Startup/startup_stm32f407zgtx.s.obj
                0x0000000008000000                g_pfnVectors
                0x0000000008000188                . = ALIGN (0x4)

.text           0x00000000080001c0     0x8f88
                0x00000000080001c0                . = ALIGN (0x4)
 *(.text)
 .text          0x00000000080001c0       0x40 /usr/local/Cellar/arm-none-eabi-gcc/10.3-2021.07/gcc/bin/../lib/gcc/arm-none-eabi/10.3.1/thumb/v7e-m/nofp/crtbegin.o
 .text          0x0000000008000200       0x30 /usr/local/Cellar/arm-none-eabi-gcc/10.3-2021.07/gcc/bin/../lib/gcc/arm-none-eabi/10.3.1/thumb/v7e-m/nofp/libgcc.a(_aeabi_uldivmod.o)
                0x0000000008000200                __aeabi_uldivmod
 .text          0x0000000008000230      0x2d0 /usr/local/Cellar/arm-none-eabi-gcc/10.3-2021.07/gcc/bin/../lib/gcc/arm-none-eabi/10.3.1/thumb/v7e-m/nofp/libgcc.a(_udivmoddi4.o)
                0x0000000008000230                __udivmoddi4
 .text          0x0000000008000500        0x4 /usr/local/Cellar/arm-none-eabi-gcc/10.3-2021.07/gcc/bin/../lib/gcc/arm-none-eabi/10.3.1/thumb/v7e-m/nofp/libgcc.a(_dvmd_tls.o)
                0x0000000008000500                __aeabi_ldiv0
                0x0000000008000500                __aeabi_idiv0
 *fill*         0x0000000008000504        0xc 
 .text          0x0000000008000510       0xa0 /usr/local/Cellar/arm-none-eabi-gcc/10.3-2021.07/gcc/bin/../lib/gcc/arm-none-eabi/10.3.1/../../../../arm-none-eabi/lib/thumb/v7e-m/nofp/libg.a(lib_a-memchr.o)
                0x0000000008000510                memchr
 .text          0x00000000080005b0      0x134 /usr/local/Cellar/arm-none-eabi-gcc/10.3-2021.07/gcc/bin/../lib/gcc/arm-none-eabi/10.3.1/../../../../arm-none-eabi/lib/thumb/v7e-m/nofp/libg.a(lib_a-memcpy.o)
                0x00000000080005b0                memcpy
 *fill*         0x00000000080006e4       0x1c 
 .text          0x0000000008000700       0xdc /usr/local/Cellar/arm-none-eabi-gcc/10.3-2021.07/gcc/bin/../lib/gcc/arm-none-eabi/10.3.1/../../../../arm-none-eabi/lib/thumb/v7e-m/nofp/libg.a(lib_a-strlen.o)
                0x0000000008000700                strlen
 .text          0x00000000080007dc      0x378 /usr/local/Cellar/arm-none-eabi-gcc/10.3-2021.07/gcc/bin/../lib/gcc/arm-none-eabi/10.3.1/thumb/v7e-m/nofp/libgcc.a(_arm_addsubdf3.o)
                0x00000000080007dc                __aeabi_drsub
                0x00000000080007e4                __subdf3
                0x00000000080007e4                __aeabi_dsub
                0x00000000080007e8                __aeabi_dadd
                0x00000000080007e8                __adddf3
                0x0000000008000a60                __aeabi_ui2d
                0x0000000008000a60                __floatunsidf
                0x0000000008000a80                __floatsidf
                0x0000000008000a80                __aeabi_i2d
                0x0000000008000aa4                __extendsfdf2
                0x0000000008000aa4                __aeabi_f2d
                0x0000000008000ae8                __aeabi_ul2d
                0x0000000008000ae8                __floatundidf
                0x0000000008000af8                __aeabi_l2d
                0x0000000008000af8                __floatdidf
 .text          0x0000000008000b54      0x424 /usr/local/Cellar/arm-none-eabi-gcc/10.3-2021.07/gcc/bin/../lib/gcc/arm-none-eabi/10.3.1/thumb/v7e-m/nofp/libgcc.a(_arm_muldivdf3.o)
                0x0000000008000b54                __aeabi_dmul
                0x0000000008000b54                __muldf3
                0x0000000008000da8                __aeabi_ddiv
                0x0000000008000da8                __divdf3
 .text          0x0000000008000f78      0x110 /usr/local/Cellar/arm-none-eabi-gcc/10.3-2021.07/gcc/bin/../lib/gcc/arm-none-eabi/10.3.1/thumb/v7e-m/nofp/libgcc.a(_arm_cmpdf2.o)
                0x0000000008000f78                __gedf2
                0x0000000008000f78                __gtdf2
                0x0000000008000f80                __ledf2
                0x0000000008000f80                __ltdf2
                0x0000000008000f88                __cmpdf2
                0x0000000008000f88                __eqdf2
                0x0000000008000f88                __nedf2
                0x0000000008001004                __aeabi_cdrcmple
                0x0000000008001014                __aeabi_cdcmple
                0x0000000008001014                __aeabi_cdcmpeq
                0x0000000008001024                __aeabi_dcmpeq
                0x0000000008001038                __aeabi_dcmplt
                0x000000000800104c                __aeabi_dcmple
                0x0000000008001060                __aeabi_dcmpge
                0x0000000008001074                __aeabi_dcmpgt
 .text          0x0000000008001088       0x2c /usr/local/Cellar/arm-none-eabi-gcc/10.3-2021.07/gcc/bin/../lib/gcc/arm-none-eabi/10.3.1/thumb/v7e-m/nofp/libgcc.a(_arm_unorddf2.o)
                0x0000000008001088                __aeabi_dcmpun
                0x0000000008001088                __unorddf2
 .text          0x00000000080010b4       0x50 /usr/local/Cellar/arm-none-eabi-gcc/10.3-2021.07/gcc/bin/../lib/gcc/arm-none-eabi/10.3.1/thumb/v7e-m/nofp/libgcc.a(_arm_fixdfsi.o)
                0x00000000080010b4                __fixdfsi
                0x00000000080010b4                __aeabi_d2iz
 *(.text*)
 .text.MX_GPIO_Init
                0x0000000008001104       0x68 CMakeFiles/INTERRUPT_HAL.elf.dir/Core/Src/gpio.c.obj
                0x0000000008001104                MX_GPIO_Init
 .text.main     0x000000000800116c       0x60 CMakeFiles/INTERRUPT_HAL.elf.dir/Core/Src/main.c.obj
                0x000000000800116c                main
 .text.SystemClock_Config
                0x00000000080011cc       0xbc CMakeFiles/INTERRUPT_HAL.elf.dir/Core/Src/main.c.obj
                0x00000000080011cc                SystemClock_Config
 .text.Error_Handler
                0x0000000008001288        0xa CMakeFiles/INTERRUPT_HAL.elf.dir/Core/Src/main.c.obj
                0x0000000008001288                Error_Handler
 *fill*         0x0000000008001292        0x2 
 .text.RetargetInit
                0x0000000008001294       0x30 CMakeFiles/INTERRUPT_HAL.elf.dir/Core/Src/retarget.c.obj
                0x0000000008001294                RetargetInit
 .text._write   0x00000000080012c4       0x58 CMakeFiles/INTERRUPT_HAL.elf.dir/Core/Src/retarget.c.obj
                0x00000000080012c4                _write
 .text._read    0x000000000800131c       0x50 CMakeFiles/INTERRUPT_HAL.elf.dir/Core/Src/retarget.c.obj
                0x000000000800131c                _read
 .text.HAL_MspInit
                0x000000000800136c       0x50 CMakeFiles/INTERRUPT_HAL.elf.dir/Core/Src/stm32f4xx_hal_msp.c.obj
                0x000000000800136c                HAL_MspInit
 .text.NMI_Handler
                0x00000000080013bc        0x6 CMakeFiles/INTERRUPT_HAL.elf.dir/Core/Src/stm32f4xx_it.c.obj
                0x00000000080013bc                NMI_Handler
 .text.HardFault_Handler
                0x00000000080013c2        0x6 CMakeFiles/INTERRUPT_HAL.elf.dir/Core/Src/stm32f4xx_it.c.obj
                0x00000000080013c2                HardFault_Handler
 .text.MemManage_Handler
                0x00000000080013c8        0x6 CMakeFiles/INTERRUPT_HAL.elf.dir/Core/Src/stm32f4xx_it.c.obj
                0x00000000080013c8                MemManage_Handler
 .text.BusFault_Handler
                0x00000000080013ce        0x6 CMakeFiles/INTERRUPT_HAL.elf.dir/Core/Src/stm32f4xx_it.c.obj
                0x00000000080013ce                BusFault_Handler
 .text.UsageFault_Handler
                0x00000000080013d4        0x6 CMakeFiles/INTERRUPT_HAL.elf.dir/Core/Src/stm32f4xx_it.c.obj
                0x00000000080013d4                UsageFault_Handler
 .text.SVC_Handler
                0x00000000080013da        0xc CMakeFiles/INTERRUPT_HAL.elf.dir/Core/Src/stm32f4xx_it.c.obj
                0x00000000080013da                SVC_Handler
 .text.DebugMon_Handler
                0x00000000080013e6        0xc CMakeFiles/INTERRUPT_HAL.elf.dir/Core/Src/stm32f4xx_it.c.obj
                0x00000000080013e6                DebugMon_Handler
 .text.PendSV_Handler
                0x00000000080013f2        0xc CMakeFiles/INTERRUPT_HAL.elf.dir/Core/Src/stm32f4xx_it.c.obj
                0x00000000080013f2                PendSV_Handler
 .text.SysTick_Handler
                0x00000000080013fe        0xc CMakeFiles/INTERRUPT_HAL.elf.dir/Core/Src/stm32f4xx_it.c.obj
                0x00000000080013fe                SysTick_Handler
 .text._getpid  0x000000000800140a        0xe CMakeFiles/INTERRUPT_HAL.elf.dir/Core/Src/syscalls.c.obj
                0x000000000800140a                _getpid
 .text._kill    0x0000000008001418       0x20 CMakeFiles/INTERRUPT_HAL.elf.dir/Core/Src/syscalls.c.obj
                0x0000000008001418                _kill
 .text._exit    0x0000000008001438       0x14 CMakeFiles/INTERRUPT_HAL.elf.dir/Core/Src/syscalls.c.obj
                0x0000000008001438                _exit
 .text._close   0x000000000800144c       0x16 CMakeFiles/INTERRUPT_HAL.elf.dir/Core/Src/syscalls.c.obj
                0x000000000800144c                _close
 .text._fstat   0x0000000008001462       0x1e CMakeFiles/INTERRUPT_HAL.elf.dir/Core/Src/syscalls.c.obj
                0x0000000008001462                _fstat
 .text._isatty  0x0000000008001480       0x14 CMakeFiles/INTERRUPT_HAL.elf.dir/Core/Src/syscalls.c.obj
                0x0000000008001480                _isatty
 .text._lseek   0x0000000008001494       0x18 CMakeFiles/INTERRUPT_HAL.elf.dir/Core/Src/syscalls.c.obj
                0x0000000008001494                _lseek
 .text._sbrk    0x00000000080014ac       0x6c CMakeFiles/INTERRUPT_HAL.elf.dir/Core/Src/sysmem.c.obj
                0x00000000080014ac                _sbrk
 .text.SystemInit
                0x0000000008001518        0xc CMakeFiles/INTERRUPT_HAL.elf.dir/Core/Src/system_stm32f4xx.c.obj
                0x0000000008001518                SystemInit
 .text.MX_USART1_UART_Init
                0x0000000008001524       0x54 CMakeFiles/INTERRUPT_HAL.elf.dir/Core/Src/usart.c.obj
                0x0000000008001524                MX_USART1_UART_Init
 .text.HAL_UART_MspInit
                0x0000000008001578       0x90 CMakeFiles/INTERRUPT_HAL.elf.dir/Core/Src/usart.c.obj
                0x0000000008001578                HAL_UART_MspInit
 .text.Reset_Handler
                0x0000000008001608       0x50 CMakeFiles/INTERRUPT_HAL.elf.dir/Core/Startup/startup_stm32f407zgtx.s.obj
                0x0000000008001608                Reset_Handler
 .text.Default_Handler
                0x0000000008001658        0x2 CMakeFiles/INTERRUPT_HAL.elf.dir/Core/Startup/startup_stm32f407zgtx.s.obj
                0x0000000008001658                DMA1_Stream3_IRQHandler
                0x0000000008001658                HASH_RNG_IRQHandler
                0x0000000008001658                EXTI2_IRQHandler
                0x0000000008001658                TIM8_CC_IRQHandler
                0x0000000008001658                TIM1_CC_IRQHandler
                0x0000000008001658                DMA2_Stream5_IRQHandler
                0x0000000008001658                DMA1_Stream5_IRQHandler
                0x0000000008001658                PVD_IRQHandler
                0x0000000008001658                SDIO_IRQHandler
                0x0000000008001658                TAMP_STAMP_IRQHandler
                0x0000000008001658                CAN2_RX1_IRQHandler
                0x0000000008001658                EXTI3_IRQHandler
                0x0000000008001658                TIM8_TRG_COM_TIM14_IRQHandler
                0x0000000008001658                TIM1_UP_TIM10_IRQHandler
                0x0000000008001658                TIM8_UP_TIM13_IRQHandler
                0x0000000008001658                I2C3_ER_IRQHandler
                0x0000000008001658                EXTI0_IRQHandler
                0x0000000008001658                I2C2_EV_IRQHandler
                0x0000000008001658                DMA1_Stream2_IRQHandler
                0x0000000008001658                CAN1_RX0_IRQHandler
                0x0000000008001658                FPU_IRQHandler
                0x0000000008001658                OTG_HS_WKUP_IRQHandler
                0x0000000008001658                CAN2_SCE_IRQHandler
                0x0000000008001658                DMA2_Stream2_IRQHandler
                0x0000000008001658                SPI1_IRQHandler
                0x0000000008001658                TIM6_DAC_IRQHandler
                0x0000000008001658                TIM1_BRK_TIM9_IRQHandler
                0x0000000008001658                DCMI_IRQHandler
                0x0000000008001658                CAN2_RX0_IRQHandler
                0x0000000008001658                DMA2_Stream3_IRQHandler
                0x0000000008001658                USART6_IRQHandler
                0x0000000008001658                USART3_IRQHandler
                0x0000000008001658                CAN1_RX1_IRQHandler
                0x0000000008001658                UART5_IRQHandler
                0x0000000008001658                DMA2_Stream0_IRQHandler
                0x0000000008001658                TIM4_IRQHandler
                0x0000000008001658                I2C1_EV_IRQHandler
                0x0000000008001658                DMA1_Stream6_IRQHandler
                0x0000000008001658                DMA1_Stream1_IRQHandler
                0x0000000008001658                UART4_IRQHandler
                0x0000000008001658                TIM3_IRQHandler
                0x0000000008001658                RCC_IRQHandler
                0x0000000008001658                TIM8_BRK_TIM12_IRQHandler
                0x0000000008001658                Default_Handler
                0x0000000008001658                EXTI15_10_IRQHandler
                0x0000000008001658                ADC_IRQHandler
                0x0000000008001658                DMA1_Stream7_IRQHandler
                0x0000000008001658                TIM7_IRQHandler
                0x0000000008001658                CAN2_TX_IRQHandler
                0x0000000008001658                TIM5_IRQHandler
                0x0000000008001658                DMA2_Stream7_IRQHandler
                0x0000000008001658                I2C3_EV_IRQHandler
                0x0000000008001658                EXTI9_5_IRQHandler
                0x0000000008001658                RTC_WKUP_IRQHandler
                0x0000000008001658                ETH_WKUP_IRQHandler
                0x0000000008001658                SPI2_IRQHandler
                0x0000000008001658                OTG_HS_EP1_IN_IRQHandler
                0x0000000008001658                DMA1_Stream0_IRQHandler
                0x0000000008001658                CAN1_TX_IRQHandler
                0x0000000008001658                FSMC_IRQHandler
                0x0000000008001658                ETH_IRQHandler
                0x0000000008001658                OTG_HS_EP1_OUT_IRQHandler
                0x0000000008001658                WWDG_IRQHandler
                0x0000000008001658                TIM2_IRQHandler
                0x0000000008001658                OTG_FS_WKUP_IRQHandler
                0x0000000008001658                TIM1_TRG_COM_TIM11_IRQHandler
                0x0000000008001658                OTG_HS_IRQHandler
                0x0000000008001658                EXTI1_IRQHandler
                0x0000000008001658                USART2_IRQHandler
                0x0000000008001658                I2C2_ER_IRQHandler
                0x0000000008001658                DMA2_Stream1_IRQHandler
                0x0000000008001658                CAN1_SCE_IRQHandler
                0x0000000008001658                FLASH_IRQHandler
                0x0000000008001658                DMA2_Stream4_IRQHandler
                0x0000000008001658                USART1_IRQHandler
                0x0000000008001658                OTG_FS_IRQHandler
                0x0000000008001658                SPI3_IRQHandler
                0x0000000008001658                DMA1_Stream4_IRQHandler
                0x0000000008001658                I2C1_ER_IRQHandler
                0x0000000008001658                DMA2_Stream6_IRQHandler
                0x0000000008001658                RTC_Alarm_IRQHandler
 *fill*         0x000000000800165a        0x2 
 .text.exti_init
                0x000000000800165c       0x5c CMakeFiles/INTERRUPT_HAL.elf.dir/Drivers/BSP/Src/exti.c.obj
                0x000000000800165c                exti_init
 .text.EXTI4_IRQHandler
                0x00000000080016b8        0xe CMakeFiles/INTERRUPT_HAL.elf.dir/Drivers/BSP/Src/exti.c.obj
                0x00000000080016b8                EXTI4_IRQHandler
 *fill*         0x00000000080016c6        0x2 
 .text.HAL_GPIO_EXTI_Callback
                0x00000000080016c8       0x40 CMakeFiles/INTERRUPT_HAL.elf.dir/Drivers/BSP/Src/exti.c.obj
                0x00000000080016c8                HAL_GPIO_EXTI_Callback
 .text.led_init
                0x0000000008001708       0x68 CMakeFiles/INTERRUPT_HAL.elf.dir/Drivers/BSP/Src/led.c.obj
                0x0000000008001708                led_init
 .text.HAL_Init
                0x0000000008001770       0x44 CMakeFiles/INTERRUPT_HAL.elf.dir/Drivers/STM32F4xx_HAL_Driver/Src/stm32f4xx_hal.c.obj
                0x0000000008001770                HAL_Init
 .text.HAL_InitTick
                0x00000000080017b4       0x60 CMakeFiles/INTERRUPT_HAL.elf.dir/Drivers/STM32F4xx_HAL_Driver/Src/stm32f4xx_hal.c.obj
                0x00000000080017b4                HAL_InitTick
 .text.HAL_IncTick
                0x0000000008001814       0x24 CMakeFiles/INTERRUPT_HAL.elf.dir/Drivers/STM32F4xx_HAL_Driver/Src/stm32f4xx_hal.c.obj
                0x0000000008001814                HAL_IncTick
 .text.HAL_GetTick
                0x0000000008001838       0x14 CMakeFiles/INTERRUPT_HAL.elf.dir/Drivers/STM32F4xx_HAL_Driver/Src/stm32f4xx_hal.c.obj
                0x0000000008001838                HAL_GetTick
 .text.HAL_Delay
                0x000000000800184c       0x48 CMakeFiles/INTERRUPT_HAL.elf.dir/Drivers/STM32F4xx_HAL_Driver/Src/stm32f4xx_hal.c.obj
                0x000000000800184c                HAL_Delay
 .text.__NVIC_SetPriorityGrouping
                0x0000000008001894       0x48 CMakeFiles/INTERRUPT_HAL.elf.dir/Drivers/STM32F4xx_HAL_Driver/Src/stm32f4xx_hal_cortex.c.obj
 .text.__NVIC_GetPriorityGrouping
                0x00000000080018dc       0x1c CMakeFiles/INTERRUPT_HAL.elf.dir/Drivers/STM32F4xx_HAL_Driver/Src/stm32f4xx_hal_cortex.c.obj
 .text.__NVIC_EnableIRQ
                0x00000000080018f8       0x38 CMakeFiles/INTERRUPT_HAL.elf.dir/Drivers/STM32F4xx_HAL_Driver/Src/stm32f4xx_hal_cortex.c.obj
 .text.__NVIC_SetPriority
                0x0000000008001930       0x54 CMakeFiles/INTERRUPT_HAL.elf.dir/Drivers/STM32F4xx_HAL_Driver/Src/stm32f4xx_hal_cortex.c.obj
 .text.NVIC_EncodePriority
                0x0000000008001984       0x64 CMakeFiles/INTERRUPT_HAL.elf.dir/Drivers/STM32F4xx_HAL_Driver/Src/stm32f4xx_hal_cortex.c.obj
 .text.SysTick_Config
                0x00000000080019e8       0x44 CMakeFiles/INTERRUPT_HAL.elf.dir/Drivers/STM32F4xx_HAL_Driver/Src/stm32f4xx_hal_cortex.c.obj
 .text.HAL_NVIC_SetPriorityGrouping
                0x0000000008001a2c       0x16 CMakeFiles/INTERRUPT_HAL.elf.dir/Drivers/STM32F4xx_HAL_Driver/Src/stm32f4xx_hal_cortex.c.obj
                0x0000000008001a2c                HAL_NVIC_SetPriorityGrouping
 .text.HAL_NVIC_SetPriority
                0x0000000008001a42       0x38 CMakeFiles/INTERRUPT_HAL.elf.dir/Drivers/STM32F4xx_HAL_Driver/Src/stm32f4xx_hal_cortex.c.obj
                0x0000000008001a42                HAL_NVIC_SetPriority
 .text.HAL_NVIC_EnableIRQ
                0x0000000008001a7a       0x1c CMakeFiles/INTERRUPT_HAL.elf.dir/Drivers/STM32F4xx_HAL_Driver/Src/stm32f4xx_hal_cortex.c.obj
                0x0000000008001a7a                HAL_NVIC_EnableIRQ
 .text.HAL_SYSTICK_Config
                0x0000000008001a96       0x18 CMakeFiles/INTERRUPT_HAL.elf.dir/Drivers/STM32F4xx_HAL_Driver/Src/stm32f4xx_hal_cortex.c.obj
                0x0000000008001a96                HAL_SYSTICK_Config
 *fill*         0x0000000008001aae        0x2 
 .text.HAL_GPIO_Init
                0x0000000008001ab0      0x334 CMakeFiles/INTERRUPT_HAL.elf.dir/Drivers/STM32F4xx_HAL_Driver/Src/stm32f4xx_hal_gpio.c.obj
                0x0000000008001ab0                HAL_GPIO_Init
 .text.HAL_GPIO_ReadPin
                0x0000000008001de4       0x2e CMakeFiles/INTERRUPT_HAL.elf.dir/Drivers/STM32F4xx_HAL_Driver/Src/stm32f4xx_hal_gpio.c.obj
                0x0000000008001de4                HAL_GPIO_ReadPin
 .text.HAL_GPIO_WritePin
                0x0000000008001e12       0x30 CMakeFiles/INTERRUPT_HAL.elf.dir/Drivers/STM32F4xx_HAL_Driver/Src/stm32f4xx_hal_gpio.c.obj
                0x0000000008001e12                HAL_GPIO_WritePin
 .text.HAL_GPIO_TogglePin
                0x0000000008001e42       0x32 CMakeFiles/INTERRUPT_HAL.elf.dir/Drivers/STM32F4xx_HAL_Driver/Src/stm32f4xx_hal_gpio.c.obj
                0x0000000008001e42                HAL_GPIO_TogglePin
 .text.HAL_GPIO_EXTI_IRQHandler
                0x0000000008001e74       0x30 CMakeFiles/INTERRUPT_HAL.elf.dir/Drivers/STM32F4xx_HAL_Driver/Src/stm32f4xx_hal_gpio.c.obj
                0x0000000008001e74                HAL_GPIO_EXTI_IRQHandler
 .text.HAL_RCC_OscConfig
                0x0000000008001ea4      0x4f0 CMakeFiles/INTERRUPT_HAL.elf.dir/Drivers/STM32F4xx_HAL_Driver/Src/stm32f4xx_hal_rcc.c.obj
                0x0000000008001ea4                HAL_RCC_OscConfig
 .text.HAL_RCC_ClockConfig
                0x0000000008002394      0x1cc CMakeFiles/INTERRUPT_HAL.elf.dir/Drivers/STM32F4xx_HAL_Driver/Src/stm32f4xx_hal_rcc.c.obj
                0x0000000008002394                HAL_RCC_ClockConfig
 .text.HAL_RCC_GetSysClockFreq
                0x0000000008002560      0x18c CMakeFiles/INTERRUPT_HAL.elf.dir/Drivers/STM32F4xx_HAL_Driver/Src/stm32f4xx_hal_rcc.c.obj
                0x0000000008002560                HAL_RCC_GetSysClockFreq
 .text.HAL_RCC_GetHCLKFreq
                0x00000000080026ec       0x14 CMakeFiles/INTERRUPT_HAL.elf.dir/Drivers/STM32F4xx_HAL_Driver/Src/stm32f4xx_hal_rcc.c.obj
                0x00000000080026ec                HAL_RCC_GetHCLKFreq
 .text.HAL_RCC_GetPCLK1Freq
                0x0000000008002700       0x28 CMakeFiles/INTERRUPT_HAL.elf.dir/Drivers/STM32F4xx_HAL_Driver/Src/stm32f4xx_hal_rcc.c.obj
                0x0000000008002700                HAL_RCC_GetPCLK1Freq
 .text.HAL_RCC_GetPCLK2Freq
                0x0000000008002728       0x28 CMakeFiles/INTERRUPT_HAL.elf.dir/Drivers/STM32F4xx_HAL_Driver/Src/stm32f4xx_hal_rcc.c.obj
                0x0000000008002728                HAL_RCC_GetPCLK2Freq
 .text.HAL_UART_Init
                0x0000000008002750       0x9a CMakeFiles/INTERRUPT_HAL.elf.dir/Drivers/STM32F4xx_HAL_Driver/Src/stm32f4xx_hal_uart.c.obj
                0x0000000008002750                HAL_UART_Init
 .text.HAL_UART_Transmit
                0x00000000080027ea      0x124 CMakeFiles/INTERRUPT_HAL.elf.dir/Drivers/STM32F4xx_HAL_Driver/Src/stm32f4xx_hal_uart.c.obj
                0x00000000080027ea                HAL_UART_Transmit
 .text.HAL_UART_Receive
                0x000000000800290e      0x144 CMakeFiles/INTERRUPT_HAL.elf.dir/Drivers/STM32F4xx_HAL_Driver/Src/stm32f4xx_hal_uart.c.obj
                0x000000000800290e                HAL_UART_Receive
 .text.UART_WaitOnFlagUntilTimeout
                0x0000000008002a52       0xdc CMakeFiles/INTERRUPT_HAL.elf.dir/Drivers/STM32F4xx_HAL_Driver/Src/stm32f4xx_hal_uart.c.obj
 *fill*         0x0000000008002b2e        0x2 
 .text.UART_SetConfig
                0x0000000008002b30      0x4f8 CMakeFiles/INTERRUPT_HAL.elf.dir/Drivers/STM32F4xx_HAL_Driver/Src/stm32f4xx_hal_uart.c.obj
 .text.__errno  0x0000000008003028        0xc /usr/local/Cellar/arm-none-eabi-gcc/10.3-2021.07/gcc/bin/../lib/gcc/arm-none-eabi/10.3.1/../../../../arm-none-eabi/lib/thumb/v7e-m/nofp/libg.a(lib_a-errno.o)
                0x0000000008003028                __errno
 .text.__libc_init_array
                0x0000000008003034       0x48 /usr/local/Cellar/arm-none-eabi-gcc/10.3-2021.07/gcc/bin/../lib/gcc/arm-none-eabi/10.3.1/../../../../arm-none-eabi/lib/thumb/v7e-m/nofp/libg.a(lib_a-init.o)
                0x0000000008003034                __libc_init_array
 .text.memset   0x000000000800307c       0xa4 /usr/local/Cellar/arm-none-eabi-gcc/10.3-2021.07/gcc/bin/../lib/gcc/arm-none-eabi/10.3.1/../../../../arm-none-eabi/lib/thumb/v7e-m/nofp/libg.a(lib_a-memset.o)
                0x000000000800307c                memset
 .text.printf   0x0000000008003120       0x28 /usr/local/Cellar/arm-none-eabi-gcc/10.3-2021.07/gcc/bin/../lib/gcc/arm-none-eabi/10.3.1/../../../../arm-none-eabi/lib/thumb/v7e-m/nofp/libg.a(lib_a-printf.o)
                0x0000000008003120                printf
 .text.setvbuf  0x0000000008003148      0x1b0 /usr/local/Cellar/arm-none-eabi-gcc/10.3-2021.07/gcc/bin/../lib/gcc/arm-none-eabi/10.3.1/../../../../arm-none-eabi/lib/thumb/v7e-m/nofp/libg.a(lib_a-setvbuf.o)
                0x0000000008003148                setvbuf
 .text._vfprintf_r
                0x00000000080032f8     0x1ad4 /usr/local/Cellar/arm-none-eabi-gcc/10.3-2021.07/gcc/bin/../lib/gcc/arm-none-eabi/10.3.1/../../../../arm-none-eabi/lib/thumb/v7e-m/nofp/libg.a(lib_a-vfprintf.o)
                0x00000000080032f8                _vfprintf_r
 .text.__sbprintf
                0x0000000008004dcc       0x80 /usr/local/Cellar/arm-none-eabi-gcc/10.3-2021.07/gcc/bin/../lib/gcc/arm-none-eabi/10.3.1/../../../../arm-none-eabi/lib/thumb/v7e-m/nofp/libg.a(lib_a-vfprintf.o)
 .text.__swsetup_r
                0x0000000008004e4c       0xd4 /usr/local/Cellar/arm-none-eabi-gcc/10.3-2021.07/gcc/bin/../lib/gcc/arm-none-eabi/10.3.1/../../../../arm-none-eabi/lib/thumb/v7e-m/nofp/libg.a(lib_a-wsetup.o)
                0x0000000008004e4c                __swsetup_r
 .text.startup.register_fini
                0x0000000008004f20       0x14 /usr/local/Cellar/arm-none-eabi-gcc/10.3-2021.07/gcc/bin/../lib/gcc/arm-none-eabi/10.3.1/../../../../arm-none-eabi/lib/thumb/v7e-m/nofp/libg.a(lib_a-__call_atexit.o)
 .text.atexit   0x0000000008004f34        0xc /usr/local/Cellar/arm-none-eabi-gcc/10.3-2021.07/gcc/bin/../lib/gcc/arm-none-eabi/10.3.1/../../../../arm-none-eabi/lib/thumb/v7e-m/nofp/libg.a(lib_a-atexit.o)
                0x0000000008004f34                atexit
 .text.quorem   0x0000000008004f40      0x124 /usr/local/Cellar/arm-none-eabi-gcc/10.3-2021.07/gcc/bin/../lib/gcc/arm-none-eabi/10.3.1/../../../../arm-none-eabi/lib/thumb/v7e-m/nofp/libg.a(lib_a-dtoa.o)
 *fill*         0x0000000008005064        0x4 
 .text._dtoa_r  0x0000000008005068      0xec4 /usr/local/Cellar/arm-none-eabi-gcc/10.3-2021.07/gcc/bin/../lib/gcc/arm-none-eabi/10.3.1/../../../../arm-none-eabi/lib/thumb/v7e-m/nofp/libg.a(lib_a-dtoa.o)
                0x0000000008005068                _dtoa_r
 .text.__sflush_r
                0x0000000008005f2c      0x120 /usr/local/Cellar/arm-none-eabi-gcc/10.3-2021.07/gcc/bin/../lib/gcc/arm-none-eabi/10.3.1/../../../../arm-none-eabi/lib/thumb/v7e-m/nofp/libg.a(lib_a-fflush.o)
                0x0000000008005f2c                __sflush_r
 .text._fflush_r
                0x000000000800604c       0x5c /usr/local/Cellar/arm-none-eabi-gcc/10.3-2021.07/gcc/bin/../lib/gcc/arm-none-eabi/10.3.1/../../../../arm-none-eabi/lib/thumb/v7e-m/nofp/libg.a(lib_a-fflush.o)
                0x000000000800604c                _fflush_r
 .text._cleanup_r
                0x00000000080060a8        0xc /usr/local/Cellar/arm-none-eabi-gcc/10.3-2021.07/gcc/bin/../lib/gcc/arm-none-eabi/10.3.1/../../../../arm-none-eabi/lib/thumb/v7e-m/nofp/libg.a(lib_a-findfp.o)
                0x00000000080060a8                _cleanup_r
 .text.__sinit  0x00000000080060b4      0x10c /usr/local/Cellar/arm-none-eabi-gcc/10.3-2021.07/gcc/bin/../lib/gcc/arm-none-eabi/10.3.1/../../../../arm-none-eabi/lib/thumb/v7e-m/nofp/libg.a(lib_a-findfp.o)
                0x00000000080060b4                __sinit
 .text.__sfp_lock_acquire
                0x00000000080061c0        0xc /usr/local/Cellar/arm-none-eabi-gcc/10.3-2021.07/gcc/bin/../lib/gcc/arm-none-eabi/10.3.1/../../../../arm-none-eabi/lib/thumb/v7e-m/nofp/libg.a(lib_a-findfp.o)
                0x00000000080061c0                __sfp_lock_acquire
 .text.__sfp_lock_release
                0x00000000080061cc        0xc /usr/local/Cellar/arm-none-eabi-gcc/10.3-2021.07/gcc/bin/../lib/gcc/arm-none-eabi/10.3.1/../../../../arm-none-eabi/lib/thumb/v7e-m/nofp/libg.a(lib_a-findfp.o)
                0x00000000080061cc                __sfp_lock_release
 .text.__libc_fini_array
                0x00000000080061d8       0x2c /usr/local/Cellar/arm-none-eabi-gcc/10.3-2021.07/gcc/bin/../lib/gcc/arm-none-eabi/10.3.1/../../../../arm-none-eabi/lib/thumb/v7e-m/nofp/libg.a(lib_a-fini.o)
                0x00000000080061d8                __libc_fini_array
 .text._malloc_trim_r
                0x0000000008006204       0xa0 /usr/local/Cellar/arm-none-eabi-gcc/10.3-2021.07/gcc/bin/../lib/gcc/arm-none-eabi/10.3.1/../../../../arm-none-eabi/lib/thumb/v7e-m/nofp/libg.a(lib_a-freer.o)
                0x0000000008006204                _malloc_trim_r
 .text._free_r  0x00000000080062a4      0x20c /usr/local/Cellar/arm-none-eabi-gcc/10.3-2021.07/gcc/bin/../lib/gcc/arm-none-eabi/10.3.1/../../../../arm-none-eabi/lib/thumb/v7e-m/nofp/libg.a(lib_a-freer.o)
                0x00000000080062a4                _free_r
 .text._fwalk_reent
                0x00000000080064b0       0x48 /usr/local/Cellar/arm-none-eabi-gcc/10.3-2021.07/gcc/bin/../lib/gcc/arm-none-eabi/10.3.1/../../../../arm-none-eabi/lib/thumb/v7e-m/nofp/libg.a(lib_a-fwalk.o)
                0x00000000080064b0                _fwalk_reent
 .text._localeconv_r
                0x00000000080064f8        0x8 /usr/local/Cellar/arm-none-eabi-gcc/10.3-2021.07/gcc/bin/../lib/gcc/arm-none-eabi/10.3.1/../../../../arm-none-eabi/lib/thumb/v7e-m/nofp/libg.a(lib_a-localeconv.o)
                0x00000000080064f8                _localeconv_r
 .text.__retarget_lock_init_recursive
                0x0000000008006500        0x4 /usr/local/Cellar/arm-none-eabi-gcc/10.3-2021.07/gcc/bin/../lib/gcc/arm-none-eabi/10.3.1/../../../../arm-none-eabi/lib/thumb/v7e-m/nofp/libg.a(lib_a-lock.o)
                0x0000000008006500                __retarget_lock_init_recursive
 .text.__retarget_lock_close_recursive
                0x0000000008006504        0x4 /usr/local/Cellar/arm-none-eabi-gcc/10.3-2021.07/gcc/bin/../lib/gcc/arm-none-eabi/10.3.1/../../../../arm-none-eabi/lib/thumb/v7e-m/nofp/libg.a(lib_a-lock.o)
                0x0000000008006504                __retarget_lock_close_recursive
 .text.__retarget_lock_acquire_recursive
                0x0000000008006508        0x4 /usr/local/Cellar/arm-none-eabi-gcc/10.3-2021.07/gcc/bin/../lib/gcc/arm-none-eabi/10.3.1/../../../../arm-none-eabi/lib/thumb/v7e-m/nofp/libg.a(lib_a-lock.o)
                0x0000000008006508                __retarget_lock_acquire_recursive
 .text.__retarget_lock_release_recursive
                0x000000000800650c        0x4 /usr/local/Cellar/arm-none-eabi-gcc/10.3-2021.07/gcc/bin/../lib/gcc/arm-none-eabi/10.3.1/../../../../arm-none-eabi/lib/thumb/v7e-m/nofp/libg.a(lib_a-lock.o)
                0x000000000800650c                __retarget_lock_release_recursive
 .text.__smakebuf_r
                0x0000000008006510       0xe0 /usr/local/Cellar/arm-none-eabi-gcc/10.3-2021.07/gcc/bin/../lib/gcc/arm-none-eabi/10.3.1/../../../../arm-none-eabi/lib/thumb/v7e-m/nofp/libg.a(lib_a-makebuf.o)
                0x0000000008006510                __smakebuf_r
 .text.__swhatbuf_r
                0x00000000080065f0       0x60 /usr/local/Cellar/arm-none-eabi-gcc/10.3-2021.07/gcc/bin/../lib/gcc/arm-none-eabi/10.3.1/../../../../arm-none-eabi/lib/thumb/v7e-m/nofp/libg.a(lib_a-makebuf.o)
                0x00000000080065f0                __swhatbuf_r
 .text.malloc   0x0000000008006650       0x10 /usr/local/Cellar/arm-none-eabi-gcc/10.3-2021.07/gcc/bin/../lib/gcc/arm-none-eabi/10.3.1/../../../../arm-none-eabi/lib/thumb/v7e-m/nofp/libg.a(lib_a-malloc.o)
                0x0000000008006650                malloc
 .text._malloc_r
                0x0000000008006660      0x560 /usr/local/Cellar/arm-none-eabi-gcc/10.3-2021.07/gcc/bin/../lib/gcc/arm-none-eabi/10.3.1/../../../../arm-none-eabi/lib/thumb/v7e-m/nofp/libg.a(lib_a-mallocr.o)
                0x0000000008006660                _malloc_r
 .text.__malloc_lock
                0x0000000008006bc0        0xc /usr/local/Cellar/arm-none-eabi-gcc/10.3-2021.07/gcc/bin/../lib/gcc/arm-none-eabi/10.3.1/../../../../arm-none-eabi/lib/thumb/v7e-m/nofp/libg.a(lib_a-mlock.o)
                0x0000000008006bc0                __malloc_lock
 .text.__malloc_unlock
                0x0000000008006bcc        0xc /usr/local/Cellar/arm-none-eabi-gcc/10.3-2021.07/gcc/bin/../lib/gcc/arm-none-eabi/10.3.1/../../../../arm-none-eabi/lib/thumb/v7e-m/nofp/libg.a(lib_a-mlock.o)
                0x0000000008006bcc                __malloc_unlock
 .text._Balloc  0x0000000008006bd8       0x4c /usr/local/Cellar/arm-none-eabi-gcc/10.3-2021.07/gcc/bin/../lib/gcc/arm-none-eabi/10.3.1/../../../../arm-none-eabi/lib/thumb/v7e-m/nofp/libg.a(lib_a-mprec.o)
                0x0000000008006bd8                _Balloc
 .text._Bfree   0x0000000008006c24       0x14 /usr/local/Cellar/arm-none-eabi-gcc/10.3-2021.07/gcc/bin/../lib/gcc/arm-none-eabi/10.3.1/../../../../arm-none-eabi/lib/thumb/v7e-m/nofp/libg.a(lib_a-mprec.o)
                0x0000000008006c24                _Bfree
 .text.__multadd
                0x0000000008006c38       0xa0 /usr/local/Cellar/arm-none-eabi-gcc/10.3-2021.07/gcc/bin/../lib/gcc/arm-none-eabi/10.3.1/../../../../arm-none-eabi/lib/thumb/v7e-m/nofp/libg.a(lib_a-mprec.o)
                0x0000000008006c38                __multadd
 .text.__hi0bits
                0x0000000008006cd8       0x40 /usr/local/Cellar/arm-none-eabi-gcc/10.3-2021.07/gcc/bin/../lib/gcc/arm-none-eabi/10.3.1/../../../../arm-none-eabi/lib/thumb/v7e-m/nofp/libg.a(lib_a-mprec.o)
                0x0000000008006cd8                __hi0bits
 .text.__lo0bits
                0x0000000008006d18       0x5c /usr/local/Cellar/arm-none-eabi-gcc/10.3-2021.07/gcc/bin/../lib/gcc/arm-none-eabi/10.3.1/../../../../arm-none-eabi/lib/thumb/v7e-m/nofp/libg.a(lib_a-mprec.o)
                0x0000000008006d18                __lo0bits
 .text.__i2b    0x0000000008006d74       0x5c /usr/local/Cellar/arm-none-eabi-gcc/10.3-2021.07/gcc/bin/../lib/gcc/arm-none-eabi/10.3.1/../../../../arm-none-eabi/lib/thumb/v7e-m/nofp/libg.a(lib_a-mprec.o)
                0x0000000008006d74                __i2b
 .text.__multiply
                0x0000000008006dd0      0x15c /usr/local/Cellar/arm-none-eabi-gcc/10.3-2021.07/gcc/bin/../lib/gcc/arm-none-eabi/10.3.1/../../../../arm-none-eabi/lib/thumb/v7e-m/nofp/libg.a(lib_a-mprec.o)
                0x0000000008006dd0                __multiply
 .text.__pow5mult
                0x0000000008006f2c       0xc0 /usr/local/Cellar/arm-none-eabi-gcc/10.3-2021.07/gcc/bin/../lib/gcc/arm-none-eabi/10.3.1/../../../../arm-none-eabi/lib/thumb/v7e-m/nofp/libg.a(lib_a-mprec.o)
                0x0000000008006f2c                __pow5mult
 .text.__lshift
                0x0000000008006fec       0xf0 /usr/local/Cellar/arm-none-eabi-gcc/10.3-2021.07/gcc/bin/../lib/gcc/arm-none-eabi/10.3.1/../../../../arm-none-eabi/lib/thumb/v7e-m/nofp/libg.a(lib_a-mprec.o)
                0x0000000008006fec                __lshift
 .text.__mcmp   0x00000000080070dc       0x40 /usr/local/Cellar/arm-none-eabi-gcc/10.3-2021.07/gcc/bin/../lib/gcc/arm-none-eabi/10.3.1/../../../../arm-none-eabi/lib/thumb/v7e-m/nofp/libg.a(lib_a-mprec.o)
                0x00000000080070dc                __mcmp
 .text.__mdiff  0x000000000800711c      0x14c /usr/local/Cellar/arm-none-eabi-gcc/10.3-2021.07/gcc/bin/../lib/gcc/arm-none-eabi/10.3.1/../../../../arm-none-eabi/lib/thumb/v7e-m/nofp/libg.a(lib_a-mprec.o)
                0x000000000800711c                __mdiff
 .text.__d2b    0x0000000008007268       0xc4 /usr/local/Cellar/arm-none-eabi-gcc/10.3-2021.07/gcc/bin/../lib/gcc/arm-none-eabi/10.3.1/../../../../arm-none-eabi/lib/thumb/v7e-m/nofp/libg.a(lib_a-mprec.o)
                0x0000000008007268                __d2b
 .text.frexp    0x000000000800732c       0x70 /usr/local/Cellar/arm-none-eabi-gcc/10.3-2021.07/gcc/bin/../lib/gcc/arm-none-eabi/10.3.1/../../../../arm-none-eabi/lib/thumb/v7e-m/nofp/libg.a(lib_a-s_frexp.o)
                0x000000000800732c                frexp
 .text._sbrk_r  0x000000000800739c       0x24 /usr/local/Cellar/arm-none-eabi-gcc/10.3-2021.07/gcc/bin/../lib/gcc/arm-none-eabi/10.3.1/../../../../arm-none-eabi/lib/thumb/v7e-m/nofp/libg.a(lib_a-sbrkr.o)
                0x000000000800739c                _sbrk_r
 .text.__sread  0x00000000080073c0       0x24 /usr/local/Cellar/arm-none-eabi-gcc/10.3-2021.07/gcc/bin/../lib/gcc/arm-none-eabi/10.3.1/../../../../arm-none-eabi/lib/thumb/v7e-m/nofp/libg.a(lib_a-stdio.o)
                0x00000000080073c0                __sread
 .text.__swrite
                0x00000000080073e4       0x40 /usr/local/Cellar/arm-none-eabi-gcc/10.3-2021.07/gcc/bin/../lib/gcc/arm-none-eabi/10.3.1/../../../../arm-none-eabi/lib/thumb/v7e-m/nofp/libg.a(lib_a-stdio.o)
                0x00000000080073e4                __swrite
 .text.__sseek  0x0000000008007424       0x20 /usr/local/Cellar/arm-none-eabi-gcc/10.3-2021.07/gcc/bin/../lib/gcc/arm-none-eabi/10.3.1/../../../../arm-none-eabi/lib/thumb/v7e-m/nofp/libg.a(lib_a-stdio.o)
                0x0000000008007424                __sseek
 .text.__sclose
                0x0000000008007444        0x8 /usr/local/Cellar/arm-none-eabi-gcc/10.3-2021.07/gcc/bin/../lib/gcc/arm-none-eabi/10.3.1/../../../../arm-none-eabi/lib/thumb/v7e-m/nofp/libg.a(lib_a-stdio.o)
                0x0000000008007444                __sclose
 .text.strncpy  0x000000000800744c       0x64 /usr/local/Cellar/arm-none-eabi-gcc/10.3-2021.07/gcc/bin/../lib/gcc/arm-none-eabi/10.3.1/../../../../arm-none-eabi/lib/thumb/v7e-m/nofp/libg.a(lib_a-strncpy.o)
                0x000000000800744c                strncpy
 .text.__sprint_r.part.0
                0x00000000080074b0       0x78 /usr/local/Cellar/arm-none-eabi-gcc/10.3-2021.07/gcc/bin/../lib/gcc/arm-none-eabi/10.3.1/../../../../arm-none-eabi/lib/thumb/v7e-m/nofp/libg.a(lib_a-vfiprintf.o)
 .text.__sprint_r
                0x0000000008007528       0x14 /usr/local/Cellar/arm-none-eabi-gcc/10.3-2021.07/gcc/bin/../lib/gcc/arm-none-eabi/10.3.1/../../../../arm-none-eabi/lib/thumb/v7e-m/nofp/libg.a(lib_a-vfiprintf.o)
                0x0000000008007528                __sprint_r
 .text._vfiprintf_r
                0x000000000800753c      0xda0 /usr/local/Cellar/arm-none-eabi-gcc/10.3-2021.07/gcc/bin/../lib/gcc/arm-none-eabi/10.3.1/../../../../arm-none-eabi/lib/thumb/v7e-m/nofp/libg.a(lib_a-vfiprintf.o)
                0x000000000800753c                _vfiprintf_r
 .text.__sbprintf
                0x00000000080082dc       0x80 /usr/local/Cellar/arm-none-eabi-gcc/10.3-2021.07/gcc/bin/../lib/gcc/arm-none-eabi/10.3.1/../../../../arm-none-eabi/lib/thumb/v7e-m/nofp/libg.a(lib_a-vfiprintf.o)
 .text._write_r
                0x000000000800835c       0x2c /usr/local/Cellar/arm-none-eabi-gcc/10.3-2021.07/gcc/bin/../lib/gcc/arm-none-eabi/10.3.1/../../../../arm-none-eabi/lib/thumb/v7e-m/nofp/libg.a(lib_a-writer.o)
                0x000000000800835c                _write_r
 .text.__register_exitproc
                0x0000000008008388       0x8c /usr/local/Cellar/arm-none-eabi-gcc/10.3-2021.07/gcc/bin/../lib/gcc/arm-none-eabi/10.3.1/../../../../arm-none-eabi/lib/thumb/v7e-m/nofp/libg.a(lib_a-__atexit.o)
                0x0000000008008388                __register_exitproc
 .text.__assert_func
                0x0000000008008414       0x40 /usr/local/Cellar/arm-none-eabi-gcc/10.3-2021.07/gcc/bin/../lib/gcc/arm-none-eabi/10.3.1/../../../../arm-none-eabi/lib/thumb/v7e-m/nofp/libg.a(lib_a-assert.o)
                0x0000000008008414                __assert_func
 .text._calloc_r
                0x0000000008008454       0x78 /usr/local/Cellar/arm-none-eabi-gcc/10.3-2021.07/gcc/bin/../lib/gcc/arm-none-eabi/10.3.1/../../../../arm-none-eabi/lib/thumb/v7e-m/nofp/libg.a(lib_a-callocr.o)
                0x0000000008008454                _calloc_r
 .text._close_r
                0x00000000080084cc       0x24 /usr/local/Cellar/arm-none-eabi-gcc/10.3-2021.07/gcc/bin/../lib/gcc/arm-none-eabi/10.3.1/../../../../arm-none-eabi/lib/thumb/v7e-m/nofp/libg.a(lib_a-closer.o)
                0x00000000080084cc                _close_r
 .text._fclose_r
                0x00000000080084f0       0xcc /usr/local/Cellar/arm-none-eabi-gcc/10.3-2021.07/gcc/bin/../lib/gcc/arm-none-eabi/10.3.1/../../../../arm-none-eabi/lib/thumb/v7e-m/nofp/libg.a(lib_a-fclose.o)
                0x00000000080084f0                _fclose_r
 .text.fiprintf
                0x00000000080085bc       0x28 /usr/local/Cellar/arm-none-eabi-gcc/10.3-2021.07/gcc/bin/../lib/gcc/arm-none-eabi/10.3.1/../../../../arm-none-eabi/lib/thumb/v7e-m/nofp/libg.a(lib_a-fiprintf.o)
                0x00000000080085bc                fiprintf
 .text.__fputwc
                0x00000000080085e4       0xa8 /usr/local/Cellar/arm-none-eabi-gcc/10.3-2021.07/gcc/bin/../lib/gcc/arm-none-eabi/10.3.1/../../../../arm-none-eabi/lib/thumb/v7e-m/nofp/libg.a(lib_a-fputwc.o)
                0x00000000080085e4                __fputwc
 .text._fputwc_r
                0x000000000800868c       0x68 /usr/local/Cellar/arm-none-eabi-gcc/10.3-2021.07/gcc/bin/../lib/gcc/arm-none-eabi/10.3.1/../../../../arm-none-eabi/lib/thumb/v7e-m/nofp/libg.a(lib_a-fputwc.o)
                0x000000000800868c                _fputwc_r
 .text._fstat_r
                0x00000000080086f4       0x2c /usr/local/Cellar/arm-none-eabi-gcc/10.3-2021.07/gcc/bin/../lib/gcc/arm-none-eabi/10.3.1/../../../../arm-none-eabi/lib/thumb/v7e-m/nofp/libg.a(lib_a-fstatr.o)
                0x00000000080086f4                _fstat_r
 .text.__sfvwrite_r
                0x0000000008008720      0x2e8 /usr/local/Cellar/arm-none-eabi-gcc/10.3-2021.07/gcc/bin/../lib/gcc/arm-none-eabi/10.3.1/../../../../arm-none-eabi/lib/thumb/v7e-m/nofp/libg.a(lib_a-fvwrite.o)
                0x0000000008008720                __sfvwrite_r
 .text._isatty_r
                0x0000000008008a08       0x24 /usr/local/Cellar/arm-none-eabi-gcc/10.3-2021.07/gcc/bin/../lib/gcc/arm-none-eabi/10.3.1/../../../../arm-none-eabi/lib/thumb/v7e-m/nofp/libg.a(lib_a-isattyr.o)
                0x0000000008008a08                _isatty_r
 .text.__locale_mb_cur_max
                0x0000000008008a2c        0xc /usr/local/Cellar/arm-none-eabi-gcc/10.3-2021.07/gcc/bin/../lib/gcc/arm-none-eabi/10.3.1/../../../../arm-none-eabi/lib/thumb/v7e-m/nofp/libg.a(lib_a-locale.o)
                0x0000000008008a2c                __locale_mb_cur_max
 .text._lseek_r
                0x0000000008008a38       0x2c /usr/local/Cellar/arm-none-eabi-gcc/10.3-2021.07/gcc/bin/../lib/gcc/arm-none-eabi/10.3.1/../../../../arm-none-eabi/lib/thumb/v7e-m/nofp/libg.a(lib_a-lseekr.o)
                0x0000000008008a38                _lseek_r
 .text.__ascii_mbtowc
                0x0000000008008a64       0x2c /usr/local/Cellar/arm-none-eabi-gcc/10.3-2021.07/gcc/bin/../lib/gcc/arm-none-eabi/10.3.1/../../../../arm-none-eabi/lib/thumb/v7e-m/nofp/libg.a(lib_a-mbtowc_r.o)
                0x0000000008008a64                __ascii_mbtowc
 .text.memmove  0x0000000008008a90       0xf8 /usr/local/Cellar/arm-none-eabi-gcc/10.3-2021.07/gcc/bin/../lib/gcc/arm-none-eabi/10.3.1/../../../../arm-none-eabi/lib/thumb/v7e-m/nofp/libg.a(lib_a-memmove.o)
                0x0000000008008a90                memmove
 .text._read_r  0x0000000008008b88       0x2c /usr/local/Cellar/arm-none-eabi-gcc/10.3-2021.07/gcc/bin/../lib/gcc/arm-none-eabi/10.3.1/../../../../arm-none-eabi/lib/thumb/v7e-m/nofp/libg.a(lib_a-readr.o)
                0x0000000008008b88                _read_r
 .text._realloc_r
                0x0000000008008bb4      0x3d8 /usr/local/Cellar/arm-none-eabi-gcc/10.3-2021.07/gcc/bin/../lib/gcc/arm-none-eabi/10.3.1/../../../../arm-none-eabi/lib/thumb/v7e-m/nofp/libg.a(lib_a-reallocr.o)
                0x0000000008008bb4                _realloc_r
 .text.__swbuf_r
                0x0000000008008f8c       0xb0 /usr/local/Cellar/arm-none-eabi-gcc/10.3-2021.07/gcc/bin/../lib/gcc/arm-none-eabi/10.3.1/../../../../arm-none-eabi/lib/thumb/v7e-m/nofp/libg.a(lib_a-wbuf.o)
                0x0000000008008f8c                __swbuf_r
 .text._wcrtomb_r
                0x000000000800903c       0x3c /usr/local/Cellar/arm-none-eabi-gcc/10.3-2021.07/gcc/bin/../lib/gcc/arm-none-eabi/10.3.1/../../../../arm-none-eabi/lib/thumb/v7e-m/nofp/libg.a(lib_a-wcrtomb.o)
                0x000000000800903c                _wcrtomb_r
 .text.__ascii_wctomb
                0x0000000008009078       0x1c /usr/local/Cellar/arm-none-eabi-gcc/10.3-2021.07/gcc/bin/../lib/gcc/arm-none-eabi/10.3.1/../../../../arm-none-eabi/lib/thumb/v7e-m/nofp/libg.a(lib_a-wctomb_r.o)
                0x0000000008009078                __ascii_wctomb
 .text.abort    0x0000000008009094       0x10 /usr/local/Cellar/arm-none-eabi-gcc/10.3-2021.07/gcc/bin/../lib/gcc/arm-none-eabi/10.3.1/../../../../arm-none-eabi/lib/thumb/v7e-m/nofp/libg.a(lib_a-abort.o)
                0x0000000008009094                abort
 .text.raise    0x00000000080090a4       0x5c /usr/local/Cellar/arm-none-eabi-gcc/10.3-2021.07/gcc/bin/../lib/gcc/arm-none-eabi/10.3.1/../../../../arm-none-eabi/lib/thumb/v7e-m/nofp/libg.a(lib_a-signal.o)
                0x00000000080090a4                raise
 .text._kill_r  0x0000000008009100       0x2c /usr/local/Cellar/arm-none-eabi-gcc/10.3-2021.07/gcc/bin/../lib/gcc/arm-none-eabi/10.3.1/../../../../arm-none-eabi/lib/thumb/v7e-m/nofp/libg.a(lib_a-signalr.o)
                0x0000000008009100                _kill_r
 .text._getpid_r
                0x000000000800912c        0x4 /usr/local/Cellar/arm-none-eabi-gcc/10.3-2021.07/gcc/bin/../lib/gcc/arm-none-eabi/10.3.1/../../../../arm-none-eabi/lib/thumb/v7e-m/nofp/libg.a(lib_a-signalr.o)
                0x000000000800912c                _getpid_r
 *(.glue_7)
 .glue_7        0x0000000008009130        0x0 linker stubs
 *(.glue_7t)
 .glue_7t       0x0000000008009130        0x0 linker stubs
 *(.eh_frame)
 .eh_frame      0x0000000008009130        0x0 /usr/local/Cellar/arm-none-eabi-gcc/10.3-2021.07/gcc/bin/../lib/gcc/arm-none-eabi/10.3.1/thumb/v7e-m/nofp/crtbegin.o
 *(.init)
 .init          0x0000000008009130        0x4 /usr/local/Cellar/arm-none-eabi-gcc/10.3-2021.07/gcc/bin/../lib/gcc/arm-none-eabi/10.3.1/thumb/v7e-m/nofp/crti.o
                0x0000000008009130                _init
 .init          0x0000000008009134        0x8 /usr/local/Cellar/arm-none-eabi-gcc/10.3-2021.07/gcc/bin/../lib/gcc/arm-none-eabi/10.3.1/thumb/v7e-m/nofp/crtn.o
 *(.fini)
 .fini          0x000000000800913c        0x4 /usr/local/Cellar/arm-none-eabi-gcc/10.3-2021.07/gcc/bin/../lib/gcc/arm-none-eabi/10.3.1/thumb/v7e-m/nofp/crti.o
                0x000000000800913c                _fini
 .fini          0x0000000008009140        0x8 /usr/local/Cellar/arm-none-eabi-gcc/10.3-2021.07/gcc/bin/../lib/gcc/arm-none-eabi/10.3.1/thumb/v7e-m/nofp/crtn.o
                0x0000000008009148                . = ALIGN (0x4)
                0x0000000008009148                _etext = .

.vfp11_veneer   0x0000000008009148        0x0
 .vfp11_veneer  0x0000000008009148        0x0 linker stubs

.v4_bx          0x0000000008009148        0x0
 .v4_bx         0x0000000008009148        0x0 linker stubs

.iplt           0x0000000008009148        0x0
 .iplt          0x0000000008009148        0x0 /usr/local/Cellar/arm-none-eabi-gcc/10.3-2021.07/gcc/bin/../lib/gcc/arm-none-eabi/10.3.1/thumb/v7e-m/nofp/crtbegin.o

.rodata         0x0000000008009148      0x3d8
                0x0000000008009148                . = ALIGN (0x4)
 *(.rodata)
 .rodata        0x0000000008009148        0x5 CMakeFiles/INTERRUPT_HAL.elf.dir/Core/Src/main.c.obj
 *(.rodata*)
 *fill*         0x000000000800914d        0x3 
 .rodata.AHBPrescTable
                0x0000000008009150       0x10 CMakeFiles/INTERRUPT_HAL.elf.dir/Core/Src/system_stm32f4xx.c.obj
                0x0000000008009150                AHBPrescTable
 .rodata.APBPrescTable
                0x0000000008009160        0x8 CMakeFiles/INTERRUPT_HAL.elf.dir/Core/Src/system_stm32f4xx.c.obj
                0x0000000008009160                APBPrescTable
 .rodata._global_impure_ptr
                0x0000000008009168        0x4 /usr/local/Cellar/arm-none-eabi-gcc/10.3-2021.07/gcc/bin/../lib/gcc/arm-none-eabi/10.3.1/../../../../arm-none-eabi/lib/thumb/v7e-m/nofp/libg.a(lib_a-impure.o)
                0x0000000008009168                _global_impure_ptr
 .rodata._vfprintf_r.str1.4
                0x000000000800916c       0x42 /usr/local/Cellar/arm-none-eabi-gcc/10.3-2021.07/gcc/bin/../lib/gcc/arm-none-eabi/10.3.1/../../../../arm-none-eabi/lib/thumb/v7e-m/nofp/libg.a(lib_a-vfprintf.o)
 *fill*         0x00000000080091ae        0x2 
 .rodata.blanks.1
                0x00000000080091b0       0x10 /usr/local/Cellar/arm-none-eabi-gcc/10.3-2021.07/gcc/bin/../lib/gcc/arm-none-eabi/10.3.1/../../../../arm-none-eabi/lib/thumb/v7e-m/nofp/libg.a(lib_a-vfprintf.o)
 .rodata.zeroes.0
                0x00000000080091c0       0x10 /usr/local/Cellar/arm-none-eabi-gcc/10.3-2021.07/gcc/bin/../lib/gcc/arm-none-eabi/10.3.1/../../../../arm-none-eabi/lib/thumb/v7e-m/nofp/libg.a(lib_a-vfprintf.o)
 .rodata._dtoa_r.str1.4
                0x00000000080091d0       0x7e /usr/local/Cellar/arm-none-eabi-gcc/10.3-2021.07/gcc/bin/../lib/gcc/arm-none-eabi/10.3.1/../../../../arm-none-eabi/lib/thumb/v7e-m/nofp/libg.a(lib_a-dtoa.o)
                                         0x82 (size before relaxing)
 *fill*         0x000000000800924e        0x2 
 .rodata.__multadd.str1.4
                0x0000000008009250       0x5b /usr/local/Cellar/arm-none-eabi-gcc/10.3-2021.07/gcc/bin/../lib/gcc/arm-none-eabi/10.3.1/../../../../arm-none-eabi/lib/thumb/v7e-m/nofp/libg.a(lib_a-mprec.o)
                                         0x6f (size before relaxing)
 *fill*         0x00000000080092ab        0x5 
 .rodata.__mprec_bigtens
                0x00000000080092b0       0x28 /usr/local/Cellar/arm-none-eabi-gcc/10.3-2021.07/gcc/bin/../lib/gcc/arm-none-eabi/10.3.1/../../../../arm-none-eabi/lib/thumb/v7e-m/nofp/libg.a(lib_a-mprec.o)
                0x00000000080092b0                __mprec_bigtens
 .rodata.__mprec_tens
                0x00000000080092d8       0xc8 /usr/local/Cellar/arm-none-eabi-gcc/10.3-2021.07/gcc/bin/../lib/gcc/arm-none-eabi/10.3.1/../../../../arm-none-eabi/lib/thumb/v7e-m/nofp/libg.a(lib_a-mprec.o)
                0x00000000080092d8                __mprec_tens
 .rodata.p05.0  0x00000000080093a0        0xc /usr/local/Cellar/arm-none-eabi-gcc/10.3-2021.07/gcc/bin/../lib/gcc/arm-none-eabi/10.3.1/../../../../arm-none-eabi/lib/thumb/v7e-m/nofp/libg.a(lib_a-mprec.o)
 .rodata._vfiprintf_r.str1.4
                0x00000000080093ac       0x2f /usr/local/Cellar/arm-none-eabi-gcc/10.3-2021.07/gcc/bin/../lib/gcc/arm-none-eabi/10.3.1/../../../../arm-none-eabi/lib/thumb/v7e-m/nofp/libg.a(lib_a-vfiprintf.o)
 .rodata.blanks.1
                0x00000000080093ac       0x10 /usr/local/Cellar/arm-none-eabi-gcc/10.3-2021.07/gcc/bin/../lib/gcc/arm-none-eabi/10.3.1/../../../../arm-none-eabi/lib/thumb/v7e-m/nofp/libg.a(lib_a-vfiprintf.o)
 .rodata.zeroes.0
                0x00000000080093bc       0x10 /usr/local/Cellar/arm-none-eabi-gcc/10.3-2021.07/gcc/bin/../lib/gcc/arm-none-eabi/10.3.1/../../../../arm-none-eabi/lib/thumb/v7e-m/nofp/libg.a(lib_a-vfiprintf.o)
 .rodata.__assert_func.str1.4
                0x00000000080093cc       0x3f /usr/local/Cellar/arm-none-eabi-gcc/10.3-2021.07/gcc/bin/../lib/gcc/arm-none-eabi/10.3.1/../../../../arm-none-eabi/lib/thumb/v7e-m/nofp/libg.a(lib_a-assert.o)
                                         0x43 (size before relaxing)
 *fill*         0x000000000800940b        0x1 
 .rodata._setlocale_r.str1.4
                0x000000000800940c        0xa /usr/local/Cellar/arm-none-eabi-gcc/10.3-2021.07/gcc/bin/../lib/gcc/arm-none-eabi/10.3.1/../../../../arm-none-eabi/lib/thumb/v7e-m/nofp/libg.a(lib_a-locale.o)
                                          0xd (size before relaxing)
 *fill*         0x0000000008009416        0x2 
 .rodata.str1.4
                0x0000000008009418        0x2 /usr/local/Cellar/arm-none-eabi-gcc/10.3-2021.07/gcc/bin/../lib/gcc/arm-none-eabi/10.3.1/../../../../arm-none-eabi/lib/thumb/v7e-m/nofp/libg.a(lib_a-locale.o)
 *fill*         0x000000000800941a        0x2 
 .rodata._ctype_
                0x000000000800941c      0x101 /usr/local/Cellar/arm-none-eabi-gcc/10.3-2021.07/gcc/bin/../lib/gcc/arm-none-eabi/10.3.1/../../../../arm-none-eabi/lib/thumb/v7e-m/nofp/libg.a(lib_a-ctype_.o)
                0x000000000800941c                _ctype_
                0x0000000008009520                . = ALIGN (0x4)
 *fill*         0x000000000800951d        0x3 

.ARM.extab      0x0000000008009520        0x0
                0x0000000008009520                . = ALIGN (0x4)
 *(.ARM.extab* .gnu.linkonce.armextab.*)
                0x0000000008009520                . = ALIGN (0x4)

.ARM            0x0000000008009520        0x8
                0x0000000008009520                . = ALIGN (0x4)
                0x0000000008009520                __exidx_start = .
 *(.ARM.exidx*)
 .ARM.exidx     0x0000000008009520        0x8 /usr/local/Cellar/arm-none-eabi-gcc/10.3-2021.07/gcc/bin/../lib/gcc/arm-none-eabi/10.3.1/thumb/v7e-m/nofp/libgcc.a(_udivmoddi4.o)
                0x0000000008009528                __exidx_end = .
                0x0000000008009528                . = ALIGN (0x4)

.rel.dyn        0x0000000008009528        0x0
 .rel.iplt      0x0000000008009528        0x0 /usr/local/Cellar/arm-none-eabi-gcc/10.3-2021.07/gcc/bin/../lib/gcc/arm-none-eabi/10.3.1/thumb/v7e-m/nofp/crtbegin.o

.preinit_array  0x0000000008009528        0x0
                0x0000000008009528                . = ALIGN (0x4)
                0x0000000008009528                PROVIDE (__preinit_array_start = .)
 *(.preinit_array*)
                0x0000000008009528                PROVIDE (__preinit_array_end = .)
                0x0000000008009528                . = ALIGN (0x4)

.init_array     0x0000000008009528        0x8
                0x0000000008009528                . = ALIGN (0x4)
                0x0000000008009528                PROVIDE (__init_array_start = .)
 *(SORT_BY_NAME(.init_array.*))
 .init_array.00000
                0x0000000008009528        0x4 /usr/local/Cellar/arm-none-eabi-gcc/10.3-2021.07/gcc/bin/../lib/gcc/arm-none-eabi/10.3.1/../../../../arm-none-eabi/lib/thumb/v7e-m/nofp/libg.a(lib_a-__call_atexit.o)
 *(.init_array*)
 .init_array    0x000000000800952c        0x4 /usr/local/Cellar/arm-none-eabi-gcc/10.3-2021.07/gcc/bin/../lib/gcc/arm-none-eabi/10.3.1/thumb/v7e-m/nofp/crtbegin.o
                0x0000000008009530                PROVIDE (__init_array_end = .)
                0x0000000008009530                . = ALIGN (0x4)

.fini_array     0x0000000008009530        0x4
                0x0000000008009530                . = ALIGN (0x4)
                0x0000000008009530                PROVIDE (__fini_array_start = .)
 *(SORT_BY_NAME(.fini_array.*))
 *(.fini_array*)
 .fini_array    0x0000000008009530        0x4 /usr/local/Cellar/arm-none-eabi-gcc/10.3-2021.07/gcc/bin/../lib/gcc/arm-none-eabi/10.3.1/thumb/v7e-m/nofp/crtbegin.o
                0x0000000008009534                PROVIDE (__fini_array_end = .)
                0x0000000008009534                . = ALIGN (0x4)
                0x0000000008009534                _sidata = LOADADDR (.data)

.data           0x0000000020000000      0x9b8 load address 0x0000000008009534
                0x0000000020000000                . = ALIGN (0x4)
                0x0000000020000000                _sdata = .
 *(.data)
 *(.data*)
 .data.SystemCoreClock
                0x0000000020000000        0x4 CMakeFiles/INTERRUPT_HAL.elf.dir/Core/Src/system_stm32f4xx.c.obj
                0x0000000020000000                SystemCoreClock
 .data.uwTickPrio
                0x0000000020000004        0x4 CMakeFiles/INTERRUPT_HAL.elf.dir/Drivers/STM32F4xx_HAL_Driver/Src/stm32f4xx_hal.c.obj
                0x0000000020000004                uwTickPrio
 .data.uwTickFreq
                0x0000000020000008        0x1 CMakeFiles/INTERRUPT_HAL.elf.dir/Drivers/STM32F4xx_HAL_Driver/Src/stm32f4xx_hal.c.obj
                0x0000000020000008                uwTickFreq
 *fill*         0x0000000020000009        0x3 
 .data._impure_ptr
                0x000000002000000c        0x4 /usr/local/Cellar/arm-none-eabi-gcc/10.3-2021.07/gcc/bin/../lib/gcc/arm-none-eabi/10.3.1/../../../../arm-none-eabi/lib/thumb/v7e-m/nofp/libg.a(lib_a-impure.o)
                0x000000002000000c                _impure_ptr
 .data.impure_data
                0x0000000020000010      0x428 /usr/local/Cellar/arm-none-eabi-gcc/10.3-2021.07/gcc/bin/../lib/gcc/arm-none-eabi/10.3.1/../../../../arm-none-eabi/lib/thumb/v7e-m/nofp/libg.a(lib_a-impure.o)
 .data.__atexit_recursive_mutex
                0x0000000020000438        0x4 /usr/local/Cellar/arm-none-eabi-gcc/10.3-2021.07/gcc/bin/../lib/gcc/arm-none-eabi/10.3.1/../../../../arm-none-eabi/lib/thumb/v7e-m/nofp/libg.a(lib_a-__call_atexit.o)
                0x0000000020000438                __atexit_recursive_mutex
 .data.__malloc_av_
                0x000000002000043c      0x408 /usr/local/Cellar/arm-none-eabi-gcc/10.3-2021.07/gcc/bin/../lib/gcc/arm-none-eabi/10.3.1/../../../../arm-none-eabi/lib/thumb/v7e-m/nofp/libg.a(lib_a-mallocr.o)
                0x000000002000043c                __malloc_av_
 .data.__malloc_sbrk_base
                0x0000000020000844        0x4 /usr/local/Cellar/arm-none-eabi-gcc/10.3-2021.07/gcc/bin/../lib/gcc/arm-none-eabi/10.3.1/../../../../arm-none-eabi/lib/thumb/v7e-m/nofp/libg.a(lib_a-mallocr.o)
                0x0000000020000844                __malloc_sbrk_base
 .data.__malloc_trim_threshold
                0x0000000020000848        0x4 /usr/local/Cellar/arm-none-eabi-gcc/10.3-2021.07/gcc/bin/../lib/gcc/arm-none-eabi/10.3.1/../../../../arm-none-eabi/lib/thumb/v7e-m/nofp/libg.a(lib_a-mallocr.o)
                0x0000000020000848                __malloc_trim_threshold
 .data.__global_locale
                0x000000002000084c      0x16c /usr/local/Cellar/arm-none-eabi-gcc/10.3-2021.07/gcc/bin/../lib/gcc/arm-none-eabi/10.3.1/../../../../arm-none-eabi/lib/thumb/v7e-m/nofp/libg.a(lib_a-locale.o)
                0x000000002000084c                __global_locale
 *(.RamFunc)
 *(.RamFunc*)
                0x00000000200009b8                . = ALIGN (0x4)
                0x00000000200009b8                _edata = .
                0x0000000008009eec                _siccmram = LOADADDR (.ccmram)

.igot.plt       0x00000000200009b8        0x0 load address 0x0000000008009eec
 .igot.plt      0x00000000200009b8        0x0 /usr/local/Cellar/arm-none-eabi-gcc/10.3-2021.07/gcc/bin/../lib/gcc/arm-none-eabi/10.3.1/thumb/v7e-m/nofp/crtbegin.o

.ccmram         0x0000000010000000        0x0 load address 0x0000000008009eec
                0x0000000010000000                . = ALIGN (0x4)
                0x0000000010000000                _sccmram = .
 *(.ccmram)
 *(.ccmram*)
                0x0000000010000000                . = ALIGN (0x4)
                0x0000000010000000                _eccmram = .
                0x0000000010000000                . = ALIGN (0x4)

.bss            0x00000000200009b8       0xb4
                0x00000000200009b8                _sbss = .
                0x00000000200009b8                __bss_start__ = _sbss
 *(.bss)
 .bss           0x00000000200009b8       0x1c /usr/local/Cellar/arm-none-eabi-gcc/10.3-2021.07/gcc/bin/../lib/gcc/arm-none-eabi/10.3.1/thumb/v7e-m/nofp/crtbegin.o
 *(.bss*)
 .bss.gHuart    0x00000000200009d4        0x4 CMakeFiles/INTERRUPT_HAL.elf.dir/Core/Src/retarget.c.obj
                0x00000000200009d4                gHuart
 .bss.__sbrk_heap_end
                0x00000000200009d8        0x4 CMakeFiles/INTERRUPT_HAL.elf.dir/Core/Src/sysmem.c.obj
 .bss.huart1    0x00000000200009dc       0x44 CMakeFiles/INTERRUPT_HAL.elf.dir/Core/Src/usart.c.obj
                0x00000000200009dc                huart1
 .bss.uwTick    0x0000000020000a20        0x4 CMakeFiles/INTERRUPT_HAL.elf.dir/Drivers/STM32F4xx_HAL_Driver/Src/stm32f4xx_hal.c.obj
                0x0000000020000a20                uwTick
 .bss.__lock___atexit_recursive_mutex
                0x0000000020000a24        0x1 /usr/local/Cellar/arm-none-eabi-gcc/10.3-2021.07/gcc/bin/../lib/gcc/arm-none-eabi/10.3.1/../../../../arm-none-eabi/lib/thumb/v7e-m/nofp/libg.a(lib_a-lock.o)
                0x0000000020000a24                __lock___atexit_recursive_mutex
 *fill*         0x0000000020000a25        0x3 
 .bss.__lock___malloc_recursive_mutex
                0x0000000020000a28        0x1 /usr/local/Cellar/arm-none-eabi-gcc/10.3-2021.07/gcc/bin/../lib/gcc/arm-none-eabi/10.3.1/../../../../arm-none-eabi/lib/thumb/v7e-m/nofp/libg.a(lib_a-lock.o)
                0x0000000020000a28                __lock___malloc_recursive_mutex
 *fill*         0x0000000020000a29        0x3 
 .bss.__lock___sfp_recursive_mutex
                0x0000000020000a2c        0x1 /usr/local/Cellar/arm-none-eabi-gcc/10.3-2021.07/gcc/bin/../lib/gcc/arm-none-eabi/10.3.1/../../../../arm-none-eabi/lib/thumb/v7e-m/nofp/libg.a(lib_a-lock.o)
                0x0000000020000a2c                __lock___sfp_recursive_mutex
 *fill*         0x0000000020000a2d        0x3 
 .bss.__lock___sinit_recursive_mutex
                0x0000000020000a30        0x1 /usr/local/Cellar/arm-none-eabi-gcc/10.3-2021.07/gcc/bin/../lib/gcc/arm-none-eabi/10.3.1/../../../../arm-none-eabi/lib/thumb/v7e-m/nofp/libg.a(lib_a-lock.o)
                0x0000000020000a30                __lock___sinit_recursive_mutex
 *fill*         0x0000000020000a31        0x3 
 .bss.__malloc_current_mallinfo
                0x0000000020000a34       0x28 /usr/local/Cellar/arm-none-eabi-gcc/10.3-2021.07/gcc/bin/../lib/gcc/arm-none-eabi/10.3.1/../../../../arm-none-eabi/lib/thumb/v7e-m/nofp/libg.a(lib_a-mallocr.o)
                0x0000000020000a34                __malloc_current_mallinfo
 .bss.__malloc_max_sbrked_mem
                0x0000000020000a5c        0x4 /usr/local/Cellar/arm-none-eabi-gcc/10.3-2021.07/gcc/bin/../lib/gcc/arm-none-eabi/10.3.1/../../../../arm-none-eabi/lib/thumb/v7e-m/nofp/libg.a(lib_a-mallocr.o)
                0x0000000020000a5c                __malloc_max_sbrked_mem
 .bss.__malloc_max_total_mem
                0x0000000020000a60        0x4 /usr/local/Cellar/arm-none-eabi-gcc/10.3-2021.07/gcc/bin/../lib/gcc/arm-none-eabi/10.3.1/../../../../arm-none-eabi/lib/thumb/v7e-m/nofp/libg.a(lib_a-mallocr.o)
                0x0000000020000a60                __malloc_max_total_mem
 .bss.__malloc_top_pad
                0x0000000020000a64        0x4 /usr/local/Cellar/arm-none-eabi-gcc/10.3-2021.07/gcc/bin/../lib/gcc/arm-none-eabi/10.3.1/../../../../arm-none-eabi/lib/thumb/v7e-m/nofp/libg.a(lib_a-mallocr.o)
                0x0000000020000a64                __malloc_top_pad
 .bss.errno     0x0000000020000a68        0x4 /usr/local/Cellar/arm-none-eabi-gcc/10.3-2021.07/gcc/bin/../lib/gcc/arm-none-eabi/10.3.1/../../../../arm-none-eabi/lib/thumb/v7e-m/nofp/libg.a(lib_a-reent.o)
                0x0000000020000a68                errno
 *(COMMON)
                0x0000000020000a6c                . = ALIGN (0x4)
                0x0000000020000a6c                _ebss = .
                0x0000000020000a6c                __bss_end__ = _ebss

._user_heap_stack
                0x0000000020000a6c      0x604
                0x0000000020000a70                . = ALIGN (0x8)
 *fill*         0x0000000020000a6c        0x4 
                [!provide]                        PROVIDE (end = .)
                0x0000000020000a70                PROVIDE (_end = .)
                0x0000000020000c70                . = (. + _Min_Heap_Size)
 *fill*         0x0000000020000a70      0x200 
                0x0000000020001070                . = (. + _Min_Stack_Size)
 *fill*         0x0000000020000c70      0x400 
                0x0000000020001070                . = ALIGN (0x8)

/DISCARD/
 libc.a(*)
 libm.a(*)
 libgcc.a(*)

.ARM.attributes
                0x0000000000000000       0x2a
 *(.ARM.attributes)
 .ARM.attributes
                0x0000000000000000       0x1e /usr/local/Cellar/arm-none-eabi-gcc/10.3-2021.07/gcc/bin/../lib/gcc/arm-none-eabi/10.3.1/thumb/v7e-m/nofp/crti.o
 .ARM.attributes
                0x000000000000001e       0x2e /usr/local/Cellar/arm-none-eabi-gcc/10.3-2021.07/gcc/bin/../lib/gcc/arm-none-eabi/10.3.1/thumb/v7e-m/nofp/crtbegin.o
 .ARM.attributes
                0x000000000000004c       0x2e CMakeFiles/INTERRUPT_HAL.elf.dir/Core/Src/gpio.c.obj
 .ARM.attributes
                0x000000000000007a       0x2e CMakeFiles/INTERRUPT_HAL.elf.dir/Core/Src/main.c.obj
 .ARM.attributes
                0x00000000000000a8       0x2e CMakeFiles/INTERRUPT_HAL.elf.dir/Core/Src/retarget.c.obj
 .ARM.attributes
                0x00000000000000d6       0x2e CMakeFiles/INTERRUPT_HAL.elf.dir/Core/Src/stm32f4xx_hal_msp.c.obj
 .ARM.attributes
                0x0000000000000104       0x2e CMakeFiles/INTERRUPT_HAL.elf.dir/Core/Src/stm32f4xx_it.c.obj
 .ARM.attributes
                0x0000000000000132       0x2e CMakeFiles/INTERRUPT_HAL.elf.dir/Core/Src/syscalls.c.obj
 .ARM.attributes
                0x0000000000000160       0x2e CMakeFiles/INTERRUPT_HAL.elf.dir/Core/Src/sysmem.c.obj
 .ARM.attributes
                0x000000000000018e       0x2e CMakeFiles/INTERRUPT_HAL.elf.dir/Core/Src/system_stm32f4xx.c.obj
 .ARM.attributes
                0x00000000000001bc       0x2e CMakeFiles/INTERRUPT_HAL.elf.dir/Core/Src/usart.c.obj
 .ARM.attributes
                0x00000000000001ea       0x21 CMakeFiles/INTERRUPT_HAL.elf.dir/Core/Startup/startup_stm32f407zgtx.s.obj
 .ARM.attributes
                0x000000000000020b       0x2e CMakeFiles/INTERRUPT_HAL.elf.dir/Drivers/BSP/Src/exti.c.obj
 .ARM.attributes
                0x0000000000000239       0x2e CMakeFiles/INTERRUPT_HAL.elf.dir/Drivers/BSP/Src/led.c.obj
 .ARM.attributes
                0x0000000000000267       0x2e CMakeFiles/INTERRUPT_HAL.elf.dir/Drivers/STM32F4xx_HAL_Driver/Src/stm32f4xx_hal.c.obj
 .ARM.attributes
                0x0000000000000295       0x2e CMakeFiles/INTERRUPT_HAL.elf.dir/Drivers/STM32F4xx_HAL_Driver/Src/stm32f4xx_hal_cortex.c.obj
 .ARM.attributes
                0x00000000000002c3       0x2e CMakeFiles/INTERRUPT_HAL.elf.dir/Drivers/STM32F4xx_HAL_Driver/Src/stm32f4xx_hal_gpio.c.obj
 .ARM.attributes
                0x00000000000002f1       0x2e CMakeFiles/INTERRUPT_HAL.elf.dir/Drivers/STM32F4xx_HAL_Driver/Src/stm32f4xx_hal_rcc.c.obj
 .ARM.attributes
                0x000000000000031f       0x2e CMakeFiles/INTERRUPT_HAL.elf.dir/Drivers/STM32F4xx_HAL_Driver/Src/stm32f4xx_hal_uart.c.obj
 .ARM.attributes
                0x000000000000034d       0x1e /usr/local/Cellar/arm-none-eabi-gcc/10.3-2021.07/gcc/bin/../lib/gcc/arm-none-eabi/10.3.1/thumb/v7e-m/nofp/libgcc.a(_aeabi_uldivmod.o)
 .ARM.attributes
                0x000000000000036b       0x2e /usr/local/Cellar/arm-none-eabi-gcc/10.3-2021.07/gcc/bin/../lib/gcc/arm-none-eabi/10.3.1/thumb/v7e-m/nofp/libgcc.a(_udivmoddi4.o)
 .ARM.attributes
                0x0000000000000399       0x1e /usr/local/Cellar/arm-none-eabi-gcc/10.3-2021.07/gcc/bin/../lib/gcc/arm-none-eabi/10.3.1/thumb/v7e-m/nofp/libgcc.a(_dvmd_tls.o)
 .ARM.attributes
                0x00000000000003b7       0x2e /usr/local/Cellar/arm-none-eabi-gcc/10.3-2021.07/gcc/bin/../lib/gcc/arm-none-eabi/10.3.1/../../../../arm-none-eabi/lib/thumb/v7e-m/nofp/libg.a(lib_a-errno.o)
 .ARM.attributes
                0x00000000000003e5       0x2e /usr/local/Cellar/arm-none-eabi-gcc/10.3-2021.07/gcc/bin/../lib/gcc/arm-none-eabi/10.3.1/../../../../arm-none-eabi/lib/thumb/v7e-m/nofp/libg.a(lib_a-impure.o)
 .ARM.attributes
                0x0000000000000413       0x2e /usr/local/Cellar/arm-none-eabi-gcc/10.3-2021.07/gcc/bin/../lib/gcc/arm-none-eabi/10.3.1/../../../../arm-none-eabi/lib/thumb/v7e-m/nofp/libg.a(lib_a-init.o)
 .ARM.attributes
                0x0000000000000441       0x2e /usr/local/Cellar/arm-none-eabi-gcc/10.3-2021.07/gcc/bin/../lib/gcc/arm-none-eabi/10.3.1/../../../../arm-none-eabi/lib/thumb/v7e-m/nofp/libg.a(lib_a-memset.o)
 .ARM.attributes
                0x000000000000046f       0x2e /usr/local/Cellar/arm-none-eabi-gcc/10.3-2021.07/gcc/bin/../lib/gcc/arm-none-eabi/10.3.1/../../../../arm-none-eabi/lib/thumb/v7e-m/nofp/libg.a(lib_a-printf.o)
 .ARM.attributes
                0x000000000000049d       0x2e /usr/local/Cellar/arm-none-eabi-gcc/10.3-2021.07/gcc/bin/../lib/gcc/arm-none-eabi/10.3.1/../../../../arm-none-eabi/lib/thumb/v7e-m/nofp/libg.a(lib_a-setvbuf.o)
 .ARM.attributes
                0x00000000000004cb       0x2e /usr/local/Cellar/arm-none-eabi-gcc/10.3-2021.07/gcc/bin/../lib/gcc/arm-none-eabi/10.3.1/../../../../arm-none-eabi/lib/thumb/v7e-m/nofp/libg.a(lib_a-vfprintf.o)
 .ARM.attributes
                0x00000000000004f9       0x2e /usr/local/Cellar/arm-none-eabi-gcc/10.3-2021.07/gcc/bin/../lib/gcc/arm-none-eabi/10.3.1/../../../../arm-none-eabi/lib/thumb/v7e-m/nofp/libg.a(lib_a-wsetup.o)
 .ARM.attributes
                0x0000000000000527       0x2e /usr/local/Cellar/arm-none-eabi-gcc/10.3-2021.07/gcc/bin/../lib/gcc/arm-none-eabi/10.3.1/../../../../arm-none-eabi/lib/thumb/v7e-m/nofp/libg.a(lib_a-__call_atexit.o)
 .ARM.attributes
                0x0000000000000555       0x2e /usr/local/Cellar/arm-none-eabi-gcc/10.3-2021.07/gcc/bin/../lib/gcc/arm-none-eabi/10.3.1/../../../../arm-none-eabi/lib/thumb/v7e-m/nofp/libg.a(lib_a-atexit.o)
 .ARM.attributes
                0x0000000000000583       0x2e /usr/local/Cellar/arm-none-eabi-gcc/10.3-2021.07/gcc/bin/../lib/gcc/arm-none-eabi/10.3.1/../../../../arm-none-eabi/lib/thumb/v7e-m/nofp/libg.a(lib_a-dtoa.o)
 .ARM.attributes
                0x00000000000005b1       0x2e /usr/local/Cellar/arm-none-eabi-gcc/10.3-2021.07/gcc/bin/../lib/gcc/arm-none-eabi/10.3.1/../../../../arm-none-eabi/lib/thumb/v7e-m/nofp/libg.a(lib_a-fflush.o)
 .ARM.attributes
                0x00000000000005df       0x2e /usr/local/Cellar/arm-none-eabi-gcc/10.3-2021.07/gcc/bin/../lib/gcc/arm-none-eabi/10.3.1/../../../../arm-none-eabi/lib/thumb/v7e-m/nofp/libg.a(lib_a-findfp.o)
 .ARM.attributes
                0x000000000000060d       0x2e /usr/local/Cellar/arm-none-eabi-gcc/10.3-2021.07/gcc/bin/../lib/gcc/arm-none-eabi/10.3.1/../../../../arm-none-eabi/lib/thumb/v7e-m/nofp/libg.a(lib_a-fini.o)
 .ARM.attributes
                0x000000000000063b       0x2e /usr/local/Cellar/arm-none-eabi-gcc/10.3-2021.07/gcc/bin/../lib/gcc/arm-none-eabi/10.3.1/../../../../arm-none-eabi/lib/thumb/v7e-m/nofp/libg.a(lib_a-freer.o)
 .ARM.attributes
                0x0000000000000669       0x2e /usr/local/Cellar/arm-none-eabi-gcc/10.3-2021.07/gcc/bin/../lib/gcc/arm-none-eabi/10.3.1/../../../../arm-none-eabi/lib/thumb/v7e-m/nofp/libg.a(lib_a-fwalk.o)
 .ARM.attributes
                0x0000000000000697       0x2e /usr/local/Cellar/arm-none-eabi-gcc/10.3-2021.07/gcc/bin/../lib/gcc/arm-none-eabi/10.3.1/../../../../arm-none-eabi/lib/thumb/v7e-m/nofp/libg.a(lib_a-localeconv.o)
 .ARM.attributes
                0x00000000000006c5       0x2e /usr/local/Cellar/arm-none-eabi-gcc/10.3-2021.07/gcc/bin/../lib/gcc/arm-none-eabi/10.3.1/../../../../arm-none-eabi/lib/thumb/v7e-m/nofp/libg.a(lib_a-lock.o)
 .ARM.attributes
                0x00000000000006f3       0x2e /usr/local/Cellar/arm-none-eabi-gcc/10.3-2021.07/gcc/bin/../lib/gcc/arm-none-eabi/10.3.1/../../../../arm-none-eabi/lib/thumb/v7e-m/nofp/libg.a(lib_a-makebuf.o)
 .ARM.attributes
                0x0000000000000721       0x2e /usr/local/Cellar/arm-none-eabi-gcc/10.3-2021.07/gcc/bin/../lib/gcc/arm-none-eabi/10.3.1/../../../../arm-none-eabi/lib/thumb/v7e-m/nofp/libg.a(lib_a-malloc.o)
 .ARM.attributes
                0x000000000000074f       0x2e /usr/local/Cellar/arm-none-eabi-gcc/10.3-2021.07/gcc/bin/../lib/gcc/arm-none-eabi/10.3.1/../../../../arm-none-eabi/lib/thumb/v7e-m/nofp/libg.a(lib_a-mallocr.o)
 .ARM.attributes
                0x000000000000077d       0x1c /usr/local/Cellar/arm-none-eabi-gcc/10.3-2021.07/gcc/bin/../lib/gcc/arm-none-eabi/10.3.1/../../../../arm-none-eabi/lib/thumb/v7e-m/nofp/libg.a(lib_a-memchr.o)
 .ARM.attributes
                0x0000000000000799       0x1c /usr/local/Cellar/arm-none-eabi-gcc/10.3-2021.07/gcc/bin/../lib/gcc/arm-none-eabi/10.3.1/../../../../arm-none-eabi/lib/thumb/v7e-m/nofp/libg.a(lib_a-memcpy.o)
 .ARM.attributes
                0x00000000000007b5       0x2e /usr/local/Cellar/arm-none-eabi-gcc/10.3-2021.07/gcc/bin/../lib/gcc/arm-none-eabi/10.3.1/../../../../arm-none-eabi/lib/thumb/v7e-m/nofp/libg.a(lib_a-mlock.o)
 .ARM.attributes
                0x00000000000007e3       0x2e /usr/local/Cellar/arm-none-eabi-gcc/10.3-2021.07/gcc/bin/../lib/gcc/arm-none-eabi/10.3.1/../../../../arm-none-eabi/lib/thumb/v7e-m/nofp/libg.a(lib_a-mprec.o)
 .ARM.attributes
                0x0000000000000811       0x2e /usr/local/Cellar/arm-none-eabi-gcc/10.3-2021.07/gcc/bin/../lib/gcc/arm-none-eabi/10.3.1/../../../../arm-none-eabi/lib/thumb/v7e-m/nofp/libg.a(lib_a-s_frexp.o)
 .ARM.attributes
                0x000000000000083f       0x2e /usr/local/Cellar/arm-none-eabi-gcc/10.3-2021.07/gcc/bin/../lib/gcc/arm-none-eabi/10.3.1/../../../../arm-none-eabi/lib/thumb/v7e-m/nofp/libg.a(lib_a-sbrkr.o)
 .ARM.attributes
                0x000000000000086d       0x2e /usr/local/Cellar/arm-none-eabi-gcc/10.3-2021.07/gcc/bin/../lib/gcc/arm-none-eabi/10.3.1/../../../../arm-none-eabi/lib/thumb/v7e-m/nofp/libg.a(lib_a-stdio.o)
 .ARM.attributes
                0x000000000000089b       0x1c /usr/local/Cellar/arm-none-eabi-gcc/10.3-2021.07/gcc/bin/../lib/gcc/arm-none-eabi/10.3.1/../../../../arm-none-eabi/lib/thumb/v7e-m/nofp/libg.a(lib_a-strlen.o)
 .ARM.attributes
                0x00000000000008b7       0x2e /usr/local/Cellar/arm-none-eabi-gcc/10.3-2021.07/gcc/bin/../lib/gcc/arm-none-eabi/10.3.1/../../../../arm-none-eabi/lib/thumb/v7e-m/nofp/libg.a(lib_a-strncpy.o)
 .ARM.attributes
                0x00000000000008e5       0x2e /usr/local/Cellar/arm-none-eabi-gcc/10.3-2021.07/gcc/bin/../lib/gcc/arm-none-eabi/10.3.1/../../../../arm-none-eabi/lib/thumb/v7e-m/nofp/libg.a(lib_a-vfiprintf.o)
 .ARM.attributes
                0x0000000000000913       0x2e /usr/local/Cellar/arm-none-eabi-gcc/10.3-2021.07/gcc/bin/../lib/gcc/arm-none-eabi/10.3.1/../../../../arm-none-eabi/lib/thumb/v7e-m/nofp/libg.a(lib_a-writer.o)
 .ARM.attributes
                0x0000000000000941       0x2e /usr/local/Cellar/arm-none-eabi-gcc/10.3-2021.07/gcc/bin/../lib/gcc/arm-none-eabi/10.3.1/../../../../arm-none-eabi/lib/thumb/v7e-m/nofp/libg.a(lib_a-__atexit.o)
 .ARM.attributes
                0x000000000000096f       0x2e /usr/local/Cellar/arm-none-eabi-gcc/10.3-2021.07/gcc/bin/../lib/gcc/arm-none-eabi/10.3.1/../../../../arm-none-eabi/lib/thumb/v7e-m/nofp/libg.a(lib_a-assert.o)
 .ARM.attributes
                0x000000000000099d       0x2e /usr/local/Cellar/arm-none-eabi-gcc/10.3-2021.07/gcc/bin/../lib/gcc/arm-none-eabi/10.3.1/../../../../arm-none-eabi/lib/thumb/v7e-m/nofp/libg.a(lib_a-callocr.o)
 .ARM.attributes
                0x00000000000009cb       0x2e /usr/local/Cellar/arm-none-eabi-gcc/10.3-2021.07/gcc/bin/../lib/gcc/arm-none-eabi/10.3.1/../../../../arm-none-eabi/lib/thumb/v7e-m/nofp/libg.a(lib_a-closer.o)
 .ARM.attributes
                0x00000000000009f9       0x2e /usr/local/Cellar/arm-none-eabi-gcc/10.3-2021.07/gcc/bin/../lib/gcc/arm-none-eabi/10.3.1/../../../../arm-none-eabi/lib/thumb/v7e-m/nofp/libg.a(lib_a-fclose.o)
 .ARM.attributes
                0x0000000000000a27       0x2e /usr/local/Cellar/arm-none-eabi-gcc/10.3-2021.07/gcc/bin/../lib/gcc/arm-none-eabi/10.3.1/../../../../arm-none-eabi/lib/thumb/v7e-m/nofp/libg.a(lib_a-fiprintf.o)
 .ARM.attributes
                0x0000000000000a55       0x2e /usr/local/Cellar/arm-none-eabi-gcc/10.3-2021.07/gcc/bin/../lib/gcc/arm-none-eabi/10.3.1/../../../../arm-none-eabi/lib/thumb/v7e-m/nofp/libg.a(lib_a-fputwc.o)
 .ARM.attributes
                0x0000000000000a83       0x2e /usr/local/Cellar/arm-none-eabi-gcc/10.3-2021.07/gcc/bin/../lib/gcc/arm-none-eabi/10.3.1/../../../../arm-none-eabi/lib/thumb/v7e-m/nofp/libg.a(lib_a-fstatr.o)
 .ARM.attributes
                0x0000000000000ab1       0x2e /usr/local/Cellar/arm-none-eabi-gcc/10.3-2021.07/gcc/bin/../lib/gcc/arm-none-eabi/10.3.1/../../../../arm-none-eabi/lib/thumb/v7e-m/nofp/libg.a(lib_a-fvwrite.o)
 .ARM.attributes
                0x0000000000000adf       0x2e /usr/local/Cellar/arm-none-eabi-gcc/10.3-2021.07/gcc/bin/../lib/gcc/arm-none-eabi/10.3.1/../../../../arm-none-eabi/lib/thumb/v7e-m/nofp/libg.a(lib_a-isattyr.o)
 .ARM.attributes
                0x0000000000000b0d       0x2e /usr/local/Cellar/arm-none-eabi-gcc/10.3-2021.07/gcc/bin/../lib/gcc/arm-none-eabi/10.3.1/../../../../arm-none-eabi/lib/thumb/v7e-m/nofp/libg.a(lib_a-locale.o)
 .ARM.attributes
                0x0000000000000b3b       0x2e /usr/local/Cellar/arm-none-eabi-gcc/10.3-2021.07/gcc/bin/../lib/gcc/arm-none-eabi/10.3.1/../../../../arm-none-eabi/lib/thumb/v7e-m/nofp/libg.a(lib_a-lseekr.o)
 .ARM.attributes
                0x0000000000000b69       0x2e /usr/local/Cellar/arm-none-eabi-gcc/10.3-2021.07/gcc/bin/../lib/gcc/arm-none-eabi/10.3.1/../../../../arm-none-eabi/lib/thumb/v7e-m/nofp/libg.a(lib_a-mbtowc_r.o)
 .ARM.attributes
                0x0000000000000b97       0x2e /usr/local/Cellar/arm-none-eabi-gcc/10.3-2021.07/gcc/bin/../lib/gcc/arm-none-eabi/10.3.1/../../../../arm-none-eabi/lib/thumb/v7e-m/nofp/libg.a(lib_a-memmove.o)
 .ARM.attributes
                0x0000000000000bc5       0x2e /usr/local/Cellar/arm-none-eabi-gcc/10.3-2021.07/gcc/bin/../lib/gcc/arm-none-eabi/10.3.1/../../../../arm-none-eabi/lib/thumb/v7e-m/nofp/libg.a(lib_a-readr.o)
 .ARM.attributes
                0x0000000000000bf3       0x2e /usr/local/Cellar/arm-none-eabi-gcc/10.3-2021.07/gcc/bin/../lib/gcc/arm-none-eabi/10.3.1/../../../../arm-none-eabi/lib/thumb/v7e-m/nofp/libg.a(lib_a-reallocr.o)
 .ARM.attributes
                0x0000000000000c21       0x2e /usr/local/Cellar/arm-none-eabi-gcc/10.3-2021.07/gcc/bin/../lib/gcc/arm-none-eabi/10.3.1/../../../../arm-none-eabi/lib/thumb/v7e-m/nofp/libg.a(lib_a-reent.o)
 .ARM.attributes
                0x0000000000000c4f       0x2e /usr/local/Cellar/arm-none-eabi-gcc/10.3-2021.07/gcc/bin/../lib/gcc/arm-none-eabi/10.3.1/../../../../arm-none-eabi/lib/thumb/v7e-m/nofp/libg.a(lib_a-wbuf.o)
 .ARM.attributes
                0x0000000000000c7d       0x2e /usr/local/Cellar/arm-none-eabi-gcc/10.3-2021.07/gcc/bin/../lib/gcc/arm-none-eabi/10.3.1/../../../../arm-none-eabi/lib/thumb/v7e-m/nofp/libg.a(lib_a-wcrtomb.o)
 .ARM.attributes
                0x0000000000000cab       0x2e /usr/local/Cellar/arm-none-eabi-gcc/10.3-2021.07/gcc/bin/../lib/gcc/arm-none-eabi/10.3.1/../../../../arm-none-eabi/lib/thumb/v7e-m/nofp/libg.a(lib_a-wctomb_r.o)
 .ARM.attributes
                0x0000000000000cd9       0x2e /usr/local/Cellar/arm-none-eabi-gcc/10.3-2021.07/gcc/bin/../lib/gcc/arm-none-eabi/10.3.1/../../../../arm-none-eabi/lib/thumb/v7e-m/nofp/libg.a(lib_a-abort.o)
 .ARM.attributes
                0x0000000000000d07       0x2e /usr/local/Cellar/arm-none-eabi-gcc/10.3-2021.07/gcc/bin/../lib/gcc/arm-none-eabi/10.3.1/../../../../arm-none-eabi/lib/thumb/v7e-m/nofp/libg.a(lib_a-ctype_.o)
 .ARM.attributes
                0x0000000000000d35       0x2e /usr/local/Cellar/arm-none-eabi-gcc/10.3-2021.07/gcc/bin/../lib/gcc/arm-none-eabi/10.3.1/../../../../arm-none-eabi/lib/thumb/v7e-m/nofp/libg.a(lib_a-signal.o)
 .ARM.attributes
                0x0000000000000d63       0x2e /usr/local/Cellar/arm-none-eabi-gcc/10.3-2021.07/gcc/bin/../lib/gcc/arm-none-eabi/10.3.1/../../../../arm-none-eabi/lib/thumb/v7e-m/nofp/libg.a(lib_a-signalr.o)
 .ARM.attributes
                0x0000000000000d91       0x1e /usr/local/Cellar/arm-none-eabi-gcc/10.3-2021.07/gcc/bin/../lib/gcc/arm-none-eabi/10.3.1/thumb/v7e-m/nofp/libgcc.a(_arm_addsubdf3.o)
 .ARM.attributes
                0x0000000000000daf       0x1e /usr/local/Cellar/arm-none-eabi-gcc/10.3-2021.07/gcc/bin/../lib/gcc/arm-none-eabi/10.3.1/thumb/v7e-m/nofp/libgcc.a(_arm_muldivdf3.o)
 .ARM.attributes
                0x0000000000000dcd       0x1e /usr/local/Cellar/arm-none-eabi-gcc/10.3-2021.07/gcc/bin/../lib/gcc/arm-none-eabi/10.3.1/thumb/v7e-m/nofp/libgcc.a(_arm_cmpdf2.o)
 .ARM.attributes
                0x0000000000000deb       0x1e /usr/local/Cellar/arm-none-eabi-gcc/10.3-2021.07/gcc/bin/../lib/gcc/arm-none-eabi/10.3.1/thumb/v7e-m/nofp/libgcc.a(_arm_unorddf2.o)
 .ARM.attributes
                0x0000000000000e09       0x1e /usr/local/Cellar/arm-none-eabi-gcc/10.3-2021.07/gcc/bin/../lib/gcc/arm-none-eabi/10.3.1/thumb/v7e-m/nofp/libgcc.a(_arm_fixdfsi.o)
 .ARM.attributes
                0x0000000000000e27       0x1e /usr/local/Cellar/arm-none-eabi-gcc/10.3-2021.07/gcc/bin/../lib/gcc/arm-none-eabi/10.3.1/thumb/v7e-m/nofp/crtn.o
OUTPUT(INTERRUPT_HAL.elf elf32-littlearm)
LOAD linker stubs
LOAD /usr/local/Cellar/arm-none-eabi-gcc/10.3-2021.07/gcc/bin/../lib/gcc/arm-none-eabi/10.3.1/../../../../arm-none-eabi/lib/thumb/v7e-m/nofp/libc.a
LOAD /usr/local/Cellar/arm-none-eabi-gcc/10.3-2021.07/gcc/bin/../lib/gcc/arm-none-eabi/10.3.1/../../../../arm-none-eabi/lib/thumb/v7e-m/nofp/libm.a
LOAD /usr/local/Cellar/arm-none-eabi-gcc/10.3-2021.07/gcc/bin/../lib/gcc/arm-none-eabi/10.3.1/thumb/v7e-m/nofp/libgcc.a

.debug_info     0x0000000000000000     0x974d
 .debug_info    0x0000000000000000      0x2c1 CMakeFiles/INTERRUPT_HAL.elf.dir/Core/Src/gpio.c.obj
 .debug_info    0x00000000000002c1      0xa43 CMakeFiles/INTERRUPT_HAL.elf.dir/Core/Src/main.c.obj
 .debug_info    0x0000000000000d04      0xf27 CMakeFiles/INTERRUPT_HAL.elf.dir/Core/Src/retarget.c.obj
 .debug_info    0x0000000000001c2b      0x2a4 CMakeFiles/INTERRUPT_HAL.elf.dir/Core/Src/stm32f4xx_hal_msp.c.obj
 .debug_info    0x0000000000001ecf      0x115 CMakeFiles/INTERRUPT_HAL.elf.dir/Core/Src/stm32f4xx_it.c.obj
 .debug_info    0x0000000000001fe4      0x6ae CMakeFiles/INTERRUPT_HAL.elf.dir/Core/Src/syscalls.c.obj
 .debug_info    0x0000000000002692      0x15b CMakeFiles/INTERRUPT_HAL.elf.dir/Core/Src/sysmem.c.obj
 .debug_info    0x00000000000027ed      0x364 CMakeFiles/INTERRUPT_HAL.elf.dir/Core/Src/system_stm32f4xx.c.obj
 .debug_info    0x0000000000002b51      0x937 CMakeFiles/INTERRUPT_HAL.elf.dir/Core/Src/usart.c.obj
 .debug_info    0x0000000000003488       0x22 CMakeFiles/INTERRUPT_HAL.elf.dir/Core/Startup/startup_stm32f407zgtx.s.obj
 .debug_info    0x00000000000034aa      0x60d CMakeFiles/INTERRUPT_HAL.elf.dir/Drivers/BSP/Src/exti.c.obj
 .debug_info    0x0000000000003ab7      0x3b0 CMakeFiles/INTERRUPT_HAL.elf.dir/Drivers/BSP/Src/led.c.obj
 .debug_info    0x0000000000003e67      0x925 CMakeFiles/INTERRUPT_HAL.elf.dir/Drivers/STM32F4xx_HAL_Driver/Src/stm32f4xx_hal.c.obj
 .debug_info    0x000000000000478c      0xe17 CMakeFiles/INTERRUPT_HAL.elf.dir/Drivers/STM32F4xx_HAL_Driver/Src/stm32f4xx_hal_cortex.c.obj
 .debug_info    0x00000000000055a3      0x766 CMakeFiles/INTERRUPT_HAL.elf.dir/Drivers/STM32F4xx_HAL_Driver/Src/stm32f4xx_hal_gpio.c.obj
 .debug_info    0x0000000000005d09      0x91d CMakeFiles/INTERRUPT_HAL.elf.dir/Drivers/STM32F4xx_HAL_Driver/Src/stm32f4xx_hal_rcc.c.obj
 .debug_info    0x0000000000006626     0x3127 CMakeFiles/INTERRUPT_HAL.elf.dir/Drivers/STM32F4xx_HAL_Driver/Src/stm32f4xx_hal_uart.c.obj

.debug_abbrev   0x0000000000000000     0x1917
 .debug_abbrev  0x0000000000000000       0xd1 CMakeFiles/INTERRUPT_HAL.elf.dir/Core/Src/gpio.c.obj
 .debug_abbrev  0x00000000000000d1      0x1c5 CMakeFiles/INTERRUPT_HAL.elf.dir/Core/Src/main.c.obj
 .debug_abbrev  0x0000000000000296      0x254 CMakeFiles/INTERRUPT_HAL.elf.dir/Core/Src/retarget.c.obj
 .debug_abbrev  0x00000000000004ea       0xd1 CMakeFiles/INTERRUPT_HAL.elf.dir/Core/Src/stm32f4xx_hal_msp.c.obj
 .debug_abbrev  0x00000000000005bb       0x5e CMakeFiles/INTERRUPT_HAL.elf.dir/Core/Src/stm32f4xx_it.c.obj
 .debug_abbrev  0x0000000000000619      0x17d CMakeFiles/INTERRUPT_HAL.elf.dir/Core/Src/syscalls.c.obj
 .debug_abbrev  0x0000000000000796       0xa3 CMakeFiles/INTERRUPT_HAL.elf.dir/Core/Src/sysmem.c.obj
 .debug_abbrev  0x0000000000000839      0x113 CMakeFiles/INTERRUPT_HAL.elf.dir/Core/Src/system_stm32f4xx.c.obj
 .debug_abbrev  0x000000000000094c      0x1a5 CMakeFiles/INTERRUPT_HAL.elf.dir/Core/Src/usart.c.obj
 .debug_abbrev  0x0000000000000af1       0x12 CMakeFiles/INTERRUPT_HAL.elf.dir/Core/Startup/startup_stm32f407zgtx.s.obj
 .debug_abbrev  0x0000000000000b03      0x163 CMakeFiles/INTERRUPT_HAL.elf.dir/Drivers/BSP/Src/exti.c.obj
 .debug_abbrev  0x0000000000000c66       0xf7 CMakeFiles/INTERRUPT_HAL.elf.dir/Drivers/BSP/Src/led.c.obj
 .debug_abbrev  0x0000000000000d5d      0x1d7 CMakeFiles/INTERRUPT_HAL.elf.dir/Drivers/STM32F4xx_HAL_Driver/Src/stm32f4xx_hal.c.obj
 .debug_abbrev  0x0000000000000f34      0x313 CMakeFiles/INTERRUPT_HAL.elf.dir/Drivers/STM32F4xx_HAL_Driver/Src/stm32f4xx_hal_cortex.c.obj
 .debug_abbrev  0x0000000000001247      0x1c1 CMakeFiles/INTERRUPT_HAL.elf.dir/Drivers/STM32F4xx_HAL_Driver/Src/stm32f4xx_hal_gpio.c.obj
 .debug_abbrev  0x0000000000001408      0x25f CMakeFiles/INTERRUPT_HAL.elf.dir/Drivers/STM32F4xx_HAL_Driver/Src/stm32f4xx_hal_rcc.c.obj
 .debug_abbrev  0x0000000000001667      0x2b0 CMakeFiles/INTERRUPT_HAL.elf.dir/Drivers/STM32F4xx_HAL_Driver/Src/stm32f4xx_hal_uart.c.obj

.debug_aranges  0x0000000000000000      0x780
 .debug_aranges
                0x0000000000000000       0x20 CMakeFiles/INTERRUPT_HAL.elf.dir/Core/Src/gpio.c.obj
 .debug_aranges
                0x0000000000000020       0x30 CMakeFiles/INTERRUPT_HAL.elf.dir/Core/Src/main.c.obj
 .debug_aranges
                0x0000000000000050       0x30 CMakeFiles/INTERRUPT_HAL.elf.dir/Core/Src/retarget.c.obj
 .debug_aranges
                0x0000000000000080       0x20 CMakeFiles/INTERRUPT_HAL.elf.dir/Core/Src/stm32f4xx_hal_msp.c.obj
 .debug_aranges
                0x00000000000000a0       0x60 CMakeFiles/INTERRUPT_HAL.elf.dir/Core/Src/stm32f4xx_it.c.obj
 .debug_aranges
                0x0000000000000100       0xa8 CMakeFiles/INTERRUPT_HAL.elf.dir/Core/Src/syscalls.c.obj
 .debug_aranges
                0x00000000000001a8       0x20 CMakeFiles/INTERRUPT_HAL.elf.dir/Core/Src/sysmem.c.obj
 .debug_aranges
                0x00000000000001c8       0x28 CMakeFiles/INTERRUPT_HAL.elf.dir/Core/Src/system_stm32f4xx.c.obj
 .debug_aranges
                0x00000000000001f0       0x30 CMakeFiles/INTERRUPT_HAL.elf.dir/Core/Src/usart.c.obj
 .debug_aranges
                0x0000000000000220       0x28 CMakeFiles/INTERRUPT_HAL.elf.dir/Core/Startup/startup_stm32f407zgtx.s.obj
 .debug_aranges
                0x0000000000000248       0x30 CMakeFiles/INTERRUPT_HAL.elf.dir/Drivers/BSP/Src/exti.c.obj
 .debug_aranges
                0x0000000000000278       0x20 CMakeFiles/INTERRUPT_HAL.elf.dir/Drivers/BSP/Src/led.c.obj
 .debug_aranges
                0x0000000000000298       0xf0 CMakeFiles/INTERRUPT_HAL.elf.dir/Drivers/STM32F4xx_HAL_Driver/Src/stm32f4xx_hal.c.obj
 .debug_aranges
                0x0000000000000388      0x118 CMakeFiles/INTERRUPT_HAL.elf.dir/Drivers/STM32F4xx_HAL_Driver/Src/stm32f4xx_hal_cortex.c.obj
 .debug_aranges
                0x00000000000004a0       0x58 CMakeFiles/INTERRUPT_HAL.elf.dir/Drivers/STM32F4xx_HAL_Driver/Src/stm32f4xx_hal_gpio.c.obj
 .debug_aranges
                0x00000000000004f8       0x88 CMakeFiles/INTERRUPT_HAL.elf.dir/Drivers/STM32F4xx_HAL_Driver/Src/stm32f4xx_hal_rcc.c.obj
 .debug_aranges
                0x0000000000000580      0x200 CMakeFiles/INTERRUPT_HAL.elf.dir/Drivers/STM32F4xx_HAL_Driver/Src/stm32f4xx_hal_uart.c.obj

.debug_ranges   0x0000000000000000      0x6a8
 .debug_ranges  0x0000000000000000       0x10 CMakeFiles/INTERRUPT_HAL.elf.dir/Core/Src/gpio.c.obj
 .debug_ranges  0x0000000000000010       0x20 CMakeFiles/INTERRUPT_HAL.elf.dir/Core/Src/main.c.obj
 .debug_ranges  0x0000000000000030       0x20 CMakeFiles/INTERRUPT_HAL.elf.dir/Core/Src/retarget.c.obj
 .debug_ranges  0x0000000000000050       0x10 CMakeFiles/INTERRUPT_HAL.elf.dir/Core/Src/stm32f4xx_hal_msp.c.obj
 .debug_ranges  0x0000000000000060       0x50 CMakeFiles/INTERRUPT_HAL.elf.dir/Core/Src/stm32f4xx_it.c.obj
 .debug_ranges  0x00000000000000b0       0x98 CMakeFiles/INTERRUPT_HAL.elf.dir/Core/Src/syscalls.c.obj
 .debug_ranges  0x0000000000000148       0x10 CMakeFiles/INTERRUPT_HAL.elf.dir/Core/Src/sysmem.c.obj
 .debug_ranges  0x0000000000000158       0x18 CMakeFiles/INTERRUPT_HAL.elf.dir/Core/Src/system_stm32f4xx.c.obj
 .debug_ranges  0x0000000000000170       0x20 CMakeFiles/INTERRUPT_HAL.elf.dir/Core/Src/usart.c.obj
 .debug_ranges  0x0000000000000190       0x20 CMakeFiles/INTERRUPT_HAL.elf.dir/Core/Startup/startup_stm32f407zgtx.s.obj
 .debug_ranges  0x00000000000001b0       0x20 CMakeFiles/INTERRUPT_HAL.elf.dir/Drivers/BSP/Src/exti.c.obj
 .debug_ranges  0x00000000000001d0       0x10 CMakeFiles/INTERRUPT_HAL.elf.dir/Drivers/BSP/Src/led.c.obj
 .debug_ranges  0x00000000000001e0       0xe0 CMakeFiles/INTERRUPT_HAL.elf.dir/Drivers/STM32F4xx_HAL_Driver/Src/stm32f4xx_hal.c.obj
 .debug_ranges  0x00000000000002c0      0x108 CMakeFiles/INTERRUPT_HAL.elf.dir/Drivers/STM32F4xx_HAL_Driver/Src/stm32f4xx_hal_cortex.c.obj
 .debug_ranges  0x00000000000003c8       0x48 CMakeFiles/INTERRUPT_HAL.elf.dir/Drivers/STM32F4xx_HAL_Driver/Src/stm32f4xx_hal_gpio.c.obj
 .debug_ranges  0x0000000000000410       0x78 CMakeFiles/INTERRUPT_HAL.elf.dir/Drivers/STM32F4xx_HAL_Driver/Src/stm32f4xx_hal_rcc.c.obj
 .debug_ranges  0x0000000000000488      0x220 CMakeFiles/INTERRUPT_HAL.elf.dir/Drivers/STM32F4xx_HAL_Driver/Src/stm32f4xx_hal_uart.c.obj

.debug_line     0x0000000000000000     0x616c
 .debug_line    0x0000000000000000      0x1c3 CMakeFiles/INTERRUPT_HAL.elf.dir/Core/Src/gpio.c.obj
 .debug_line    0x00000000000001c3      0x3df CMakeFiles/INTERRUPT_HAL.elf.dir/Core/Src/main.c.obj
 .debug_line    0x00000000000005a2      0x352 CMakeFiles/INTERRUPT_HAL.elf.dir/Core/Src/retarget.c.obj