Archive member included to satisfy reference by file (symbol)

/usr/local/Cellar/arm-none-eabi-gcc/10.3-2021.07/gcc/bin/../lib/gcc/arm-none-eabi/10.3.1/thumb/v7e-m/nofp/libgcc.a(_aeabi_uldivmod.o)
                              CMakeFiles/0.USART_HAL.elf.dir/Drivers/STM32F4xx_HAL_Driver/Src/stm32f4xx_hal_rcc.c.obj (__aeabi_uldivmod)
/usr/local/Cellar/arm-none-eabi-gcc/10.3-2021.07/gcc/bin/../lib/gcc/arm-none-eabi/10.3.1/thumb/v7e-m/nofp/libgcc.a(_udivmoddi4.o)
                              /usr/local/Cellar/arm-none-eabi-gcc/10.3-2021.07/gcc/bin/../lib/gcc/arm-none-eabi/10.3.1/thumb/v7e-m/nofp/libgcc.a(_aeabi_uldivmod.o) (__udivmoddi4)
/usr/local/Cellar/arm-none-eabi-gcc/10.3-2021.07/gcc/bin/../lib/gcc/arm-none-eabi/10.3.1/thumb/v7e-m/nofp/libgcc.a(_dvmd_tls.o)
                              /usr/local/Cellar/arm-none-eabi-gcc/10.3-2021.07/gcc/bin/../lib/gcc/arm-none-eabi/10.3.1/thumb/v7e-m/nofp/libgcc.a(_aeabi_uldivmod.o) (__aeabi_ldiv0)
/usr/local/Cellar/arm-none-eabi-gcc/10.3-2021.07/gcc/bin/../lib/gcc/arm-none-eabi/10.3.1/../../../../arm-none-eabi/lib/thumb/v7e-m/nofp/libg.a(lib_a-errno.o)
                              CMakeFiles/0.USART_HAL.elf.dir/Core/Src/syscalls.c.obj (__errno)
/usr/local/Cellar/arm-none-eabi-gcc/10.3-2021.07/gcc/bin/../lib/gcc/arm-none-eabi/10.3.1/../../../../arm-none-eabi/lib/thumb/v7e-m/nofp/libg.a(lib_a-exit.o)
                              /usr/local/Cellar/arm-none-eabi-gcc/10.3-2021.07/gcc/bin/../lib/gcc/arm-none-eabi/10.3.1/../../../../arm-none-eabi/lib/thumb/v7e-m/nofp/crt0.o (exit)
/usr/local/Cellar/arm-none-eabi-gcc/10.3-2021.07/gcc/bin/../lib/gcc/arm-none-eabi/10.3.1/../../../../arm-none-eabi/lib/thumb/v7e-m/nofp/libg.a(lib_a-impure.o)
                              /usr/local/Cellar/arm-none-eabi-gcc/10.3-2021.07/gcc/bin/../lib/gcc/arm-none-eabi/10.3.1/../../../../arm-none-eabi/lib/thumb/v7e-m/nofp/libg.a(lib_a-exit.o) (_global_impure_ptr)
/usr/local/Cellar/arm-none-eabi-gcc/10.3-2021.07/gcc/bin/../lib/gcc/arm-none-eabi/10.3.1/../../../../arm-none-eabi/lib/thumb/v7e-m/nofp/libg.a(lib_a-init.o)
                              /usr/local/Cellar/arm-none-eabi-gcc/10.3-2021.07/gcc/bin/../lib/gcc/arm-none-eabi/10.3.1/../../../../arm-none-eabi/lib/thumb/v7e-m/nofp/crt0.o (__libc_init_array)
/usr/local/Cellar/arm-none-eabi-gcc/10.3-2021.07/gcc/bin/../lib/gcc/arm-none-eabi/10.3.1/../../../../arm-none-eabi/lib/thumb/v7e-m/nofp/libg.a(lib_a-memset.o)
                              /usr/local/Cellar/arm-none-eabi-gcc/10.3-2021.07/gcc/bin/../lib/gcc/arm-none-eabi/10.3.1/../../../../arm-none-eabi/lib/thumb/v7e-m/nofp/crt0.o (memset)
/usr/local/Cellar/arm-none-eabi-gcc/10.3-2021.07/gcc/bin/../lib/gcc/arm-none-eabi/10.3.1/../../../../arm-none-eabi/lib/thumb/v7e-m/nofp/libg.a(lib_a-__call_atexit.o)
                              /usr/local/Cellar/arm-none-eabi-gcc/10.3-2021.07/gcc/bin/../lib/gcc/arm-none-eabi/10.3.1/../../../../arm-none-eabi/lib/thumb/v7e-m/nofp/libg.a(lib_a-exit.o) (__call_exitprocs)
/usr/local/Cellar/arm-none-eabi-gcc/10.3-2021.07/gcc/bin/../lib/gcc/arm-none-eabi/10.3.1/../../../../arm-none-eabi/lib/thumb/v7e-m/nofp/libg.a(lib_a-atexit.o)
                              /usr/local/Cellar/arm-none-eabi-gcc/10.3-2021.07/gcc/bin/../lib/gcc/arm-none-eabi/10.3.1/../../../../arm-none-eabi/lib/thumb/v7e-m/nofp/libg.a(lib_a-__call_atexit.o) (atexit)
/usr/local/Cellar/arm-none-eabi-gcc/10.3-2021.07/gcc/bin/../lib/gcc/arm-none-eabi/10.3.1/../../../../arm-none-eabi/lib/thumb/v7e-m/nofp/libg.a(lib_a-fini.o)
                              /usr/local/Cellar/arm-none-eabi-gcc/10.3-2021.07/gcc/bin/../lib/gcc/arm-none-eabi/10.3.1/../../../../arm-none-eabi/lib/thumb/v7e-m/nofp/libg.a(lib_a-__call_atexit.o) (__libc_fini_array)
/usr/local/Cellar/arm-none-eabi-gcc/10.3-2021.07/gcc/bin/../lib/gcc/arm-none-eabi/10.3.1/../../../../arm-none-eabi/lib/thumb/v7e-m/nofp/libg.a(lib_a-lock.o)
                              /usr/local/Cellar/arm-none-eabi-gcc/10.3-2021.07/gcc/bin/../lib/gcc/arm-none-eabi/10.3.1/../../../../arm-none-eabi/lib/thumb/v7e-m/nofp/libg.a(lib_a-__call_atexit.o) (__retarget_lock_acquire_recursive)
/usr/local/Cellar/arm-none-eabi-gcc/10.3-2021.07/gcc/bin/../lib/gcc/arm-none-eabi/10.3.1/../../../../arm-none-eabi/lib/thumb/v7e-m/nofp/libg.a(lib_a-__atexit.o)
                              /usr/local/Cellar/arm-none-eabi-gcc/10.3-2021.07/gcc/bin/../lib/gcc/arm-none-eabi/10.3.1/../../../../arm-none-eabi/lib/thumb/v7e-m/nofp/libg.a(lib_a-atexit.o) (__register_exitproc)

Discarded input sections

 .text          0x0000000000000000        0x0 /usr/local/Cellar/arm-none-eabi-gcc/10.3-2021.07/gcc/bin/../lib/gcc/arm-none-eabi/10.3.1/thumb/v7e-m/nofp/crti.o
 .data          0x0000000000000000        0x0 /usr/local/Cellar/arm-none-eabi-gcc/10.3-2021.07/gcc/bin/../lib/gcc/arm-none-eabi/10.3.1/thumb/v7e-m/nofp/crti.o
 .bss           0x0000000000000000        0x0 /usr/local/Cellar/arm-none-eabi-gcc/10.3-2021.07/gcc/bin/../lib/gcc/arm-none-eabi/10.3.1/thumb/v7e-m/nofp/crti.o
[...]
Memory Configuration

Name             Origin             Length             Attributes
CCMRAM           0x0000000010000000 0x0000000000010000 xrw
RAM              0x0000000020000000 0x0000000000020000 xrw
FLASH            0x0000000008000000 0x0000000000100000 xr
*default*        0x0000000000000000 0xffffffffffffffff

Linker script and memory map

LOAD /usr/local/Cellar/arm-none-eabi-gcc/10.3-2021.07/gcc/bin/../lib/gcc/arm-none-eabi/10.3.1/thumb/v7e-m/nofp/crti.o
LOAD /usr/local/Cellar/arm-none-eabi-gcc/10.3-2021.07/gcc/bin/../lib/gcc/arm-none-eabi/10.3.1/thumb/v7e-m/nofp/crtbegin.o
LOAD /usr/local/Cellar/arm-none-eabi-gcc/10.3-2021.07/gcc/bin/../lib/gcc/arm-none-eabi/10.3.1/../../../../arm-none-eabi/lib/thumb/v7e-m/nofp/crt0.o
LOAD CMakeFiles/0.USART_HAL.elf.dir/Core/Src/gpio.c.obj
LOAD CMakeFiles/0.USART_HAL.elf.dir/Core/Src/main.c.obj
LOAD CMakeFiles/0.USART_HAL.elf.dir/Core/Src/stm32f4xx_hal_msp.c.obj
LOAD CMakeFiles/0.USART_HAL.elf.dir/Core/Src/stm32f4xx_it.c.obj
LOAD CMakeFiles/0.USART_HAL.elf.dir/Core/Src/syscalls.c.obj
LOAD CMakeFiles/0.USART_HAL.elf.dir/Core/Src/sysmem.c.obj
LOAD CMakeFiles/0.USART_HAL.elf.dir/Core/Src/system_stm32f4xx.c.obj
LOAD CMakeFiles/0.USART_HAL.elf.dir/Core/Startup/startup_stm32f407zgtx.s.obj
LOAD CMakeFiles/0.USART_HAL.elf.dir/Drivers/BSP/Src/uart_virtual.c.obj
LOAD CMakeFiles/0.USART_HAL.elf.dir/Drivers/STM32F4xx_HAL_Driver/Src/stm32f4xx_hal.c.obj
LOAD CMakeFiles/0.USART_HAL.elf.dir/Drivers/STM32F4xx_HAL_Driver/Src/stm32f4xx_hal_cortex.c.obj
LOAD CMakeFiles/0.USART_HAL.elf.dir/Drivers/STM32F4xx_HAL_Driver/Src/stm32f4xx_hal_dma.c.obj
LOAD CMakeFiles/0.USART_HAL.elf.dir/Drivers/STM32F4xx_HAL_Driver/Src/stm32f4xx_hal_dma_ex.c.obj
LOAD CMakeFiles/0.USART_HAL.elf.dir/Drivers/STM32F4xx_HAL_Driver/Src/stm32f4xx_hal_exti.c.obj
LOAD CMakeFiles/0.USART_HAL.elf.dir/Drivers/STM32F4xx_HAL_Driver/Src/stm32f4xx_hal_flash.c.obj
LOAD CMakeFiles/0.USART_HAL.elf.dir/Drivers/STM32F4xx_HAL_Driver/Src/stm32f4xx_hal_flash_ex.c.obj
LOAD CMakeFiles/0.USART_HAL.elf.dir/Drivers/STM32F4xx_HAL_Driver/Src/stm32f4xx_hal_flash_ramfunc.c.obj
LOAD CMakeFiles/0.USART_HAL.elf.dir/Drivers/STM32F4xx_HAL_Driver/Src/stm32f4xx_hal_gpio.c.obj
LOAD CMakeFiles/0.USART_HAL.elf.dir/Drivers/STM32F4xx_HAL_Driver/Src/stm32f4xx_hal_pwr.c.obj
LOAD CMakeFiles/0.USART_HAL.elf.dir/Drivers/STM32F4xx_HAL_Driver/Src/stm32f4xx_hal_pwr_ex.c.obj
LOAD CMakeFiles/0.USART_HAL.elf.dir/Drivers/STM32F4xx_HAL_Driver/Src/stm32f4xx_hal_rcc.c.obj
LOAD CMakeFiles/0.USART_HAL.elf.dir/Drivers/STM32F4xx_HAL_Driver/Src/stm32f4xx_hal_rcc_ex.c.obj
LOAD CMakeFiles/0.USART_HAL.elf.dir/Drivers/STM32F4xx_HAL_Driver/Src/stm32f4xx_hal_tim.c.obj
LOAD CMakeFiles/0.USART_HAL.elf.dir/Drivers/STM32F4xx_HAL_Driver/Src/stm32f4xx_hal_tim_ex.c.obj
START GROUP
LOAD /usr/local/Cellar/arm-none-eabi-gcc/10.3-2021.07/gcc/bin/../lib/gcc/arm-none-eabi/10.3.1/thumb/v7e-m/nofp/libgcc.a
LOAD /usr/local/Cellar/arm-none-eabi-gcc/10.3-2021.07/gcc/bin/../lib/gcc/arm-none-eabi/10.3.1/../../../../arm-none-eabi/lib/thumb/v7e-m/nofp/libg.a
LOAD /usr/local/Cellar/arm-none-eabi-gcc/10.3-2021.07/gcc/bin/../lib/gcc/arm-none-eabi/10.3.1/../../../../arm-none-eabi/lib/thumb/v7e-m/nofp/libc.a
END GROUP
LOAD /usr/local/Cellar/arm-none-eabi-gcc/10.3-2021.07/gcc/bin/../lib/gcc/arm-none-eabi/10.3.1/thumb/v7e-m/nofp/crtend.o
LOAD /usr/local/Cellar/arm-none-eabi-gcc/10.3-2021.07/gcc/bin/../lib/gcc/arm-none-eabi/10.3.1/thumb/v7e-m/nofp/crtn.o
                0x0000000020020000                _estack = (ORIGIN (RAM) + LENGTH (RAM))
                0x0000000000000200                _Min_Heap_Size = 0x200
                0x0000000000000400                _Min_Stack_Size = 0x400

.isr_vector     0x0000000008000000      0x188
                0x0000000008000000                . = ALIGN (0x4)
 *(.isr_vector)
 .isr_vector    0x0000000008000000      0x188 CMakeFiles/0.USART_HAL.elf.dir/Core/Startup/startup_stm32f407zgtx.s.obj
                0x0000000008000000                g_pfnVectors
                0x0000000008000188                . = ALIGN (0x4)

.text           0x0000000008000188     0x12dc
                0x0000000008000188                . = ALIGN (0x4)
 *(.text)
 .text          0x0000000008000188       0x40 /usr/local/Cellar/arm-none-eabi-gcc/10.3-2021.07/gcc/bin/../lib/gcc/arm-none-eabi/10.3.1/thumb/v7e-m/nofp/crtbegin.o
 .text          0x00000000080001c8       0x30 /usr/local/Cellar/arm-none-eabi-gcc/10.3-2021.07/gcc/bin/../lib/gcc/arm-none-eabi/10.3.1/thumb/v7e-m/nofp/libgcc.a(_aeabi_uldivmod.o)
                0x00000000080001c8                __aeabi_uldivmod
 .text          0x00000000080001f8      0x2d0 /usr/local/Cellar/arm-none-eabi-gcc/10.3-2021.07/gcc/bin/../lib/gcc/arm-none-eabi/10.3.1/thumb/v7e-m/nofp/libgcc.a(_udivmoddi4.o)
                0x00000000080001f8                __udivmoddi4
 .text          0x00000000080004c8        0x4 /usr/local/Cellar/arm-none-eabi-gcc/10.3-2021.07/gcc/bin/../lib/gcc/arm-none-eabi/10.3.1/thumb/v7e-m/nofp/libgcc.a(_dvmd_tls.o)
                0x00000000080004c8                __aeabi_ldiv0
                0x00000000080004c8                __aeabi_idiv0
 *(.text*)
 .text.MX_GPIO_Init
                0x00000000080004cc       0x38 CMakeFiles/0.USART_HAL.elf.dir/Core/Src/gpio.c.obj
                0x00000000080004cc                MX_GPIO_Init
 .text.Error_Handler
                0x0000000008000504        0x4 CMakeFiles/0.USART_HAL.elf.dir/Core/Src/main.c.obj
                0x0000000008000504                Error_Handler
 .text.SystemClock_Config
                0x0000000008000508       0xbc CMakeFiles/0.USART_HAL.elf.dir/Core/Src/main.c.obj
                0x0000000008000508                SystemClock_Config
 .text.main     0x00000000080005c4       0x54 CMakeFiles/0.USART_HAL.elf.dir/Core/Src/main.c.obj
                0x00000000080005c4                main
 .text.HAL_MspInit
                0x0000000008000618       0x38 CMakeFiles/0.USART_HAL.elf.dir/Core/Src/stm32f4xx_hal_msp.c.obj
                0x0000000008000618                HAL_MspInit
 .text.NMI_Handler
                0x0000000008000650        0x2 CMakeFiles/0.USART_HAL.elf.dir/Core/Src/stm32f4xx_it.c.obj
                0x0000000008000650                NMI_Handler
 .text.HardFault_Handler
                0x0000000008000652        0x2 CMakeFiles/0.USART_HAL.elf.dir/Core/Src/stm32f4xx_it.c.obj
                0x0000000008000652                HardFault_Handler
 .text.MemManage_Handler
                0x0000000008000654        0x2 CMakeFiles/0.USART_HAL.elf.dir/Core/Src/stm32f4xx_it.c.obj
                0x0000000008000654                MemManage_Handler
 .text.BusFault_Handler
                0x0000000008000656        0x2 CMakeFiles/0.USART_HAL.elf.dir/Core/Src/stm32f4xx_it.c.obj
                0x0000000008000656                BusFault_Handler
 .text.UsageFault_Handler
                0x0000000008000658        0x2 CMakeFiles/0.USART_HAL.elf.dir/Core/Src/stm32f4xx_it.c.obj
                0x0000000008000658                UsageFault_Handler
 .text.SVC_Handler
                0x000000000800065a        0x2 CMakeFiles/0.USART_HAL.elf.dir/Core/Src/stm32f4xx_it.c.obj
                0x000000000800065a                SVC_Handler
 .text.DebugMon_Handler
                0x000000000800065c        0x2 CMakeFiles/0.USART_HAL.elf.dir/Core/Src/stm32f4xx_it.c.obj
                0x000000000800065c                DebugMon_Handler
 .text.PendSV_Handler
                0x000000000800065e        0x2 CMakeFiles/0.USART_HAL.elf.dir/Core/Src/stm32f4xx_it.c.obj
                0x000000000800065e                PendSV_Handler
 .text.SysTick_Handler
                0x0000000008000660        0x8 CMakeFiles/0.USART_HAL.elf.dir/Core/Src/stm32f4xx_it.c.obj
                0x0000000008000660                SysTick_Handler
 .text.SystemInit
                0x0000000008000668        0x2 CMakeFiles/0.USART_HAL.elf.dir/Core/Src/system_stm32f4xx.c.obj
                0x0000000008000668                SystemInit
 *fill*         0x000000000800066a        0x2 
 .text.Reset_Handler
                0x000000000800066c       0x50 CMakeFiles/0.USART_HAL.elf.dir/Core/Startup/startup_stm32f407zgtx.s.obj
                0x000000000800066c                Reset_Handler
 .text.Default_Handler
                0x00000000080006bc        0x2 CMakeFiles/0.USART_HAL.elf.dir/Core/Startup/startup_stm32f407zgtx.s.obj
                0x00000000080006bc                DMA1_Stream3_IRQHandler
                0x00000000080006bc                HASH_RNG_IRQHandler
                0x00000000080006bc                EXTI2_IRQHandler
                0x00000000080006bc                TIM8_CC_IRQHandler
                0x00000000080006bc                TIM1_CC_IRQHandler
                0x00000000080006bc                DMA2_Stream5_IRQHandler
                0x00000000080006bc                DMA1_Stream5_IRQHandler
                0x00000000080006bc                PVD_IRQHandler
                0x00000000080006bc                SDIO_IRQHandler
                0x00000000080006bc                TAMP_STAMP_IRQHandler
                0x00000000080006bc                CAN2_RX1_IRQHandler
                0x00000000080006bc                EXTI3_IRQHandler
                0x00000000080006bc                TIM8_TRG_COM_TIM14_IRQHandler
                0x00000000080006bc                TIM1_UP_TIM10_IRQHandler
                0x00000000080006bc                TIM8_UP_TIM13_IRQHandler
                0x00000000080006bc                I2C3_ER_IRQHandler
                0x00000000080006bc                EXTI0_IRQHandler
                0x00000000080006bc                I2C2_EV_IRQHandler
                0x00000000080006bc                DMA1_Stream2_IRQHandler
                0x00000000080006bc                CAN1_RX0_IRQHandler
                0x00000000080006bc                FPU_IRQHandler
                0x00000000080006bc                OTG_HS_WKUP_IRQHandler
                0x00000000080006bc                CAN2_SCE_IRQHandler
                0x00000000080006bc                DMA2_Stream2_IRQHandler
                0x00000000080006bc                SPI1_IRQHandler
                0x00000000080006bc                TIM6_DAC_IRQHandler
                0x00000000080006bc                TIM1_BRK_TIM9_IRQHandler
                0x00000000080006bc                DCMI_IRQHandler
                0x00000000080006bc                CAN2_RX0_IRQHandler
                0x00000000080006bc                DMA2_Stream3_IRQHandler
                0x00000000080006bc                USART6_IRQHandler
                0x00000000080006bc                USART3_IRQHandler
                0x00000000080006bc                CAN1_RX1_IRQHandler
                0x00000000080006bc                UART5_IRQHandler
                0x00000000080006bc                DMA2_Stream0_IRQHandler
                0x00000000080006bc                TIM4_IRQHandler
                0x00000000080006bc                I2C1_EV_IRQHandler
                0x00000000080006bc                DMA1_Stream6_IRQHandler
                0x00000000080006bc                DMA1_Stream1_IRQHandler
                0x00000000080006bc                UART4_IRQHandler
                0x00000000080006bc                TIM3_IRQHandler
                0x00000000080006bc                RCC_IRQHandler
                0x00000000080006bc                TIM8_BRK_TIM12_IRQHandler
                0x00000000080006bc                Default_Handler
                0x00000000080006bc                EXTI15_10_IRQHandler
                0x00000000080006bc                ADC_IRQHandler
                0x00000000080006bc                DMA1_Stream7_IRQHandler
                0x00000000080006bc                TIM7_IRQHandler
                0x00000000080006bc                CAN2_TX_IRQHandler
                0x00000000080006bc                TIM5_IRQHandler
                0x00000000080006bc                DMA2_Stream7_IRQHandler
                0x00000000080006bc                I2C3_EV_IRQHandler
                0x00000000080006bc                EXTI9_5_IRQHandler
                0x00000000080006bc                RTC_WKUP_IRQHandler
                0x00000000080006bc                ETH_WKUP_IRQHandler
                0x00000000080006bc                SPI2_IRQHandler
                0x00000000080006bc                OTG_HS_EP1_IN_IRQHandler
                0x00000000080006bc                DMA1_Stream0_IRQHandler
                0x00000000080006bc                CAN1_TX_IRQHandler
                0x00000000080006bc                EXTI4_IRQHandler
                0x00000000080006bc                FSMC_IRQHandler
                0x00000000080006bc                ETH_IRQHandler
                0x00000000080006bc                OTG_HS_EP1_OUT_IRQHandler
                0x00000000080006bc                WWDG_IRQHandler
                0x00000000080006bc                TIM2_IRQHandler
                0x00000000080006bc                OTG_FS_WKUP_IRQHandler
                0x00000000080006bc                TIM1_TRG_COM_TIM11_IRQHandler
                0x00000000080006bc                OTG_HS_IRQHandler
                0x00000000080006bc                EXTI1_IRQHandler
                0x00000000080006bc                USART2_IRQHandler
                0x00000000080006bc                I2C2_ER_IRQHandler
                0x00000000080006bc                DMA2_Stream1_IRQHandler
                0x00000000080006bc                CAN1_SCE_IRQHandler
                0x00000000080006bc                FLASH_IRQHandler
                0x00000000080006bc                DMA2_Stream4_IRQHandler
                0x00000000080006bc                USART1_IRQHandler
                0x00000000080006bc                OTG_FS_IRQHandler
                0x00000000080006bc                SPI3_IRQHandler
                0x00000000080006bc                DMA1_Stream4_IRQHandler
                0x00000000080006bc                I2C1_ER_IRQHandler
                0x00000000080006bc                DMA2_Stream6_IRQHandler
                0x00000000080006bc                RTC_Alarm_IRQHandler
 *fill*         0x00000000080006be        0x2 
 .text.uart_virtual_init
                0x00000000080006c0       0x44 CMakeFiles/0.USART_HAL.elf.dir/Drivers/BSP/Src/uart_virtual.c.obj
                0x00000000080006c0                uart_virtual_init
 .text.uart_virtual_sendframe
                0x0000000008000704      0x1bc CMakeFiles/0.USART_HAL.elf.dir/Drivers/BSP/Src/uart_virtual.c.obj
                0x0000000008000704                uart_virtual_sendframe
 .text.uart_virtual_transmit
                0x00000000080008c0       0x1c CMakeFiles/0.USART_HAL.elf.dir/Drivers/BSP/Src/uart_virtual.c.obj
                0x00000000080008c0                uart_virtual_transmit
 .text.HAL_InitTick
                0x00000000080008dc       0x4c CMakeFiles/0.USART_HAL.elf.dir/Drivers/STM32F4xx_HAL_Driver/Src/stm32f4xx_hal.c.obj
                0x00000000080008dc                HAL_InitTick
 .text.HAL_Init
                0x0000000008000928       0x34 CMakeFiles/0.USART_HAL.elf.dir/Drivers/STM32F4xx_HAL_Driver/Src/stm32f4xx_hal.c.obj
                0x0000000008000928                HAL_Init
 .text.HAL_IncTick
                0x000000000800095c       0x18 CMakeFiles/0.USART_HAL.elf.dir/Drivers/STM32F4xx_HAL_Driver/Src/stm32f4xx_hal.c.obj
                0x000000000800095c                HAL_IncTick
 .text.HAL_GetTick
                0x0000000008000974        0xc CMakeFiles/0.USART_HAL.elf.dir/Drivers/STM32F4xx_HAL_Driver/Src/stm32f4xx_hal.c.obj
                0x0000000008000974                HAL_GetTick
 .text.HAL_Delay
                0x0000000008000980       0x28 CMakeFiles/0.USART_HAL.elf.dir/Drivers/STM32F4xx_HAL_Driver/Src/stm32f4xx_hal.c.obj
                0x0000000008000980                HAL_Delay
 .text.HAL_NVIC_SetPriorityGrouping
                0x00000000080009a8       0x24 CMakeFiles/0.USART_HAL.elf.dir/Drivers/STM32F4xx_HAL_Driver/Src/stm32f4xx_hal_cortex.c.obj
                0x00000000080009a8                HAL_NVIC_SetPriorityGrouping
 .text.HAL_NVIC_SetPriority
                0x00000000080009cc       0x70 CMakeFiles/0.USART_HAL.elf.dir/Drivers/STM32F4xx_HAL_Driver/Src/stm32f4xx_hal_cortex.c.obj
                0x00000000080009cc                HAL_NVIC_SetPriority
 .text.HAL_SYSTICK_Config
                0x0000000008000a3c       0x28 CMakeFiles/0.USART_HAL.elf.dir/Drivers/STM32F4xx_HAL_Driver/Src/stm32f4xx_hal_cortex.c.obj
                0x0000000008000a3c                HAL_SYSTICK_Config
 .text.HAL_GPIO_Init
                0x0000000008000a64      0x1e4 CMakeFiles/0.USART_HAL.elf.dir/Drivers/STM32F4xx_HAL_Driver/Src/stm32f4xx_hal_gpio.c.obj
                0x0000000008000a64                HAL_GPIO_Init
 .text.HAL_GPIO_WritePin
                0x0000000008000c48        0xc CMakeFiles/0.USART_HAL.elf.dir/Drivers/STM32F4xx_HAL_Driver/Src/stm32f4xx_hal_gpio.c.obj
                0x0000000008000c48                HAL_GPIO_WritePin
 .text.HAL_RCC_OscConfig
                0x0000000008000c54      0x3f8 CMakeFiles/0.USART_HAL.elf.dir/Drivers/STM32F4xx_HAL_Driver/Src/stm32f4xx_hal_rcc.c.obj
                0x0000000008000c54                HAL_RCC_OscConfig
 .text.HAL_RCC_GetSysClockFreq
                0x000000000800104c       0xd4 CMakeFiles/0.USART_HAL.elf.dir/Drivers/STM32F4xx_HAL_Driver/Src/stm32f4xx_hal_rcc.c.obj
                0x000000000800104c                HAL_RCC_GetSysClockFreq
 .text.HAL_RCC_ClockConfig
                0x0000000008001120      0x160 CMakeFiles/0.USART_HAL.elf.dir/Drivers/STM32F4xx_HAL_Driver/Src/stm32f4xx_hal_rcc.c.obj
                0x0000000008001120                HAL_RCC_ClockConfig
 .text.__libc_init_array
                0x0000000008001280       0x48 /usr/local/Cellar/arm-none-eabi-gcc/10.3-2021.07/gcc/bin/../lib/gcc/arm-none-eabi/10.3.1/../../../../arm-none-eabi/lib/thumb/v7e-m/nofp/libg.a(lib_a-init.o)
                0x0000000008001280                __libc_init_array
 .text.memset   0x00000000080012c8       0xa4 /usr/local/Cellar/arm-none-eabi-gcc/10.3-2021.07/gcc/bin/../lib/gcc/arm-none-eabi/10.3.1/../../../../arm-none-eabi/lib/thumb/v7e-m/nofp/libg.a(lib_a-memset.o)
                0x00000000080012c8                memset
 .text.startup.register_fini
                0x000000000800136c       0x14 /usr/local/Cellar/arm-none-eabi-gcc/10.3-2021.07/gcc/bin/../lib/gcc/arm-none-eabi/10.3.1/../../../../arm-none-eabi/lib/thumb/v7e-m/nofp/libg.a(lib_a-__call_atexit.o)
 .text.atexit   0x0000000008001380        0xc /usr/local/Cellar/arm-none-eabi-gcc/10.3-2021.07/gcc/bin/../lib/gcc/arm-none-eabi/10.3.1/../../../../arm-none-eabi/lib/thumb/v7e-m/nofp/libg.a(lib_a-atexit.o)
                0x0000000008001380                atexit
 .text.__libc_fini_array
                0x000000000800138c       0x2c /usr/local/Cellar/arm-none-eabi-gcc/10.3-2021.07/gcc/bin/../lib/gcc/arm-none-eabi/10.3.1/../../../../arm-none-eabi/lib/thumb/v7e-m/nofp/libg.a(lib_a-fini.o)
                0x000000000800138c                __libc_fini_array
 .text.__retarget_lock_acquire_recursive
                0x00000000080013b8        0x4 /usr/local/Cellar/arm-none-eabi-gcc/10.3-2021.07/gcc/bin/../lib/gcc/arm-none-eabi/10.3.1/../../../../arm-none-eabi/lib/thumb/v7e-m/nofp/libg.a(lib_a-lock.o)
                0x00000000080013b8                __retarget_lock_acquire_recursive
 .text.__retarget_lock_release_recursive
                0x00000000080013bc        0x4 /usr/local/Cellar/arm-none-eabi-gcc/10.3-2021.07/gcc/bin/../lib/gcc/arm-none-eabi/10.3.1/../../../../arm-none-eabi/lib/thumb/v7e-m/nofp/libg.a(lib_a-lock.o)
                0x00000000080013bc                __retarget_lock_release_recursive
 .text.__register_exitproc
                0x00000000080013c0       0x8c /usr/local/Cellar/arm-none-eabi-gcc/10.3-2021.07/gcc/bin/../lib/gcc/arm-none-eabi/10.3.1/../../../../arm-none-eabi/lib/thumb/v7e-m/nofp/libg.a(lib_a-__atexit.o)
                0x00000000080013c0                __register_exitproc
 *(.glue_7)
 .glue_7        0x000000000800144c        0x0 linker stubs
 *(.glue_7t)
 .glue_7t       0x000000000800144c        0x0 linker stubs
 *(.eh_frame)
 .eh_frame      0x000000000800144c        0x0 /usr/local/Cellar/arm-none-eabi-gcc/10.3-2021.07/gcc/bin/../lib/gcc/arm-none-eabi/10.3.1/thumb/v7e-m/nofp/crtbegin.o
 *(.init)
 .init          0x000000000800144c        0x4 /usr/local/Cellar/arm-none-eabi-gcc/10.3-2021.07/gcc/bin/../lib/gcc/arm-none-eabi/10.3.1/thumb/v7e-m/nofp/crti.o
                0x000000000800144c                _init
 .init          0x0000000008001450        0x8 /usr/local/Cellar/arm-none-eabi-gcc/10.3-2021.07/gcc/bin/../lib/gcc/arm-none-eabi/10.3.1/thumb/v7e-m/nofp/crtn.o
 *(.fini)
 .fini          0x0000000008001458        0x4 /usr/local/Cellar/arm-none-eabi-gcc/10.3-2021.07/gcc/bin/../lib/gcc/arm-none-eabi/10.3.1/thumb/v7e-m/nofp/crti.o
                0x0000000008001458                _fini
 .fini          0x000000000800145c        0x8 /usr/local/Cellar/arm-none-eabi-gcc/10.3-2021.07/gcc/bin/../lib/gcc/arm-none-eabi/10.3.1/thumb/v7e-m/nofp/crtn.o
                0x0000000008001464                . = ALIGN (0x4)
                0x0000000008001464                _etext = .

.vfp11_veneer   0x0000000008001464        0x0
 .vfp11_veneer  0x0000000008001464        0x0 linker stubs

.v4_bx          0x0000000008001464        0x0
 .v4_bx         0x0000000008001464        0x0 linker stubs

.iplt           0x0000000008001464        0x0
 .iplt          0x0000000008001464        0x0 /usr/local/Cellar/arm-none-eabi-gcc/10.3-2021.07/gcc/bin/../lib/gcc/arm-none-eabi/10.3.1/thumb/v7e-m/nofp/crtbegin.o

.rodata         0x0000000008001464       0x28
                0x0000000008001464                . = ALIGN (0x4)
 *(.rodata)
 .rodata        0x0000000008001464       0x14 CMakeFiles/0.USART_HAL.elf.dir/Core/Src/main.c.obj
 *(.rodata*)
 .rodata.AHBPrescTable
                0x0000000008001478       0x10 CMakeFiles/0.USART_HAL.elf.dir/Core/Src/system_stm32f4xx.c.obj
                0x0000000008001478                AHBPrescTable
 .rodata._global_impure_ptr
                0x0000000008001488        0x4 /usr/local/Cellar/arm-none-eabi-gcc/10.3-2021.07/gcc/bin/../lib/gcc/arm-none-eabi/10.3.1/../../../../arm-none-eabi/lib/thumb/v7e-m/nofp/libg.a(lib_a-impure.o)
                0x0000000008001488                _global_impure_ptr
                0x000000000800148c                . = ALIGN (0x4)

.ARM.extab      0x000000000800148c        0x0
                0x000000000800148c                . = ALIGN (0x4)
 *(.ARM.extab* .gnu.linkonce.armextab.*)
                0x000000000800148c                . = ALIGN (0x4)

.ARM            0x000000000800148c        0x8
                0x000000000800148c                . = ALIGN (0x4)
                0x000000000800148c                __exidx_start = .
 *(.ARM.exidx*)
 .ARM.exidx     0x000000000800148c        0x8 /usr/local/Cellar/arm-none-eabi-gcc/10.3-2021.07/gcc/bin/../lib/gcc/arm-none-eabi/10.3.1/thumb/v7e-m/nofp/libgcc.a(_udivmoddi4.o)
                0x0000000008001494                __exidx_end = .
                0x0000000008001494                . = ALIGN (0x4)

.rel.dyn        0x0000000008001494        0x0
 .rel.iplt      0x0000000008001494        0x0 /usr/local/Cellar/arm-none-eabi-gcc/10.3-2021.07/gcc/bin/../lib/gcc/arm-none-eabi/10.3.1/thumb/v7e-m/nofp/crtbegin.o

.preinit_array  0x0000000008001494        0x0
                0x0000000008001494                . = ALIGN (0x4)
                0x0000000008001494                PROVIDE (__preinit_array_start = .)
 *(.preinit_array*)
                0x0000000008001494                PROVIDE (__preinit_array_end = .)
                0x0000000008001494                . = ALIGN (0x4)

.init_array     0x0000000008001494        0x8
                0x0000000008001494                . = ALIGN (0x4)
                0x0000000008001494                PROVIDE (__init_array_start = .)
 *(SORT_BY_NAME(.init_array.*))
 .init_array.00000
                0x0000000008001494        0x4 /usr/local/Cellar/arm-none-eabi-gcc/10.3-2021.07/gcc/bin/../lib/gcc/arm-none-eabi/10.3.1/../../../../arm-none-eabi/lib/thumb/v7e-m/nofp/libg.a(lib_a-__call_atexit.o)
 *(.init_array*)
 .init_array    0x0000000008001498        0x4 /usr/local/Cellar/arm-none-eabi-gcc/10.3-2021.07/gcc/bin/../lib/gcc/arm-none-eabi/10.3.1/thumb/v7e-m/nofp/crtbegin.o
                0x000000000800149c                PROVIDE (__init_array_end = .)
                0x000000000800149c                . = ALIGN (0x4)

.fini_array     0x000000000800149c        0x4
                0x000000000800149c                . = ALIGN (0x4)
                0x000000000800149c                PROVIDE (__fini_array_start = .)
 *(SORT_BY_NAME(.fini_array.*))
 *(.fini_array*)
 .fini_array    0x000000000800149c        0x4 /usr/local/Cellar/arm-none-eabi-gcc/10.3-2021.07/gcc/bin/../lib/gcc/arm-none-eabi/10.3.1/thumb/v7e-m/nofp/crtbegin.o
                0x00000000080014a0                PROVIDE (__fini_array_end = .)
                0x00000000080014a0                . = ALIGN (0x4)
                0x00000000080014a0                _sidata = LOADADDR (.data)

.data           0x0000000020000000      0x43c load address 0x00000000080014a0
                0x0000000020000000                . = ALIGN (0x4)
                0x0000000020000000                _sdata = .
 *(.data)
 *(.data*)
 .data.SystemCoreClock
                0x0000000020000000        0x4 CMakeFiles/0.USART_HAL.elf.dir/Core/Src/system_stm32f4xx.c.obj
                0x0000000020000000                SystemCoreClock
 .data.uwTickFreq
                0x0000000020000004        0x1 CMakeFiles/0.USART_HAL.elf.dir/Drivers/STM32F4xx_HAL_Driver/Src/stm32f4xx_hal.c.obj
                0x0000000020000004                uwTickFreq
 *fill*         0x0000000020000005        0x3 
 .data.uwTickPrio
                0x0000000020000008        0x4 CMakeFiles/0.USART_HAL.elf.dir/Drivers/STM32F4xx_HAL_Driver/Src/stm32f4xx_hal.c.obj
                0x0000000020000008                uwTickPrio
 *fill*         0x000000002000000c        0x4 
 .data.impure_data
                0x0000000020000010      0x428 /usr/local/Cellar/arm-none-eabi-gcc/10.3-2021.07/gcc/bin/../lib/gcc/arm-none-eabi/10.3.1/../../../../arm-none-eabi/lib/thumb/v7e-m/nofp/libg.a(lib_a-impure.o)
 .data.__atexit_recursive_mutex
                0x0000000020000438        0x4 /usr/local/Cellar/arm-none-eabi-gcc/10.3-2021.07/gcc/bin/../lib/gcc/arm-none-eabi/10.3.1/../../../../arm-none-eabi/lib/thumb/v7e-m/nofp/libg.a(lib_a-__call_atexit.o)
                0x0000000020000438                __atexit_recursive_mutex
 *(.RamFunc)
 *(.RamFunc*)
                0x000000002000043c                . = ALIGN (0x4)
                0x000000002000043c                _edata = .
                0x00000000080018dc                _siccmram = LOADADDR (.ccmram)

.igot.plt       0x000000002000043c        0x0 load address 0x00000000080018dc
 .igot.plt      0x000000002000043c        0x0 /usr/local/Cellar/arm-none-eabi-gcc/10.3-2021.07/gcc/bin/../lib/gcc/arm-none-eabi/10.3.1/thumb/v7e-m/nofp/crtbegin.o

.ccmram         0x0000000010000000        0x0 load address 0x00000000080018dc
                0x0000000010000000                . = ALIGN (0x4)
                0x0000000010000000                _sccmram = .
 *(.ccmram)
 *(.ccmram*)
                0x0000000010000000                . = ALIGN (0x4)
                0x0000000010000000                _eccmram = .
                0x0000000010000000                . = ALIGN (0x4)

.bss            0x000000002000043c       0x38
                0x000000002000043c                _sbss = .
                0x000000002000043c                __bss_start__ = _sbss
 *(.bss)
 .bss           0x000000002000043c       0x1c /usr/local/Cellar/arm-none-eabi-gcc/10.3-2021.07/gcc/bin/../lib/gcc/arm-none-eabi/10.3.1/thumb/v7e-m/nofp/crtbegin.o
 *(.bss*)
 .bss.hvuart    0x0000000020000458       0x10 CMakeFiles/0.USART_HAL.elf.dir/Core/Src/main.c.obj
 .bss.n         0x0000000020000468        0x4 CMakeFiles/0.USART_HAL.elf.dir/Drivers/BSP/Src/uart_virtual.c.obj
 .bss.uwTick    0x000000002000046c        0x4 CMakeFiles/0.USART_HAL.elf.dir/Drivers/STM32F4xx_HAL_Driver/Src/stm32f4xx_hal.c.obj
                0x000000002000046c                uwTick
 .bss.__lock___atexit_recursive_mutex
                0x0000000020000470        0x1 /usr/local/Cellar/arm-none-eabi-gcc/10.3-2021.07/gcc/bin/../lib/gcc/arm-none-eabi/10.3.1/../../../../arm-none-eabi/lib/thumb/v7e-m/nofp/libg.a(lib_a-lock.o)
                0x0000000020000470                __lock___atexit_recursive_mutex
 *(COMMON)
                0x0000000020000474                . = ALIGN (0x4)
 *fill*         0x0000000020000471        0x3 
                0x0000000020000474                _ebss = .
                0x0000000020000474                __bss_end__ = _ebss

._user_heap_stack
                0x0000000020000474      0x604
                0x0000000020000478                . = ALIGN (0x8)
 *fill*         0x0000000020000474        0x4 
                [!provide]                        PROVIDE (end = .)
                0x0000000020000478                PROVIDE (_end = .)
                0x0000000020000678                . = (. + _Min_Heap_Size)
 *fill*         0x0000000020000478      0x200 
                0x0000000020000a78                . = (. + _Min_Stack_Size)
 *fill*         0x0000000020000678      0x400 
                0x0000000020000a78                . = ALIGN (0x8)

/DISCARD/
 libc.a(*)
 libm.a(*)
 libgcc.a(*)

.ARM.attributes
                0x0000000000000000       0x2a
 *(.ARM.attributes)
 .ARM.attributes
                0x0000000000000000       0x1e /usr/local/Cellar/arm-none-eabi-gcc/10.3-2021.07/gcc/bin/../lib/gcc/arm-none-eabi/10.3.1/thumb/v7e-m/nofp/crti.o
 .ARM.attributes
                0x000000000000001e       0x2e /usr/local/Cellar/arm-none-eabi-gcc/10.3-2021.07/gcc/bin/../lib/gcc/arm-none-eabi/10.3.1/thumb/v7e-m/nofp/crtbegin.o
 .ARM.attributes
                0x000000000000004c       0x2e CMakeFiles/0.USART_HAL.elf.dir/Core/Src/gpio.c.obj
 .ARM.attributes
                0x000000000000007a       0x2e CMakeFiles/0.USART_HAL.elf.dir/Core/Src/main.c.obj
 .ARM.attributes
                0x00000000000000a8       0x2e CMakeFiles/0.USART_HAL.elf.dir/Core/Src/stm32f4xx_hal_msp.c.obj
 .ARM.attributes
                0x00000000000000d6       0x2e CMakeFiles/0.USART_HAL.elf.dir/Core/Src/stm32f4xx_it.c.obj
 .ARM.attributes
                0x0000000000000104       0x2e CMakeFiles/0.USART_HAL.elf.dir/Core/Src/system_stm32f4xx.c.obj
 .ARM.attributes
                0x0000000000000132       0x21 CMakeFiles/0.USART_HAL.elf.dir/Core/Startup/startup_stm32f407zgtx.s.obj
 .ARM.attributes
                0x0000000000000153       0x2e CMakeFiles/0.USART_HAL.elf.dir/Drivers/BSP/Src/uart_virtual.c.obj
 .ARM.attributes
                0x0000000000000181       0x2e CMakeFiles/0.USART_HAL.elf.dir/Drivers/STM32F4xx_HAL_Driver/Src/stm32f4xx_hal.c.obj
 .ARM.attributes
                0x00000000000001af       0x2e CMakeFiles/0.USART_HAL.elf.dir/Drivers/STM32F4xx_HAL_Driver/Src/stm32f4xx_hal_cortex.c.obj
 .ARM.attributes
                0x00000000000001dd       0x2e CMakeFiles/0.USART_HAL.elf.dir/Drivers/STM32F4xx_HAL_Driver/Src/stm32f4xx_hal_gpio.c.obj
 .ARM.attributes
                0x000000000000020b       0x2e CMakeFiles/0.USART_HAL.elf.dir/Drivers/STM32F4xx_HAL_Driver/Src/stm32f4xx_hal_rcc.c.obj
 .ARM.attributes
                0x0000000000000239       0x1e /usr/local/Cellar/arm-none-eabi-gcc/10.3-2021.07/gcc/bin/../lib/gcc/arm-none-eabi/10.3.1/thumb/v7e-m/nofp/libgcc.a(_aeabi_uldivmod.o)
 .ARM.attributes
                0x0000000000000257       0x2e /usr/local/Cellar/arm-none-eabi-gcc/10.3-2021.07/gcc/bin/../lib/gcc/arm-none-eabi/10.3.1/thumb/v7e-m/nofp/libgcc.a(_udivmoddi4.o)
 .ARM.attributes
                0x0000000000000285       0x1e /usr/local/Cellar/arm-none-eabi-gcc/10.3-2021.07/gcc/bin/../lib/gcc/arm-none-eabi/10.3.1/thumb/v7e-m/nofp/libgcc.a(_dvmd_tls.o)
 .ARM.attributes
                0x00000000000002a3       0x2e /usr/local/Cellar/arm-none-eabi-gcc/10.3-2021.07/gcc/bin/../lib/gcc/arm-none-eabi/10.3.1/../../../../arm-none-eabi/lib/thumb/v7e-m/nofp/libg.a(lib_a-impure.o)
 .ARM.attributes
                0x00000000000002d1       0x2e /usr/local/Cellar/arm-none-eabi-gcc/10.3-2021.07/gcc/bin/../lib/gcc/arm-none-eabi/10.3.1/../../../../arm-none-eabi/lib/thumb/v7e-m/nofp/libg.a(lib_a-init.o)
 .ARM.attributes
                0x00000000000002ff       0x2e /usr/local/Cellar/arm-none-eabi-gcc/10.3-2021.07/gcc/bin/../lib/gcc/arm-none-eabi/10.3.1/../../../../arm-none-eabi/lib/thumb/v7e-m/nofp/libg.a(lib_a-memset.o)
 .ARM.attributes
                0x000000000000032d       0x2e /usr/local/Cellar/arm-none-eabi-gcc/10.3-2021.07/gcc/bin/../lib/gcc/arm-none-eabi/10.3.1/../../../../arm-none-eabi/lib/thumb/v7e-m/nofp/libg.a(lib_a-__call_atexit.o)
 .ARM.attributes
                0x000000000000035b       0x2e /usr/local/Cellar/arm-none-eabi-gcc/10.3-2021.07/gcc/bin/../lib/gcc/arm-none-eabi/10.3.1/../../../../arm-none-eabi/lib/thumb/v7e-m/nofp/libg.a(lib_a-atexit.o)
 .ARM.attributes
                0x0000000000000389       0x2e /usr/local/Cellar/arm-none-eabi-gcc/10.3-2021.07/gcc/bin/../lib/gcc/arm-none-eabi/10.3.1/../../../../arm-none-eabi/lib/thumb/v7e-m/nofp/libg.a(lib_a-fini.o)
 .ARM.attributes
                0x00000000000003b7       0x2e /usr/local/Cellar/arm-none-eabi-gcc/10.3-2021.07/gcc/bin/../lib/gcc/arm-none-eabi/10.3.1/../../../../arm-none-eabi/lib/thumb/v7e-m/nofp/libg.a(lib_a-lock.o)
 .ARM.attributes
                0x00000000000003e5       0x2e /usr/local/Cellar/arm-none-eabi-gcc/10.3-2021.07/gcc/bin/../lib/gcc/arm-none-eabi/10.3.1/../../../../arm-none-eabi/lib/thumb/v7e-m/nofp/libg.a(lib_a-__atexit.o)
 .ARM.attributes
                0x0000000000000413       0x1e /usr/local/Cellar/arm-none-eabi-gcc/10.3-2021.07/gcc/bin/../lib/gcc/arm-none-eabi/10.3.1/thumb/v7e-m/nofp/crtn.o
OUTPUT(0.USART_HAL.elf elf32-littlearm)
LOAD linker stubs
LOAD /usr/local/Cellar/arm-none-eabi-gcc/10.3-2021.07/gcc/bin/../lib/gcc/arm-none-eabi/10.3.1/../../../../arm-none-eabi/lib/thumb/v7e-m/nofp/libc.a
LOAD /usr/local/Cellar/arm-none-eabi-gcc/10.3-2021.07/gcc/bin/../lib/gcc/arm-none-eabi/10.3.1/../../../../arm-none-eabi/lib/thumb/v7e-m/nofp/libm.a
LOAD /usr/local/Cellar/arm-none-eabi-gcc/10.3-2021.07/gcc/bin/../lib/gcc/arm-none-eabi/10.3.1/thumb/v7e-m/nofp/libgcc.a

.debug_info     0x0000000000000000     0x4546
 .debug_info    0x0000000000000000      0x2a4 CMakeFiles/0.USART_HAL.elf.dir/Core/Src/gpio.c.obj
 .debug_info    0x00000000000002a4      0x6c3 CMakeFiles/0.USART_HAL.elf.dir/Core/Src/main.c.obj
 .debug_info    0x0000000000000967      0x2a4 CMakeFiles/0.USART_HAL.elf.dir/Core/Src/stm32f4xx_hal_msp.c.obj
 .debug_info    0x0000000000000c0b      0x12f CMakeFiles/0.USART_HAL.elf.dir/Core/Src/stm32f4xx_it.c.obj
 .debug_info    0x0000000000000d3a      0x37d CMakeFiles/0.USART_HAL.elf.dir/Core/Src/system_stm32f4xx.c.obj
 .debug_info    0x00000000000010b7       0x22 CMakeFiles/0.USART_HAL.elf.dir/Core/Startup/startup_stm32f407zgtx.s.obj
 .debug_info    0x00000000000010d9      0x732 CMakeFiles/0.USART_HAL.elf.dir/Drivers/BSP/Src/uart_virtual.c.obj
 .debug_info    0x000000000000180b      0x9f0 CMakeFiles/0.USART_HAL.elf.dir/Drivers/STM32F4xx_HAL_Driver/Src/stm32f4xx_hal.c.obj
 .debug_info    0x00000000000021fb     0x1098 CMakeFiles/0.USART_HAL.elf.dir/Drivers/STM32F4xx_HAL_Driver/Src/stm32f4xx_hal_cortex.c.obj
 .debug_info    0x0000000000003293      0x7b0 CMakeFiles/0.USART_HAL.elf.dir/Drivers/STM32F4xx_HAL_Driver/Src/stm32f4xx_hal_gpio.c.obj
 .debug_info    0x0000000000003a43      0xb03 CMakeFiles/0.USART_HAL.elf.dir/Drivers/STM32F4xx_HAL_Driver/Src/stm32f4xx_hal_rcc.c.obj

.debug_abbrev   0x0000000000000000     0x10cc
 .debug_abbrev  0x0000000000000000       0xd1 CMakeFiles/0.USART_HAL.elf.dir/Core/Src/gpio.c.obj
 .debug_abbrev  0x00000000000000d1      0x1d1 CMakeFiles/0.USART_HAL.elf.dir/Core/Src/main.c.obj
 .debug_abbrev  0x00000000000002a2       0xd1 CMakeFiles/0.USART_HAL.elf.dir/Core/Src/stm32f4xx_hal_msp.c.obj
 .debug_abbrev  0x0000000000000373       0x7e CMakeFiles/0.USART_HAL.elf.dir/Core/Src/stm32f4xx_it.c.obj
 .debug_abbrev  0x00000000000003f1      0x119 CMakeFiles/0.USART_HAL.elf.dir/Core/Src/system_stm32f4xx.c.obj
 .debug_abbrev  0x000000000000050a       0x12 CMakeFiles/0.USART_HAL.elf.dir/Core/Startup/startup_stm32f407zgtx.s.obj
 .debug_abbrev  0x000000000000051c      0x1c7 CMakeFiles/0.USART_HAL.elf.dir/Drivers/BSP/Src/uart_virtual.c.obj
 .debug_abbrev  0x00000000000006e3      0x206 CMakeFiles/0.USART_HAL.elf.dir/Drivers/STM32F4xx_HAL_Driver/Src/stm32f4xx_hal.c.obj
 .debug_abbrev  0x00000000000008e9      0x36a CMakeFiles/0.USART_HAL.elf.dir/Drivers/STM32F4xx_HAL_Driver/Src/stm32f4xx_hal_cortex.c.obj
 .debug_abbrev  0x0000000000000c53      0x1ef CMakeFiles/0.USART_HAL.elf.dir/Drivers/STM32F4xx_HAL_Driver/Src/stm32f4xx_hal_gpio.c.obj
 .debug_abbrev  0x0000000000000e42      0x28a CMakeFiles/0.USART_HAL.elf.dir/Drivers/STM32F4xx_HAL_Driver/Src/stm32f4xx_hal_rcc.c.obj

.debug_aranges  0x0000000000000000      0x3c8
 .debug_aranges
                0x0000000000000000       0x20 CMakeFiles/0.USART_HAL.elf.dir/Core/Src/gpio.c.obj
 .debug_aranges
                0x0000000000000020       0x30 CMakeFiles/0.USART_HAL.elf.dir/Core/Src/main.c.obj
 .debug_aranges
                0x0000000000000050       0x20 CMakeFiles/0.USART_HAL.elf.dir/Core/Src/stm32f4xx_hal_msp.c.obj
 .debug_aranges
                0x0000000000000070       0x60 CMakeFiles/0.USART_HAL.elf.dir/Core/Src/stm32f4xx_it.c.obj
 .debug_aranges
                0x00000000000000d0       0x28 CMakeFiles/0.USART_HAL.elf.dir/Core/Src/system_stm32f4xx.c.obj
 .debug_aranges
                0x00000000000000f8       0x28 CMakeFiles/0.USART_HAL.elf.dir/Core/Startup/startup_stm32f407zgtx.s.obj
 .debug_aranges
                0x0000000000000120       0x30 CMakeFiles/0.USART_HAL.elf.dir/Drivers/BSP/Src/uart_virtual.c.obj
 .debug_aranges
                0x0000000000000150       0xf0 CMakeFiles/0.USART_HAL.elf.dir/Drivers/STM32F4xx_HAL_Driver/Src/stm32f4xx_hal.c.obj
 .debug_aranges
                0x0000000000000240       0xa8 CMakeFiles/0.USART_HAL.elf.dir/Drivers/STM32F4xx_HAL_Driver/Src/stm32f4xx_hal_cortex.c.obj
 .debug_aranges
                0x00000000000002e8       0x58 CMakeFiles/0.USART_HAL.elf.dir/Drivers/STM32F4xx_HAL_Driver/Src/stm32f4xx_hal_gpio.c.obj
 .debug_aranges
                0x0000000000000340       0x88 CMakeFiles/0.USART_HAL.elf.dir/Drivers/STM32F4xx_HAL_Driver/Src/stm32f4xx_hal_rcc.c.obj

.debug_ranges   0x0000000000000000      0x398
 .debug_ranges  0x0000000000000000       0x10 CMakeFiles/0.USART_HAL.elf.dir/Core/Src/gpio.c.obj
 .debug_ranges  0x0000000000000010       0x20 CMakeFiles/0.USART_HAL.elf.dir/Core/Src/main.c.obj
 .debug_ranges  0x0000000000000030       0x10 CMakeFiles/0.USART_HAL.elf.dir/Core/Src/stm32f4xx_hal_msp.c.obj
 .debug_ranges  0x0000000000000040       0x50 CMakeFiles/0.USART_HAL.elf.dir/Core/Src/stm32f4xx_it.c.obj
 .debug_ranges  0x0000000000000090       0x18 CMakeFiles/0.USART_HAL.elf.dir/Core/Src/system_stm32f4xx.c.obj
 .debug_ranges  0x00000000000000a8       0x20 CMakeFiles/0.USART_HAL.elf.dir/Core/Startup/startup_stm32f407zgtx.s.obj
 .debug_ranges  0x00000000000000c8       0x20 CMakeFiles/0.USART_HAL.elf.dir/Drivers/BSP/Src/uart_virtual.c.obj
 .debug_ranges  0x00000000000000e8       0xe0 CMakeFiles/0.USART_HAL.elf.dir/Drivers/STM32F4xx_HAL_Driver/Src/stm32f4xx_hal.c.obj
 .debug_ranges  0x00000000000001c8       0xf8 CMakeFiles/0.USART_HAL.elf.dir/Drivers/STM32F4xx_HAL_Driver/Src/stm32f4xx_hal_cortex.c.obj
 .debug_ranges  0x00000000000002c0       0x48 CMakeFiles/0.USART_HAL.elf.dir/Drivers/STM32F4xx_HAL_Driver/Src/stm32f4xx_hal_gpio.c.obj
 .debug_ranges  0x0000000000000308       0x90 CMakeFiles/0.USART_HAL.elf.dir/Drivers/STM32F4xx_HAL_Driver/Src/stm32f4xx_hal_rcc.c.obj

.debug_line     0x0000000000000000     0x3512
 .debug_line    0x0000000000000000      0x1cb CMakeFiles/0.USART_HAL.elf.dir/Core/Src/gpio.c.obj
 .debug_line    0x00000000000001cb      0x4e4 CMakeFiles/0.USART_HAL.elf.dir/Core/Src/main.c.obj
 .debug_line    0x00000000000006af      0x1d8 CMakeFiles/0.USART_HAL.elf.dir/Core/Src/stm32f4xx_hal_msp.c.obj
 .debug_line    0x0000000000000887      0x1f1 CMakeFiles/0.USART_HAL.elf.dir/Core/Src/stm32f4xx_it.c.obj
 .debug_line    0x0000000000000a78      0x2a1 CMakeFiles/0.USART_HAL.elf.dir/Core/Src/system_stm32f4xx.c.obj
 .debug_line    0x0000000000000d19       0xc2 CMakeFiles/0.USART_HAL.elf.dir/Core/Startup/startup_stm32f407zgtx.s.obj
 .debug_line    0x0000000000000ddb      0x503 CMakeFiles/0.USART_HAL.elf.dir/Drivers/BSP/Src/uart_virtual.c.obj
 .debug_line    0x00000000000012de      0x65d CMakeFiles/0.USART_HAL.elf.dir/Drivers/STM32F4xx_HAL_Driver/Src/stm32f4xx_hal.c.obj
 .debug_line    0x000000000000193b      0x870 CMakeFiles/0.USART_HAL.elf.dir/Drivers/STM32F4xx_HAL_Driver/Src/stm32f4xx_hal_cortex.c.obj
 .debug_line    0x00000000000021ab      0x79c CMakeFiles/0.USART_HAL.elf.dir/Drivers/STM32F4xx_HAL_Driver/Src/stm32f4xx_hal_gpio.c.obj
 .debug_line    0x0000000000002947      0xbcb CMakeFiles/0.USART_HAL.elf.dir/Drivers/STM32F4xx_HAL_Driver/Src/stm32f4xx_hal_rcc.c.obj

.debug_str      0x0000000000000000     0x1a1b
 .debug_str     0x0000000000000000      0x2d3 CMakeFiles/0.USART_HAL.elf.dir/Core/Src/gpio.c.obj
                                        0x315 (size before relaxing)
 .debug_str     0x00000000000002d3      0x2a4 CMakeFiles/0.USART_HAL.elf.dir/Core/Src/main.c.obj
                                        0x589 (size before relaxing)
 .debug_str     0x0000000000000577       0x66 CMakeFiles/0.USART_HAL.elf.dir/Core/Src/stm32f4xx_hal_msp.c.obj
                                        0x321 (size before relaxing)
 .debug_str     0x00000000000005dd       0xf1 CMakeFiles/0.USART_HAL.elf.dir/Core/Src/stm32f4xx_it.c.obj
                                        0x295 (size before relaxing)
 .debug_str     0x00000000000006ce       0xc1 CMakeFiles/0.USART_HAL.elf.dir/Core/Src/system_stm32f4xx.c.obj
                                        0x387 (size before relaxing)
 .debug_str     0x000000000000078f       0x70 CMakeFiles/0.USART_HAL.elf.dir/Core/Startup/startup_stm32f407zgtx.s.obj
                                         0xbf (size before relaxing)
 .debug_str     0x00000000000007ff      0x12b CMakeFiles/0.USART_HAL.elf.dir/Drivers/BSP/Src/uart_virtual.c.obj
                                        0x484 (size before relaxing)
 .debug_str     0x000000000000092a      0x894 CMakeFiles/0.USART_HAL.elf.dir/Drivers/STM32F4xx_HAL_Driver/Src/stm32f4xx_hal.c.obj
                                        0xbc0 (size before relaxing)
 .debug_str     0x00000000000011be      0x4fd CMakeFiles/0.USART_HAL.elf.dir/Drivers/STM32F4xx_HAL_Driver/Src/stm32f4xx_hal_cortex.c.obj
                                        0xc92 (size before relaxing)
 .debug_str     0x00000000000016bb      0x172 CMakeFiles/0.USART_HAL.elf.dir/Drivers/STM32F4xx_HAL_Driver/Src/stm32f4xx_hal_gpio.c.obj
                                        0x546 (size before relaxing)
 .debug_str     0x000000000000182d      0x1ee CMakeFiles/0.USART_HAL.elf.dir/Drivers/STM32F4xx_HAL_Driver/Src/stm32f4xx_hal_rcc.c.obj
                                        0x76c (size before relaxing)

.comment        0x0000000000000000       0x49
 .comment       0x0000000000000000       0x49 CMakeFiles/0.USART_HAL.elf.dir/Core/Src/gpio.c.obj
                                         0x4a (size before relaxing)
 .comment       0x0000000000000049       0x4a CMakeFiles/0.USART_HAL.elf.dir/Core/Src/main.c.obj
 .comment       0x0000000000000049       0x4a CMakeFiles/0.USART_HAL.elf.dir/Core/Src/stm32f4xx_hal_msp.c.obj
 .comment       0x0000000000000049       0x4a CMakeFiles/0.USART_HAL.elf.dir/Core/Src/stm32f4xx_it.c.obj
 .comment       0x0000000000000049       0x4a CMakeFiles/0.USART_HAL.elf.dir/Core/Src/system_stm32f4xx.c.obj
 .comment       0x0000000000000049       0x4a CMakeFiles/0.USART_HAL.elf.dir/Drivers/BSP/Src/uart_virtual.c.obj
 .comment       0x0000000000000049       0x4a CMakeFiles/0.USART_HAL.elf.dir/Drivers/STM32F4xx_HAL_Driver/Src/stm32f4xx_hal.c.obj
 .comment       0x0000000000000049       0x4a CMakeFiles/0.USART_HAL.elf.dir/Drivers/STM32F4xx_HAL_Driver/Src/stm32f4xx_hal_cortex.c.obj
 .comment       0x0000000000000049       0x4a CMakeFiles/0.USART_HAL.elf.dir/Drivers/STM32F4xx_HAL_Driver/Src/stm32f4xx_hal_gpio.c.obj
 .comment       0x0000000000000049       0x4a CMakeFiles/0.USART_HAL.elf.dir/Drivers/STM32F4xx_HAL_Driver/Src/stm32f4xx_hal_rcc.c.obj

.debug_frame    0x0000000000000000      0x9b0
 .debug_frame   0x0000000000000000       0x28 CMakeFiles/0.USART_HAL.elf.dir/Core/Src/gpio.c.obj
 .debug_frame   0x0000000000000028       0x58 CMakeFiles/0.USART_HAL.elf.dir/Core/Src/main.c.obj
 .debug_frame   0x0000000000000080       0x28 CMakeFiles/0.USART_HAL.elf.dir/Core/Src/stm32f4xx_hal_msp.c.obj
 .debug_frame   0x00000000000000a8       0xa8 CMakeFiles/0.USART_HAL.elf.dir/Core/Src/stm32f4xx_it.c.obj
 .debug_frame   0x0000000000000150       0x30 CMakeFiles/0.USART_HAL.elf.dir/Core/Src/system_stm32f4xx.c.obj
 .debug_frame   0x0000000000000180       0x6c CMakeFiles/0.USART_HAL.elf.dir/Drivers/BSP/Src/uart_virtual.c.obj
 .debug_frame   0x00000000000001ec      0x1ec CMakeFiles/0.USART_HAL.elf.dir/Drivers/STM32F4xx_HAL_Driver/Src/stm32f4xx_hal.c.obj
 .debug_frame   0x00000000000003d8      0x148 CMakeFiles/0.USART_HAL.elf.dir/Drivers/STM32F4xx_HAL_Driver/Src/stm32f4xx_hal_cortex.c.obj
 .debug_frame   0x0000000000000520       0xd8 CMakeFiles/0.USART_HAL.elf.dir/Drivers/STM32F4xx_HAL_Driver/Src/stm32f4xx_hal_gpio.c.obj
 .debug_frame   0x00000000000005f8      0x16c CMakeFiles/0.USART_HAL.elf.dir/Drivers/STM32F4xx_HAL_Driver/Src/stm32f4xx_hal_rcc.c.obj
 .debug_frame   0x0000000000000764       0x2c /usr/local/Cellar/arm-none-eabi-gcc/10.3-2021.07/gcc/bin/../lib/gcc/arm-none-eabi/10.3.1/thumb/v7e-m/nofp/libgcc.a(_aeabi_uldivmod.o)
 .debug_frame   0x0000000000000790       0x34 /usr/local/Cellar/arm-none-eabi-gcc/10.3-2021.07/gcc/bin/../lib/gcc/arm-none-eabi/10.3.1/thumb/v7e-m/nofp/libgcc.a(_udivmoddi4.o)
 .debug_frame   0x00000000000007c4       0x2c /usr/local/Cellar/arm-none-eabi-gcc/10.3-2021.07/gcc/bin/../lib/gcc/arm-none-eabi/10.3.1/../../../../arm-none-eabi/lib/thumb/v7e-m/nofp/libg.a(lib_a-init.o)
 .debug_frame   0x00000000000007f0       0x2c /usr/local/Cellar/arm-none-eabi-gcc/10.3-2021.07/gcc/bin/../lib/gcc/arm-none-eabi/10.3.1/../../../../arm-none-eabi/lib/thumb/v7e-m/nofp/libg.a(lib_a-memset.o)
 .debug_frame   0x000000000000081c       0x5c /usr/local/Cellar/arm-none-eabi-gcc/10.3-2021.07/gcc/bin/../lib/gcc/arm-none-eabi/10.3.1/../../../../arm-none-eabi/lib/thumb/v7e-m/nofp/libg.a(lib_a-__call_atexit.o)
 .debug_frame   0x0000000000000878       0x20 /usr/local/Cellar/arm-none-eabi-gcc/10.3-2021.07/gcc/bin/../lib/gcc/arm-none-eabi/10.3.1/../../../../arm-none-eabi/lib/thumb/v7e-m/nofp/libg.a(lib_a-atexit.o)
 .debug_frame   0x0000000000000898       0x34 /usr/local/Cellar/arm-none-eabi-gcc/10.3-2021.07/gcc/bin/../lib/gcc/arm-none-eabi/10.3.1/../../../../arm-none-eabi/lib/thumb/v7e-m/nofp/libg.a(lib_a-fini.o)
 .debug_frame   0x00000000000008cc       0xb0 /usr/local/Cellar/arm-none-eabi-gcc/10.3-2021.07/gcc/bin/../lib/gcc/arm-none-eabi/10.3.1/../../../../arm-none-eabi/lib/thumb/v7e-m/nofp/libg.a(lib_a-lock.o)
 .debug_frame   0x000000000000097c       0x34 /usr/local/Cellar/arm-none-eabi-gcc/10.3-2021.07/gcc/bin/../lib/gcc/arm-none-eabi/10.3.1/../../../../arm-none-eabi/lib/thumb/v7e-m/nofp/libg.a(lib_a-__atexit.o)

.debug_loc      0x0000000000000000     0x15a2
 .debug_loc     0x0000000000000000      0x158 CMakeFiles/0.USART_HAL.elf.dir/Core/Src/system_stm32f4xx.c.obj
 .debug_loc     0x0000000000000158      0x119 CMakeFiles/0.USART_HAL.elf.dir/Drivers/BSP/Src/uart_virtual.c.obj
 .debug_loc     0x0000000000000271      0x141 CMakeFiles/0.USART_HAL.elf.dir/Drivers/STM32F4xx_HAL_Driver/Src/stm32f4xx_hal.c.obj
 .debug_loc     0x00000000000003b2      0x744 CMakeFiles/0.USART_HAL.elf.dir/Drivers/STM32F4xx_HAL_Driver/Src/stm32f4xx_hal_cortex.c.obj
 .debug_loc     0x0000000000000af6      0x520 CMakeFiles/0.USART_HAL.elf.dir/Drivers/STM32F4xx_HAL_Driver/Src/stm32f4xx_hal_gpio.c.obj
 .debug_loc     0x0000000000001016      0x58c CMakeFiles/0.USART_HAL.elf.dir/Drivers/STM32F4xx_HAL_Driver/Src/stm32f4xx_hal_rcc.c.obj
