Archive member included to satisfy reference by file (symbol)

/usr/local/Cellar/arm-none-eabi-gcc/10.3-2021.07/gcc/bin/../lib/gcc/arm-none-eabi/10.3.1/thumb/v7e-m/nofp/libgcc.a(_aeabi_uldivmod.o)
                              CMakeFiles/GPIO_Register.elf.dir/Drivers/STM32F4xx_HAL_Driver/Src/stm32f4xx_hal_rcc.c.obj (__aeabi_uldivmod)
/usr/local/Cellar/arm-none-eabi-gcc/10.3-2021.07/gcc/bin/../lib/gcc/arm-none-eabi/10.3.1/thumb/v7e-m/nofp/libgcc.a(_udivmoddi4.o)
                              /usr/local/Cellar/arm-none-eabi-gcc/10.3-2021.07/gcc/bin/../lib/gcc/arm-none-eabi/10.3.1/thumb/v7e-m/nofp/libgcc.a(_aeabi_uldivmod.o) (__udivmoddi4)
/usr/local/Cellar/arm-none-eabi-gcc/10.3-2021.07/gcc/bin/../lib/gcc/arm-none-eabi/10.3.1/thumb/v7e-m/nofp/libgcc.a(_dvmd_tls.o)
                              /usr/local/Cellar/arm-none-eabi-gcc/10.3-2021.07/gcc/bin/../lib/gcc/arm-none-eabi/10.3.1/thumb/v7e-m/nofp/libgcc.a(_aeabi_uldivmod.o) (__aeabi_ldiv0)
/usr/local/Cellar/arm-none-eabi-gcc/10.3-2021.07/gcc/bin/../lib/gcc/arm-none-eabi/10.3.1/../../../../arm-none-eabi/lib/thumb/v7e-m/nofp/libg.a(lib_a-errno.o)
                              CMakeFiles/GPIO_Register.elf.dir/Core/Src/syscalls.c.obj (__errno)
/usr/local/Cellar/arm-none-eabi-gcc/10.3-2021.07/gcc/bin/../lib/gcc/arm-none-eabi/10.3.1/../../../../arm-none-eabi/lib/thumb/v7e-m/nofp/libg.a(lib_a-exit.o)
                              /usr/local/Cellar/arm-none-eabi-gcc/10.3-2021.07/gcc/bin/../lib/gcc/arm-none-eabi/10.3.1/../../../../arm-none-eabi/lib/thumb/v7e-m/nofp/crt0.o (exit)
/usr/local/Cellar/arm-none-eabi-gcc/10.3-2021.07/gcc/bin/../lib/gcc/arm-none-eabi/10.3.1/../../../../arm-none-eabi/lib/thumb/v7e-m/nofp/libg.a(lib_a-impure.o)
                              /usr/local/Cellar/arm-none-eabi-gcc/10.3-2021.07/gcc/bin/../lib/gcc/arm-none-eabi/10.3.1/../../../../arm-none-eabi/lib/thumb/v7e-m/nofp/libg.a(lib_a-exit.o) (_global_impure_ptr)
/usr/local/Cellar/arm-none-eabi-gcc/10.3-2021.07/gcc/bin/../lib/gcc/arm-none-eabi/10.3.1/../../../../arm-none-eabi/lib/thumb/v7e-m/nofp/libg.a(lib_a-init.o)
                              /usr/local/Cellar/arm-none-eabi-gcc/10.3-2021.07/gcc/bin/../lib/gcc/arm-none-eabi/10.3.1/../../../../arm-none-eabi/lib/thumb/v7e-m/nofp/crt0.o (__libc_init_array)
/usr/local/Cellar/arm-none-eabi-gcc/10.3-2021.07/gcc/bin/../lib/gcc/arm-none-eabi/10.3.1/../../../../arm-none-eabi/lib/thumb/v7e-m/nofp/libg.a(lib_a-memset.o)
                              /usr/local/Cellar/arm-none-eabi-gcc/10.3-2021.07/gcc/bin/../lib/gcc/arm-none-eabi/10.3.1/../../../../arm-none-eabi/lib/thumb/v7e-m/nofp/crt0.o (memset)
/usr/local/Cellar/arm-none-eabi-gcc/10.3-2021.07/gcc/bin/../lib/gcc/arm-none-eabi/10.3.1/../../../../arm-none-eabi/lib/thumb/v7e-m/nofp/libg.a(lib_a-__call_atexit.o)
                              /usr/local/Cellar/arm-none-eabi-gcc/10.3-2021.07/gcc/bin/../lib/gcc/arm-none-eabi/10.3.1/../../../../arm-none-eabi/lib/thumb/v7e-m/nofp/libg.a(lib_a-exit.o) (__call_exitprocs)
/usr/local/Cellar/arm-none-eabi-gcc/10.3-2021.07/gcc/bin/../lib/gcc/arm-none-eabi/10.3.1/../../../../arm-none-eabi/lib/thumb/v7e-m/nofp/libg.a(lib_a-atexit.o)
                              /usr/local/Cellar/arm-none-eabi-gcc/10.3-2021.07/gcc/bin/../lib/gcc/arm-none-eabi/10.3.1/../../../../arm-none-eabi/lib/thumb/v7e-m/nofp/libg.a(lib_a-__call_atexit.o) (atexit)
/usr/local/Cellar/arm-none-eabi-gcc/10.3-2021.07/gcc/bin/../lib/gcc/arm-none-eabi/10.3.1/../../../../arm-none-eabi/lib/thumb/v7e-m/nofp/libg.a(lib_a-fini.o)
                              /usr/local/Cellar/arm-none-eabi-gcc/10.3-2021.07/gcc/bin/../lib/gcc/arm-none-eabi/10.3.1/../../../../arm-none-eabi/lib/thumb/v7e-m/nofp/libg.a(lib_a-__call_atexit.o) (__libc_fini_array)
/usr/local/Cellar/arm-none-eabi-gcc/10.3-2021.07/gcc/bin/../lib/gcc/arm-none-eabi/10.3.1/../../../../arm-none-eabi/lib/thumb/v7e-m/nofp/libg.a(lib_a-lock.o)
                              /usr/local/Cellar/arm-none-eabi-gcc/10.3-2021.07/gcc/bin/../lib/gcc/arm-none-eabi/10.3.1/../../../../arm-none-eabi/lib/thumb/v7e-m/nofp/libg.a(lib_a-__call_atexit.o) (__retarget_lock_acquire_recursive)
/usr/local/Cellar/arm-none-eabi-gcc/10.3-2021.07/gcc/bin/../lib/gcc/arm-none-eabi/10.3.1/../../../../arm-none-eabi/lib/thumb/v7e-m/nofp/libg.a(lib_a-__atexit.o)
                              /usr/local/Cellar/arm-none-eabi-gcc/10.3-2021.07/gcc/bin/../lib/gcc/arm-none-eabi/10.3.1/../../../../arm-none-eabi/lib/thumb/v7e-m/nofp/libg.a(lib_a-atexit.o) (__register_exitproc)

Discarded input sections

 .text          0x0000000000000000        0x0 /usr/local/Cellar/arm-none-eabi-gcc/10.3-2021.07/gcc/bin/../lib/gcc/arm-none-eabi/10.3.1/thumb/v7e-m/nofp/crti.o
 .data          0x0000000000000000        0x0 /usr/local/Cellar/arm-none-eabi-gcc/10.3-2021.07/gcc/bin/../lib/gcc/arm-none-eabi/10.3.1/thumb/v7e-m/nofp/crti.o
 .bss           0x0000000000000000        0x0 /usr/local/Cellar/arm-none-eabi-gcc/10.3-2021.07/gcc/bin/../lib/gcc/arm-none-eabi/10.3.1/thumb/v7e-m/nofp/crti.o
[...]
Memory Configuration

Name             Origin             Length             Attributes
CCMRAM           0x0000000010000000 0x0000000000010000 xrw
RAM              0x0000000020000000 0x0000000000020000 xrw
FLASH            0x0000000008000000 0x0000000000100000 xr
*default*        0x0000000000000000 0xffffffffffffffff

Linker script and memory map

LOAD /usr/local/Cellar/arm-none-eabi-gcc/10.3-2021.07/gcc/bin/../lib/gcc/arm-none-eabi/10.3.1/thumb/v7e-m/nofp/crti.o
LOAD /usr/local/Cellar/arm-none-eabi-gcc/10.3-2021.07/gcc/bin/../lib/gcc/arm-none-eabi/10.3.1/thumb/v7e-m/nofp/crtbegin.o
LOAD /usr/local/Cellar/arm-none-eabi-gcc/10.3-2021.07/gcc/bin/../lib/gcc/arm-none-eabi/10.3.1/../../../../arm-none-eabi/lib/thumb/v7e-m/nofp/crt0.o
LOAD CMakeFiles/GPIO_Register.elf.dir/Core/Src/main.c.obj
LOAD CMakeFiles/GPIO_Register.elf.dir/Core/Src/stm32f4xx_hal_msp.c.obj
LOAD CMakeFiles/GPIO_Register.elf.dir/Core/Src/stm32f4xx_it.c.obj
LOAD CMakeFiles/GPIO_Register.elf.dir/Core/Src/syscalls.c.obj
LOAD CMakeFiles/GPIO_Register.elf.dir/Core/Src/sysmem.c.obj
LOAD CMakeFiles/GPIO_Register.elf.dir/Core/Src/system_stm32f4xx.c.obj
LOAD CMakeFiles/GPIO_Register.elf.dir/Core/Startup/startup_stm32f407zgtx.s.obj
LOAD CMakeFiles/GPIO_Register.elf.dir/Drivers/STM32F4xx_HAL_Driver/Src/stm32f4xx_hal.c.obj
LOAD CMakeFiles/GPIO_Register.elf.dir/Drivers/STM32F4xx_HAL_Driver/Src/stm32f4xx_hal_cortex.c.obj
LOAD CMakeFiles/GPIO_Register.elf.dir/Drivers/STM32F4xx_HAL_Driver/Src/stm32f4xx_hal_dma.c.obj
LOAD CMakeFiles/GPIO_Register.elf.dir/Drivers/STM32F4xx_HAL_Driver/Src/stm32f4xx_hal_dma_ex.c.obj
LOAD CMakeFiles/GPIO_Register.elf.dir/Drivers/STM32F4xx_HAL_Driver/Src/stm32f4xx_hal_exti.c.obj
LOAD CMakeFiles/GPIO_Register.elf.dir/Drivers/STM32F4xx_HAL_Driver/Src/stm32f4xx_hal_flash.c.obj
LOAD CMakeFiles/GPIO_Register.elf.dir/Drivers/STM32F4xx_HAL_Driver/Src/stm32f4xx_hal_flash_ex.c.obj
LOAD CMakeFiles/GPIO_Register.elf.dir/Drivers/STM32F4xx_HAL_Driver/Src/stm32f4xx_hal_flash_ramfunc.c.obj
LOAD CMakeFiles/GPIO_Register.elf.dir/Drivers/STM32F4xx_HAL_Driver/Src/stm32f4xx_hal_gpio.c.obj
LOAD CMakeFiles/GPIO_Register.elf.dir/Drivers/STM32F4xx_HAL_Driver/Src/stm32f4xx_hal_pwr.c.obj
LOAD CMakeFiles/GPIO_Register.elf.dir/Drivers/STM32F4xx_HAL_Driver/Src/stm32f4xx_hal_pwr_ex.c.obj
LOAD CMakeFiles/GPIO_Register.elf.dir/Drivers/STM32F4xx_HAL_Driver/Src/stm32f4xx_hal_rcc.c.obj
LOAD CMakeFiles/GPIO_Register.elf.dir/Drivers/STM32F4xx_HAL_Driver/Src/stm32f4xx_hal_rcc_ex.c.obj
LOAD CMakeFiles/GPIO_Register.elf.dir/Drivers/STM32F4xx_HAL_Driver/Src/stm32f4xx_hal_tim.c.obj
LOAD CMakeFiles/GPIO_Register.elf.dir/Drivers/STM32F4xx_HAL_Driver/Src/stm32f4xx_hal_tim_ex.c.obj
START GROUP
LOAD /usr/local/Cellar/arm-none-eabi-gcc/10.3-2021.07/gcc/bin/../lib/gcc/arm-none-eabi/10.3.1/thumb/v7e-m/nofp/libgcc.a
LOAD /usr/local/Cellar/arm-none-eabi-gcc/10.3-2021.07/gcc/bin/../lib/gcc/arm-none-eabi/10.3.1/../../../../arm-none-eabi/lib/thumb/v7e-m/nofp/libg.a
LOAD /usr/local/Cellar/arm-none-eabi-gcc/10.3-2021.07/gcc/bin/../lib/gcc/arm-none-eabi/10.3.1/../../../../arm-none-eabi/lib/thumb/v7e-m/nofp/libc.a
END GROUP
LOAD /usr/local/Cellar/arm-none-eabi-gcc/10.3-2021.07/gcc/bin/../lib/gcc/arm-none-eabi/10.3.1/thumb/v7e-m/nofp/crtend.o
LOAD /usr/local/Cellar/arm-none-eabi-gcc/10.3-2021.07/gcc/bin/../lib/gcc/arm-none-eabi/10.3.1/thumb/v7e-m/nofp/crtn.o
                0x0000000020020000                _estack = (ORIGIN (RAM) + LENGTH (RAM))
                0x0000000000000200                _Min_Heap_Size = 0x200
                0x0000000000000400                _Min_Stack_Size = 0x400

.isr_vector     0x0000000008000000      0x188
                0x0000000008000000                . = ALIGN (0x4)
 *(.isr_vector)
 .isr_vector    0x0000000008000000      0x188 CMakeFiles/GPIO_Register.elf.dir/Core/Startup/startup_stm32f407zgtx.s.obj
                0x0000000008000000                g_pfnVectors
                0x0000000008000188                . = ALIGN (0x4)

.text           0x0000000008000188     0x126c
                0x0000000008000188                . = ALIGN (0x4)
 *(.text)
 .text          0x0000000008000188       0x40 /usr/local/Cellar/arm-none-eabi-gcc/10.3-2021.07/gcc/bin/../lib/gcc/arm-none-eabi/10.3.1/thumb/v7e-m/nofp/crtbegin.o
 .text          0x00000000080001c8       0x30 /usr/local/Cellar/arm-none-eabi-gcc/10.3-2021.07/gcc/bin/../lib/gcc/arm-none-eabi/10.3.1/thumb/v7e-m/nofp/libgcc.a(_aeabi_uldivmod.o)
                0x00000000080001c8                __aeabi_uldivmod
 .text          0x00000000080001f8      0x2d0 /usr/local/Cellar/arm-none-eabi-gcc/10.3-2021.07/gcc/bin/../lib/gcc/arm-none-eabi/10.3.1/thumb/v7e-m/nofp/libgcc.a(_udivmoddi4.o)
                0x00000000080001f8                __udivmoddi4
 .text          0x00000000080004c8        0x4 /usr/local/Cellar/arm-none-eabi-gcc/10.3-2021.07/gcc/bin/../lib/gcc/arm-none-eabi/10.3.1/thumb/v7e-m/nofp/libgcc.a(_dvmd_tls.o)
                0x00000000080004c8                __aeabi_ldiv0
                0x00000000080004c8                __aeabi_idiv0
 *(.text*)
 .text.main     0x00000000080004cc       0x94 CMakeFiles/GPIO_Register.elf.dir/Core/Src/main.c.obj
                0x00000000080004cc                main
 .text.SystemClock_Config
                0x0000000008000560       0xbc CMakeFiles/GPIO_Register.elf.dir/Core/Src/main.c.obj
                0x0000000008000560                SystemClock_Config
 .text.Error_Handler
                0x000000000800061c        0xa CMakeFiles/GPIO_Register.elf.dir/Core/Src/main.c.obj
                0x000000000800061c                Error_Handler
 *fill*         0x0000000008000626        0x2 
 .text.HAL_MspInit
                0x0000000008000628       0x4c CMakeFiles/GPIO_Register.elf.dir/Core/Src/stm32f4xx_hal_msp.c.obj
                0x0000000008000628                HAL_MspInit
 .text.NMI_Handler
                0x0000000008000674        0x6 CMakeFiles/GPIO_Register.elf.dir/Core/Src/stm32f4xx_it.c.obj
                0x0000000008000674                NMI_Handler
 .text.HardFault_Handler
                0x000000000800067a        0x6 CMakeFiles/GPIO_Register.elf.dir/Core/Src/stm32f4xx_it.c.obj
                0x000000000800067a                HardFault_Handler
 .text.MemManage_Handler
                0x0000000008000680        0x6 CMakeFiles/GPIO_Register.elf.dir/Core/Src/stm32f4xx_it.c.obj
                0x0000000008000680                MemManage_Handler
 .text.BusFault_Handler
                0x0000000008000686        0x6 CMakeFiles/GPIO_Register.elf.dir/Core/Src/stm32f4xx_it.c.obj
                0x0000000008000686                BusFault_Handler
 .text.UsageFault_Handler
                0x000000000800068c        0x6 CMakeFiles/GPIO_Register.elf.dir/Core/Src/stm32f4xx_it.c.obj
                0x000000000800068c                UsageFault_Handler
 .text.SVC_Handler
                0x0000000008000692        0xc CMakeFiles/GPIO_Register.elf.dir/Core/Src/stm32f4xx_it.c.obj
                0x0000000008000692                SVC_Handler
 .text.DebugMon_Handler
                0x000000000800069e        0xc CMakeFiles/GPIO_Register.elf.dir/Core/Src/stm32f4xx_it.c.obj
                0x000000000800069e                DebugMon_Handler
 .text.PendSV_Handler
                0x00000000080006aa        0xc CMakeFiles/GPIO_Register.elf.dir/Core/Src/stm32f4xx_it.c.obj
                0x00000000080006aa                PendSV_Handler
 .text.SysTick_Handler
                0x00000000080006b6        0xc CMakeFiles/GPIO_Register.elf.dir/Core/Src/stm32f4xx_it.c.obj
                0x00000000080006b6                SysTick_Handler
 .text.SystemInit
                0x00000000080006c2        0xc CMakeFiles/GPIO_Register.elf.dir/Core/Src/system_stm32f4xx.c.obj
                0x00000000080006c2                SystemInit
 *fill*         0x00000000080006ce        0x2 
 .text.Reset_Handler
                0x00000000080006d0       0x50 CMakeFiles/GPIO_Register.elf.dir/Core/Startup/startup_stm32f407zgtx.s.obj
                0x00000000080006d0                Reset_Handler
 .text.Default_Handler
                0x0000000008000720        0x2 CMakeFiles/GPIO_Register.elf.dir/Core/Startup/startup_stm32f407zgtx.s.obj
                0x0000000008000720                DMA1_Stream3_IRQHandler
                0x0000000008000720                HASH_RNG_IRQHandler
                0x0000000008000720                EXTI2_IRQHandler
                0x0000000008000720                TIM8_CC_IRQHandler
                0x0000000008000720                TIM1_CC_IRQHandler
                0x0000000008000720                DMA2_Stream5_IRQHandler
                0x0000000008000720                DMA1_Stream5_IRQHandler
                0x0000000008000720                PVD_IRQHandler
                0x0000000008000720                SDIO_IRQHandler
                0x0000000008000720                TAMP_STAMP_IRQHandler
                0x0000000008000720                CAN2_RX1_IRQHandler
                0x0000000008000720                EXTI3_IRQHandler
                0x0000000008000720                TIM8_TRG_COM_TIM14_IRQHandler
                0x0000000008000720                TIM1_UP_TIM10_IRQHandler
                0x0000000008000720                TIM8_UP_TIM13_IRQHandler
                0x0000000008000720                I2C3_ER_IRQHandler
                0x0000000008000720                EXTI0_IRQHandler
                0x0000000008000720                I2C2_EV_IRQHandler
                0x0000000008000720                DMA1_Stream2_IRQHandler
                0x0000000008000720                CAN1_RX0_IRQHandler
                0x0000000008000720                FPU_IRQHandler
                0x0000000008000720                OTG_HS_WKUP_IRQHandler
                0x0000000008000720                CAN2_SCE_IRQHandler
                0x0000000008000720                DMA2_Stream2_IRQHandler
                0x0000000008000720                SPI1_IRQHandler
                0x0000000008000720                TIM6_DAC_IRQHandler
                0x0000000008000720                TIM1_BRK_TIM9_IRQHandler
                0x0000000008000720                DCMI_IRQHandler
                0x0000000008000720                CAN2_RX0_IRQHandler
                0x0000000008000720                DMA2_Stream3_IRQHandler
                0x0000000008000720                USART6_IRQHandler
                0x0000000008000720                USART3_IRQHandler
                0x0000000008000720                CAN1_RX1_IRQHandler
                0x0000000008000720                UART5_IRQHandler
                0x0000000008000720                DMA2_Stream0_IRQHandler
                0x0000000008000720                TIM4_IRQHandler
                0x0000000008000720                I2C1_EV_IRQHandler
                0x0000000008000720                DMA1_Stream6_IRQHandler
                0x0000000008000720                DMA1_Stream1_IRQHandler
                0x0000000008000720                UART4_IRQHandler
                0x0000000008000720                TIM3_IRQHandler
                0x0000000008000720                RCC_IRQHandler
                0x0000000008000720                TIM8_BRK_TIM12_IRQHandler
                0x0000000008000720                Default_Handler
                0x0000000008000720                EXTI15_10_IRQHandler
                0x0000000008000720                ADC_IRQHandler
                0x0000000008000720                DMA1_Stream7_IRQHandler
                0x0000000008000720                TIM7_IRQHandler
                0x0000000008000720                CAN2_TX_IRQHandler
                0x0000000008000720                TIM5_IRQHandler
                0x0000000008000720                DMA2_Stream7_IRQHandler
                0x0000000008000720                I2C3_EV_IRQHandler
                0x0000000008000720                EXTI9_5_IRQHandler
                0x0000000008000720                RTC_WKUP_IRQHandler
                0x0000000008000720                ETH_WKUP_IRQHandler
                0x0000000008000720                SPI2_IRQHandler
                0x0000000008000720                OTG_HS_EP1_IN_IRQHandler
                0x0000000008000720                DMA1_Stream0_IRQHandler
                0x0000000008000720                CAN1_TX_IRQHandler
                0x0000000008000720                EXTI4_IRQHandler
                0x0000000008000720                FSMC_IRQHandler
                0x0000000008000720                ETH_IRQHandler
                0x0000000008000720                OTG_HS_EP1_OUT_IRQHandler
                0x0000000008000720                WWDG_IRQHandler
                0x0000000008000720                TIM2_IRQHandler
                0x0000000008000720                OTG_FS_WKUP_IRQHandler
                0x0000000008000720                TIM1_TRG_COM_TIM11_IRQHandler
                0x0000000008000720                OTG_HS_IRQHandler
                0x0000000008000720                EXTI1_IRQHandler
                0x0000000008000720                USART2_IRQHandler
                0x0000000008000720                I2C2_ER_IRQHandler
                0x0000000008000720                DMA2_Stream1_IRQHandler
                0x0000000008000720                CAN1_SCE_IRQHandler
                0x0000000008000720                FLASH_IRQHandler
                0x0000000008000720                DMA2_Stream4_IRQHandler
                0x0000000008000720                USART1_IRQHandler
                0x0000000008000720                OTG_FS_IRQHandler
                0x0000000008000720                SPI3_IRQHandler
                0x0000000008000720                DMA1_Stream4_IRQHandler
                0x0000000008000720                I2C1_ER_IRQHandler
                0x0000000008000720                DMA2_Stream6_IRQHandler
                0x0000000008000720                RTC_Alarm_IRQHandler
 *fill*         0x0000000008000722        0x2 
 .text.HAL_Init
                0x0000000008000724       0x44 CMakeFiles/GPIO_Register.elf.dir/Drivers/STM32F4xx_HAL_Driver/Src/stm32f4xx_hal.c.obj
                0x0000000008000724                HAL_Init
 .text.HAL_InitTick
                0x0000000008000768       0x60 CMakeFiles/GPIO_Register.elf.dir/Drivers/STM32F4xx_HAL_Driver/Src/stm32f4xx_hal.c.obj
                0x0000000008000768                HAL_InitTick
 .text.HAL_IncTick
                0x00000000080007c8       0x24 CMakeFiles/GPIO_Register.elf.dir/Drivers/STM32F4xx_HAL_Driver/Src/stm32f4xx_hal.c.obj
                0x00000000080007c8                HAL_IncTick
 .text.HAL_GetTick
                0x00000000080007ec       0x14 CMakeFiles/GPIO_Register.elf.dir/Drivers/STM32F4xx_HAL_Driver/Src/stm32f4xx_hal.c.obj
                0x00000000080007ec                HAL_GetTick
 .text.__NVIC_SetPriorityGrouping
                0x0000000008000800       0x48 CMakeFiles/GPIO_Register.elf.dir/Drivers/STM32F4xx_HAL_Driver/Src/stm32f4xx_hal_cortex.c.obj
 .text.__NVIC_GetPriorityGrouping
                0x0000000008000848       0x1c CMakeFiles/GPIO_Register.elf.dir/Drivers/STM32F4xx_HAL_Driver/Src/stm32f4xx_hal_cortex.c.obj
 .text.__NVIC_SetPriority
                0x0000000008000864       0x54 CMakeFiles/GPIO_Register.elf.dir/Drivers/STM32F4xx_HAL_Driver/Src/stm32f4xx_hal_cortex.c.obj
 .text.NVIC_EncodePriority
                0x00000000080008b8       0x64 CMakeFiles/GPIO_Register.elf.dir/Drivers/STM32F4xx_HAL_Driver/Src/stm32f4xx_hal_cortex.c.obj
 .text.SysTick_Config
                0x000000000800091c       0x44 CMakeFiles/GPIO_Register.elf.dir/Drivers/STM32F4xx_HAL_Driver/Src/stm32f4xx_hal_cortex.c.obj
 .text.HAL_NVIC_SetPriorityGrouping
                0x0000000008000960       0x16 CMakeFiles/GPIO_Register.elf.dir/Drivers/STM32F4xx_HAL_Driver/Src/stm32f4xx_hal_cortex.c.obj
                0x0000000008000960                HAL_NVIC_SetPriorityGrouping
 .text.HAL_NVIC_SetPriority
                0x0000000008000976       0x38 CMakeFiles/GPIO_Register.elf.dir/Drivers/STM32F4xx_HAL_Driver/Src/stm32f4xx_hal_cortex.c.obj
                0x0000000008000976                HAL_NVIC_SetPriority
 .text.HAL_SYSTICK_Config
                0x00000000080009ae       0x18 CMakeFiles/GPIO_Register.elf.dir/Drivers/STM32F4xx_HAL_Driver/Src/stm32f4xx_hal_cortex.c.obj
                0x00000000080009ae                HAL_SYSTICK_Config
 *fill*         0x00000000080009c6        0x2 
 .text.HAL_RCC_OscConfig
                0x00000000080009c8      0x4f0 CMakeFiles/GPIO_Register.elf.dir/Drivers/STM32F4xx_HAL_Driver/Src/stm32f4xx_hal_rcc.c.obj
                0x00000000080009c8                HAL_RCC_OscConfig
 .text.HAL_RCC_ClockConfig
                0x0000000008000eb8      0x1cc CMakeFiles/GPIO_Register.elf.dir/Drivers/STM32F4xx_HAL_Driver/Src/stm32f4xx_hal_rcc.c.obj
                0x0000000008000eb8                HAL_RCC_ClockConfig
 .text.HAL_RCC_GetSysClockFreq
                0x0000000008001084      0x18c CMakeFiles/GPIO_Register.elf.dir/Drivers/STM32F4xx_HAL_Driver/Src/stm32f4xx_hal_rcc.c.obj
                0x0000000008001084                HAL_RCC_GetSysClockFreq
 .text.__libc_init_array
                0x0000000008001210       0x48 /usr/local/Cellar/arm-none-eabi-gcc/10.3-2021.07/gcc/bin/../lib/gcc/arm-none-eabi/10.3.1/../../../../arm-none-eabi/lib/thumb/v7e-m/nofp/libg.a(lib_a-init.o)
                0x0000000008001210                __libc_init_array
 .text.memset   0x0000000008001258       0xa4 /usr/local/Cellar/arm-none-eabi-gcc/10.3-2021.07/gcc/bin/../lib/gcc/arm-none-eabi/10.3.1/../../../../arm-none-eabi/lib/thumb/v7e-m/nofp/libg.a(lib_a-memset.o)
                0x0000000008001258                memset
 .text.startup.register_fini
                0x00000000080012fc       0x14 /usr/local/Cellar/arm-none-eabi-gcc/10.3-2021.07/gcc/bin/../lib/gcc/arm-none-eabi/10.3.1/../../../../arm-none-eabi/lib/thumb/v7e-m/nofp/libg.a(lib_a-__call_atexit.o)
 .text.atexit   0x0000000008001310        0xc /usr/local/Cellar/arm-none-eabi-gcc/10.3-2021.07/gcc/bin/../lib/gcc/arm-none-eabi/10.3.1/../../../../arm-none-eabi/lib/thumb/v7e-m/nofp/libg.a(lib_a-atexit.o)
                0x0000000008001310                atexit
 .text.__libc_fini_array
                0x000000000800131c       0x2c /usr/local/Cellar/arm-none-eabi-gcc/10.3-2021.07/gcc/bin/../lib/gcc/arm-none-eabi/10.3.1/../../../../arm-none-eabi/lib/thumb/v7e-m/nofp/libg.a(lib_a-fini.o)
                0x000000000800131c                __libc_fini_array
 .text.__retarget_lock_acquire_recursive
                0x0000000008001348        0x4 /usr/local/Cellar/arm-none-eabi-gcc/10.3-2021.07/gcc/bin/../lib/gcc/arm-none-eabi/10.3.1/../../../../arm-none-eabi/lib/thumb/v7e-m/nofp/libg.a(lib_a-lock.o)
                0x0000000008001348                __retarget_lock_acquire_recursive
 .text.__retarget_lock_release_recursive
                0x000000000800134c        0x4 /usr/local/Cellar/arm-none-eabi-gcc/10.3-2021.07/gcc/bin/../lib/gcc/arm-none-eabi/10.3.1/../../../../arm-none-eabi/lib/thumb/v7e-m/nofp/libg.a(lib_a-lock.o)
                0x000000000800134c                __retarget_lock_release_recursive
 .text.__register_exitproc
                0x0000000008001350       0x8c /usr/local/Cellar/arm-none-eabi-gcc/10.3-2021.07/gcc/bin/../lib/gcc/arm-none-eabi/10.3.1/../../../../arm-none-eabi/lib/thumb/v7e-m/nofp/libg.a(lib_a-__atexit.o)
                0x0000000008001350                __register_exitproc
 *(.glue_7)
 .glue_7        0x00000000080013dc        0x0 linker stubs
 *(.glue_7t)
 .glue_7t       0x00000000080013dc        0x0 linker stubs
 *(.eh_frame)
 .eh_frame      0x00000000080013dc        0x0 /usr/local/Cellar/arm-none-eabi-gcc/10.3-2021.07/gcc/bin/../lib/gcc/arm-none-eabi/10.3.1/thumb/v7e-m/nofp/crtbegin.o
 *(.init)
 .init          0x00000000080013dc        0x4 /usr/local/Cellar/arm-none-eabi-gcc/10.3-2021.07/gcc/bin/../lib/gcc/arm-none-eabi/10.3.1/thumb/v7e-m/nofp/crti.o
                0x00000000080013dc                _init
 .init          0x00000000080013e0        0x8 /usr/local/Cellar/arm-none-eabi-gcc/10.3-2021.07/gcc/bin/../lib/gcc/arm-none-eabi/10.3.1/thumb/v7e-m/nofp/crtn.o
 *(.fini)
 .fini          0x00000000080013e8        0x4 /usr/local/Cellar/arm-none-eabi-gcc/10.3-2021.07/gcc/bin/../lib/gcc/arm-none-eabi/10.3.1/thumb/v7e-m/nofp/crti.o
                0x00000000080013e8                _fini
 .fini          0x00000000080013ec        0x8 /usr/local/Cellar/arm-none-eabi-gcc/10.3-2021.07/gcc/bin/../lib/gcc/arm-none-eabi/10.3.1/thumb/v7e-m/nofp/crtn.o
                0x00000000080013f4                . = ALIGN (0x4)
                0x00000000080013f4                _etext = .

.vfp11_veneer   0x00000000080013f4        0x0
 .vfp11_veneer  0x00000000080013f4        0x0 linker stubs

.v4_bx          0x00000000080013f4        0x0
 .v4_bx         0x00000000080013f4        0x0 linker stubs

.iplt           0x00000000080013f4        0x0
 .iplt          0x00000000080013f4        0x0 /usr/local/Cellar/arm-none-eabi-gcc/10.3-2021.07/gcc/bin/../lib/gcc/arm-none-eabi/10.3.1/thumb/v7e-m/nofp/crtbegin.o

.rodata         0x00000000080013f4       0x14
                0x00000000080013f4                . = ALIGN (0x4)
 *(.rodata)
 *(.rodata*)
 .rodata.AHBPrescTable
                0x00000000080013f4       0x10 CMakeFiles/GPIO_Register.elf.dir/Core/Src/system_stm32f4xx.c.obj
                0x00000000080013f4                AHBPrescTable
 .rodata._global_impure_ptr
                0x0000000008001404        0x4 /usr/local/Cellar/arm-none-eabi-gcc/10.3-2021.07/gcc/bin/../lib/gcc/arm-none-eabi/10.3.1/../../../../arm-none-eabi/lib/thumb/v7e-m/nofp/libg.a(lib_a-impure.o)
                0x0000000008001404                _global_impure_ptr
                0x0000000008001408                . = ALIGN (0x4)

.ARM.extab      0x0000000008001408        0x0
                0x0000000008001408                . = ALIGN (0x4)
 *(.ARM.extab* .gnu.linkonce.armextab.*)
                0x0000000008001408                . = ALIGN (0x4)

.ARM            0x0000000008001408        0x8
                0x0000000008001408                . = ALIGN (0x4)
                0x0000000008001408                __exidx_start = .
 *(.ARM.exidx*)
 .ARM.exidx     0x0000000008001408        0x8 /usr/local/Cellar/arm-none-eabi-gcc/10.3-2021.07/gcc/bin/../lib/gcc/arm-none-eabi/10.3.1/thumb/v7e-m/nofp/libgcc.a(_udivmoddi4.o)
                0x0000000008001410                __exidx_end = .
                0x0000000008001410                . = ALIGN (0x4)

.rel.dyn        0x0000000008001410        0x0
 .rel.iplt      0x0000000008001410        0x0 /usr/local/Cellar/arm-none-eabi-gcc/10.3-2021.07/gcc/bin/../lib/gcc/arm-none-eabi/10.3.1/thumb/v7e-m/nofp/crtbegin.o

.preinit_array  0x0000000008001410        0x0
                0x0000000008001410                . = ALIGN (0x4)
                0x0000000008001410                PROVIDE (__preinit_array_start = .)
 *(.preinit_array*)
                0x0000000008001410                PROVIDE (__preinit_array_end = .)
                0x0000000008001410                . = ALIGN (0x4)

.init_array     0x0000000008001410        0x8
                0x0000000008001410                . = ALIGN (0x4)
                0x0000000008001410                PROVIDE (__init_array_start = .)
 *(SORT_BY_NAME(.init_array.*))
 .init_array.00000
                0x0000000008001410        0x4 /usr/local/Cellar/arm-none-eabi-gcc/10.3-2021.07/gcc/bin/../lib/gcc/arm-none-eabi/10.3.1/../../../../arm-none-eabi/lib/thumb/v7e-m/nofp/libg.a(lib_a-__call_atexit.o)
 *(.init_array*)
 .init_array    0x0000000008001414        0x4 /usr/local/Cellar/arm-none-eabi-gcc/10.3-2021.07/gcc/bin/../lib/gcc/arm-none-eabi/10.3.1/thumb/v7e-m/nofp/crtbegin.o
                0x0000000008001418                PROVIDE (__init_array_end = .)
                0x0000000008001418                . = ALIGN (0x4)

.fini_array     0x0000000008001418        0x4
                0x0000000008001418                . = ALIGN (0x4)
                0x0000000008001418                PROVIDE (__fini_array_start = .)
 *(SORT_BY_NAME(.fini_array.*))
 *(.fini_array*)
 .fini_array    0x0000000008001418        0x4 /usr/local/Cellar/arm-none-eabi-gcc/10.3-2021.07/gcc/bin/../lib/gcc/arm-none-eabi/10.3.1/thumb/v7e-m/nofp/crtbegin.o
                0x000000000800141c                PROVIDE (__fini_array_end = .)
                0x000000000800141c                . = ALIGN (0x4)
                0x000000000800141c                _sidata = LOADADDR (.data)

.data           0x0000000020000000      0x43c load address 0x000000000800141c
                0x0000000020000000                . = ALIGN (0x4)
                0x0000000020000000                _sdata = .
 *(.data)
 *(.data*)
 .data.SystemCoreClock
                0x0000000020000000        0x4 CMakeFiles/GPIO_Register.elf.dir/Core/Src/system_stm32f4xx.c.obj
                0x0000000020000000                SystemCoreClock
 .data.uwTickPrio
                0x0000000020000004        0x4 CMakeFiles/GPIO_Register.elf.dir/Drivers/STM32F4xx_HAL_Driver/Src/stm32f4xx_hal.c.obj
                0x0000000020000004                uwTickPrio
 .data.uwTickFreq
                0x0000000020000008        0x1 CMakeFiles/GPIO_Register.elf.dir/Drivers/STM32F4xx_HAL_Driver/Src/stm32f4xx_hal.c.obj
                0x0000000020000008                uwTickFreq
 *fill*         0x0000000020000009        0x7 
 .data.impure_data
                0x0000000020000010      0x428 /usr/local/Cellar/arm-none-eabi-gcc/10.3-2021.07/gcc/bin/../lib/gcc/arm-none-eabi/10.3.1/../../../../arm-none-eabi/lib/thumb/v7e-m/nofp/libg.a(lib_a-impure.o)
 .data.__atexit_recursive_mutex
                0x0000000020000438        0x4 /usr/local/Cellar/arm-none-eabi-gcc/10.3-2021.07/gcc/bin/../lib/gcc/arm-none-eabi/10.3.1/../../../../arm-none-eabi/lib/thumb/v7e-m/nofp/libg.a(lib_a-__call_atexit.o)
                0x0000000020000438                __atexit_recursive_mutex
 *(.RamFunc)
 *(.RamFunc*)
                0x000000002000043c                . = ALIGN (0x4)
                0x000000002000043c                _edata = .
                0x0000000008001858                _siccmram = LOADADDR (.ccmram)

.igot.plt       0x000000002000043c        0x0 load address 0x0000000008001858
 .igot.plt      0x000000002000043c        0x0 /usr/local/Cellar/arm-none-eabi-gcc/10.3-2021.07/gcc/bin/../lib/gcc/arm-none-eabi/10.3.1/thumb/v7e-m/nofp/crtbegin.o

.ccmram         0x0000000010000000        0x0 load address 0x0000000008001858
                0x0000000010000000                . = ALIGN (0x4)
                0x0000000010000000                _sccmram = .
 *(.ccmram)
 *(.ccmram*)
                0x0000000010000000                . = ALIGN (0x4)
                0x0000000010000000                _eccmram = .
                0x0000000010000000                . = ALIGN (0x4)

.bss            0x000000002000043c       0x24
                0x000000002000043c                _sbss = .
                0x000000002000043c                __bss_start__ = _sbss
 *(.bss)
 .bss           0x000000002000043c       0x1c /usr/local/Cellar/arm-none-eabi-gcc/10.3-2021.07/gcc/bin/../lib/gcc/arm-none-eabi/10.3.1/thumb/v7e-m/nofp/crtbegin.o
 *(.bss*)
 .bss.uwTick    0x0000000020000458        0x4 CMakeFiles/GPIO_Register.elf.dir/Drivers/STM32F4xx_HAL_Driver/Src/stm32f4xx_hal.c.obj
                0x0000000020000458                uwTick
 .bss.__lock___atexit_recursive_mutex
                0x000000002000045c        0x1 /usr/local/Cellar/arm-none-eabi-gcc/10.3-2021.07/gcc/bin/../lib/gcc/arm-none-eabi/10.3.1/../../../../arm-none-eabi/lib/thumb/v7e-m/nofp/libg.a(lib_a-lock.o)
                0x000000002000045c                __lock___atexit_recursive_mutex
 *(COMMON)
                0x0000000020000460                . = ALIGN (0x4)
 *fill*         0x000000002000045d        0x3 
                0x0000000020000460                _ebss = .
                0x0000000020000460                __bss_end__ = _ebss

._user_heap_stack
                0x0000000020000460      0x600
                0x0000000020000460                . = ALIGN (0x8)
                [!provide]                        PROVIDE (end = .)
                0x0000000020000460                PROVIDE (_end = .)
                0x0000000020000660                . = (. + _Min_Heap_Size)
 *fill*         0x0000000020000460      0x200 
                0x0000000020000a60                . = (. + _Min_Stack_Size)
 *fill*         0x0000000020000660      0x400 
                0x0000000020000a60                . = ALIGN (0x8)

/DISCARD/
 libc.a(*)
 libm.a(*)
 libgcc.a(*)

.ARM.attributes
                0x0000000000000000       0x2a
 *(.ARM.attributes)
 .ARM.attributes
                0x0000000000000000       0x1e /usr/local/Cellar/arm-none-eabi-gcc/10.3-2021.07/gcc/bin/../lib/gcc/arm-none-eabi/10.3.1/thumb/v7e-m/nofp/crti.o
 .ARM.attributes
                0x000000000000001e       0x2e /usr/local/Cellar/arm-none-eabi-gcc/10.3-2021.07/gcc/bin/../lib/gcc/arm-none-eabi/10.3.1/thumb/v7e-m/nofp/crtbegin.o
 .ARM.attributes
                0x000000000000004c       0x2e CMakeFiles/GPIO_Register.elf.dir/Core/Src/main.c.obj
 .ARM.attributes
                0x000000000000007a       0x2e CMakeFiles/GPIO_Register.elf.dir/Core/Src/stm32f4xx_hal_msp.c.obj
 .ARM.attributes
                0x00000000000000a8       0x2e CMakeFiles/GPIO_Register.elf.dir/Core/Src/stm32f4xx_it.c.obj
 .ARM.attributes
                0x00000000000000d6       0x2e CMakeFiles/GPIO_Register.elf.dir/Core/Src/system_stm32f4xx.c.obj
 .ARM.attributes
                0x0000000000000104       0x21 CMakeFiles/GPIO_Register.elf.dir/Core/Startup/startup_stm32f407zgtx.s.obj
 .ARM.attributes
                0x0000000000000125       0x2e CMakeFiles/GPIO_Register.elf.dir/Drivers/STM32F4xx_HAL_Driver/Src/stm32f4xx_hal.c.obj
 .ARM.attributes
                0x0000000000000153       0x2e CMakeFiles/GPIO_Register.elf.dir/Drivers/STM32F4xx_HAL_Driver/Src/stm32f4xx_hal_cortex.c.obj
 .ARM.attributes
                0x0000000000000181       0x2e CMakeFiles/GPIO_Register.elf.dir/Drivers/STM32F4xx_HAL_Driver/Src/stm32f4xx_hal_rcc.c.obj
 .ARM.attributes
                0x00000000000001af       0x1e /usr/local/Cellar/arm-none-eabi-gcc/10.3-2021.07/gcc/bin/../lib/gcc/arm-none-eabi/10.3.1/thumb/v7e-m/nofp/libgcc.a(_aeabi_uldivmod.o)
 .ARM.attributes
                0x00000000000001cd       0x2e /usr/local/Cellar/arm-none-eabi-gcc/10.3-2021.07/gcc/bin/../lib/gcc/arm-none-eabi/10.3.1/thumb/v7e-m/nofp/libgcc.a(_udivmoddi4.o)
 .ARM.attributes
                0x00000000000001fb       0x1e /usr/local/Cellar/arm-none-eabi-gcc/10.3-2021.07/gcc/bin/../lib/gcc/arm-none-eabi/10.3.1/thumb/v7e-m/nofp/libgcc.a(_dvmd_tls.o)
 .ARM.attributes
                0x0000000000000219       0x2e /usr/local/Cellar/arm-none-eabi-gcc/10.3-2021.07/gcc/bin/../lib/gcc/arm-none-eabi/10.3.1/../../../../arm-none-eabi/lib/thumb/v7e-m/nofp/libg.a(lib_a-impure.o)
 .ARM.attributes
                0x0000000000000247       0x2e /usr/local/Cellar/arm-none-eabi-gcc/10.3-2021.07/gcc/bin/../lib/gcc/arm-none-eabi/10.3.1/../../../../arm-none-eabi/lib/thumb/v7e-m/nofp/libg.a(lib_a-init.o)
 .ARM.attributes
                0x0000000000000275       0x2e /usr/local/Cellar/arm-none-eabi-gcc/10.3-2021.07/gcc/bin/../lib/gcc/arm-none-eabi/10.3.1/../../../../arm-none-eabi/lib/thumb/v7e-m/nofp/libg.a(lib_a-memset.o)
 .ARM.attributes
                0x00000000000002a3       0x2e /usr/local/Cellar/arm-none-eabi-gcc/10.3-2021.07/gcc/bin/../lib/gcc/arm-none-eabi/10.3.1/../../../../arm-none-eabi/lib/thumb/v7e-m/nofp/libg.a(lib_a-__call_atexit.o)
 .ARM.attributes
                0x00000000000002d1       0x2e /usr/local/Cellar/arm-none-eabi-gcc/10.3-2021.07/gcc/bin/../lib/gcc/arm-none-eabi/10.3.1/../../../../arm-none-eabi/lib/thumb/v7e-m/nofp/libg.a(lib_a-atexit.o)
 .ARM.attributes
                0x00000000000002ff       0x2e /usr/local/Cellar/arm-none-eabi-gcc/10.3-2021.07/gcc/bin/../lib/gcc/arm-none-eabi/10.3.1/../../../../arm-none-eabi/lib/thumb/v7e-m/nofp/libg.a(lib_a-fini.o)
 .ARM.attributes
                0x000000000000032d       0x2e /usr/local/Cellar/arm-none-eabi-gcc/10.3-2021.07/gcc/bin/../lib/gcc/arm-none-eabi/10.3.1/../../../../arm-none-eabi/lib/thumb/v7e-m/nofp/libg.a(lib_a-lock.o)
 .ARM.attributes
                0x000000000000035b       0x2e /usr/local/Cellar/arm-none-eabi-gcc/10.3-2021.07/gcc/bin/../lib/gcc/arm-none-eabi/10.3.1/../../../../arm-none-eabi/lib/thumb/v7e-m/nofp/libg.a(lib_a-__atexit.o)
 .ARM.attributes
                0x0000000000000389       0x1e /usr/local/Cellar/arm-none-eabi-gcc/10.3-2021.07/gcc/bin/../lib/gcc/arm-none-eabi/10.3.1/thumb/v7e-m/nofp/crtn.o
OUTPUT(GPIO_Register.elf elf32-littlearm)
LOAD linker stubs
LOAD /usr/local/Cellar/arm-none-eabi-gcc/10.3-2021.07/gcc/bin/../lib/gcc/arm-none-eabi/10.3.1/../../../../arm-none-eabi/lib/thumb/v7e-m/nofp/libc.a
LOAD /usr/local/Cellar/arm-none-eabi-gcc/10.3-2021.07/gcc/bin/../lib/gcc/arm-none-eabi/10.3.1/../../../../arm-none-eabi/lib/thumb/v7e-m/nofp/libm.a
LOAD /usr/local/Cellar/arm-none-eabi-gcc/10.3-2021.07/gcc/bin/../lib/gcc/arm-none-eabi/10.3.1/thumb/v7e-m/nofp/libgcc.a

.debug_info     0x0000000000000000     0x2c45
 .debug_info    0x0000000000000000      0x4ad CMakeFiles/GPIO_Register.elf.dir/Core/Src/main.c.obj
 .debug_info    0x00000000000004ad      0x2a4 CMakeFiles/GPIO_Register.elf.dir/Core/Src/stm32f4xx_hal_msp.c.obj
 .debug_info    0x0000000000000751      0x115 CMakeFiles/GPIO_Register.elf.dir/Core/Src/stm32f4xx_it.c.obj
 .debug_info    0x0000000000000866      0x364 CMakeFiles/GPIO_Register.elf.dir/Core/Src/system_stm32f4xx.c.obj
 .debug_info    0x0000000000000bca       0x22 CMakeFiles/GPIO_Register.elf.dir/Core/Startup/startup_stm32f407zgtx.s.obj
 .debug_info    0x0000000000000bec      0x925 CMakeFiles/GPIO_Register.elf.dir/Drivers/STM32F4xx_HAL_Driver/Src/stm32f4xx_hal.c.obj
 .debug_info    0x0000000000001511      0xe17 CMakeFiles/GPIO_Register.elf.dir/Drivers/STM32F4xx_HAL_Driver/Src/stm32f4xx_hal_cortex.c.obj
 .debug_info    0x0000000000002328      0x91d CMakeFiles/GPIO_Register.elf.dir/Drivers/STM32F4xx_HAL_Driver/Src/stm32f4xx_hal_rcc.c.obj

.debug_abbrev   0x0000000000000000      0xb17
 .debug_abbrev  0x0000000000000000      0x17a CMakeFiles/GPIO_Register.elf.dir/Core/Src/main.c.obj
 .debug_abbrev  0x000000000000017a       0xd1 CMakeFiles/GPIO_Register.elf.dir/Core/Src/stm32f4xx_hal_msp.c.obj
 .debug_abbrev  0x000000000000024b       0x5e CMakeFiles/GPIO_Register.elf.dir/Core/Src/stm32f4xx_it.c.obj
 .debug_abbrev  0x00000000000002a9      0x113 CMakeFiles/GPIO_Register.elf.dir/Core/Src/system_stm32f4xx.c.obj
 .debug_abbrev  0x00000000000003bc       0x12 CMakeFiles/GPIO_Register.elf.dir/Core/Startup/startup_stm32f407zgtx.s.obj
 .debug_abbrev  0x00000000000003ce      0x1d7 CMakeFiles/GPIO_Register.elf.dir/Drivers/STM32F4xx_HAL_Driver/Src/stm32f4xx_hal.c.obj
 .debug_abbrev  0x00000000000005a5      0x313 CMakeFiles/GPIO_Register.elf.dir/Drivers/STM32F4xx_HAL_Driver/Src/stm32f4xx_hal_cortex.c.obj
 .debug_abbrev  0x00000000000008b8      0x25f CMakeFiles/GPIO_Register.elf.dir/Drivers/STM32F4xx_HAL_Driver/Src/stm32f4xx_hal_rcc.c.obj

.debug_aranges  0x0000000000000000      0x390
 .debug_aranges
                0x0000000000000000       0x30 CMakeFiles/GPIO_Register.elf.dir/Core/Src/main.c.obj
 .debug_aranges
                0x0000000000000030       0x20 CMakeFiles/GPIO_Register.elf.dir/Core/Src/stm32f4xx_hal_msp.c.obj
 .debug_aranges
                0x0000000000000050       0x60 CMakeFiles/GPIO_Register.elf.dir/Core/Src/stm32f4xx_it.c.obj
 .debug_aranges
                0x00000000000000b0       0x28 CMakeFiles/GPIO_Register.elf.dir/Core/Src/system_stm32f4xx.c.obj
 .debug_aranges
                0x00000000000000d8       0x28 CMakeFiles/GPIO_Register.elf.dir/Core/Startup/startup_stm32f407zgtx.s.obj
 .debug_aranges
                0x0000000000000100       0xf0 CMakeFiles/GPIO_Register.elf.dir/Drivers/STM32F4xx_HAL_Driver/Src/stm32f4xx_hal.c.obj
 .debug_aranges
                0x00000000000001f0      0x118 CMakeFiles/GPIO_Register.elf.dir/Drivers/STM32F4xx_HAL_Driver/Src/stm32f4xx_hal_cortex.c.obj
 .debug_aranges
                0x0000000000000308       0x88 CMakeFiles/GPIO_Register.elf.dir/Drivers/STM32F4xx_HAL_Driver/Src/stm32f4xx_hal_rcc.c.obj

.debug_ranges   0x0000000000000000      0x318
 .debug_ranges  0x0000000000000000       0x20 CMakeFiles/GPIO_Register.elf.dir/Core/Src/main.c.obj
 .debug_ranges  0x0000000000000020       0x10 CMakeFiles/GPIO_Register.elf.dir/Core/Src/stm32f4xx_hal_msp.c.obj
 .debug_ranges  0x0000000000000030       0x50 CMakeFiles/GPIO_Register.elf.dir/Core/Src/stm32f4xx_it.c.obj
 .debug_ranges  0x0000000000000080       0x18 CMakeFiles/GPIO_Register.elf.dir/Core/Src/system_stm32f4xx.c.obj
 .debug_ranges  0x0000000000000098       0x20 CMakeFiles/GPIO_Register.elf.dir/Core/Startup/startup_stm32f407zgtx.s.obj
 .debug_ranges  0x00000000000000b8       0xe0 CMakeFiles/GPIO_Register.elf.dir/Drivers/STM32F4xx_HAL_Driver/Src/stm32f4xx_hal.c.obj
 .debug_ranges  0x0000000000000198      0x108 CMakeFiles/GPIO_Register.elf.dir/Drivers/STM32F4xx_HAL_Driver/Src/stm32f4xx_hal_cortex.c.obj
 .debug_ranges  0x00000000000002a0       0x78 CMakeFiles/GPIO_Register.elf.dir/Drivers/STM32F4xx_HAL_Driver/Src/stm32f4xx_hal_rcc.c.obj

.debug_line     0x0000000000000000     0x2145
 .debug_line    0x0000000000000000      0x364 CMakeFiles/GPIO_Register.elf.dir/Core/Src/main.c.obj
 .debug_line    0x0000000000000364      0x1d5 CMakeFiles/GPIO_Register.elf.dir/Core/Src/stm32f4xx_hal_msp.c.obj
 .debug_line    0x0000000000000539      0x147 CMakeFiles/GPIO_Register.elf.dir/Core/Src/stm32f4xx_it.c.obj
 .debug_line    0x0000000000000680      0x272 CMakeFiles/GPIO_Register.elf.dir/Core/Src/system_stm32f4xx.c.obj
 .debug_line    0x00000000000008f2       0xc6 CMakeFiles/GPIO_Register.elf.dir/Core/Startup/startup_stm32f407zgtx.s.obj
 .debug_line    0x00000000000009b8      0x5dd CMakeFiles/GPIO_Register.elf.dir/Drivers/STM32F4xx_HAL_Driver/Src/stm32f4xx_hal.c.obj
 .debug_line    0x0000000000000f95      0x875 CMakeFiles/GPIO_Register.elf.dir/Drivers/STM32F4xx_HAL_Driver/Src/stm32f4xx_hal_cortex.c.obj
 .debug_line    0x000000000000180a      0x93b CMakeFiles/GPIO_Register.elf.dir/Drivers/STM32F4xx_HAL_Driver/Src/stm32f4xx_hal_rcc.c.obj

.debug_str      0x0000000000000000     0x1704
 .debug_str     0x0000000000000000      0x449 CMakeFiles/GPIO_Register.elf.dir/Core/Src/main.c.obj
                                        0x493 (size before relaxing)
 .debug_str     0x0000000000000449       0x6a CMakeFiles/GPIO_Register.elf.dir/Core/Src/stm32f4xx_hal_msp.c.obj
                                        0x326 (size before relaxing)
 .debug_str     0x00000000000004b3       0xe9 CMakeFiles/GPIO_Register.elf.dir/Core/Src/stm32f4xx_it.c.obj
                                        0x28e (size before relaxing)
 .debug_str     0x000000000000059c       0xc5 CMakeFiles/GPIO_Register.elf.dir/Core/Src/system_stm32f4xx.c.obj
                                        0x38c (size before relaxing)
 .debug_str     0x0000000000000661       0x74 CMakeFiles/GPIO_Register.elf.dir/Core/Startup/startup_stm32f407zgtx.s.obj
                                         0xc7 (size before relaxing)
 .debug_str     0x00000000000006d5      0x879 CMakeFiles/GPIO_Register.elf.dir/Drivers/STM32F4xx_HAL_Driver/Src/stm32f4xx_hal.c.obj
                                        0xb80 (size before relaxing)
 .debug_str     0x0000000000000f4e      0x54c CMakeFiles/GPIO_Register.elf.dir/Drivers/STM32F4xx_HAL_Driver/Src/stm32f4xx_hal_cortex.c.obj
                                        0xc97 (size before relaxing)
 .debug_str     0x000000000000149a      0x26a CMakeFiles/GPIO_Register.elf.dir/Drivers/STM32F4xx_HAL_Driver/Src/stm32f4xx_hal_rcc.c.obj
                                        0x739 (size before relaxing)

.comment        0x0000000000000000       0x49
 .comment       0x0000000000000000       0x49 CMakeFiles/GPIO_Register.elf.dir/Core/Src/main.c.obj
                                         0x4a (size before relaxing)
 .comment       0x0000000000000049       0x4a CMakeFiles/GPIO_Register.elf.dir/Core/Src/stm32f4xx_hal_msp.c.obj
 .comment       0x0000000000000049       0x4a CMakeFiles/GPIO_Register.elf.dir/Core/Src/stm32f4xx_it.c.obj
 .comment       0x0000000000000049       0x4a CMakeFiles/GPIO_Register.elf.dir/Core/Src/system_stm32f4xx.c.obj
 .comment       0x0000000000000049       0x4a CMakeFiles/GPIO_Register.elf.dir/Drivers/STM32F4xx_HAL_Driver/Src/stm32f4xx_hal.c.obj
 .comment       0x0000000000000049       0x4a CMakeFiles/GPIO_Register.elf.dir/Drivers/STM32F4xx_HAL_Driver/Src/stm32f4xx_hal_cortex.c.obj
 .comment       0x0000000000000049       0x4a CMakeFiles/GPIO_Register.elf.dir/Drivers/STM32F4xx_HAL_Driver/Src/stm32f4xx_hal_rcc.c.obj

.debug_frame    0x0000000000000000      0xe48
 .debug_frame   0x0000000000000000       0x68 CMakeFiles/GPIO_Register.elf.dir/Core/Src/main.c.obj
 .debug_frame   0x0000000000000068       0x38 CMakeFiles/GPIO_Register.elf.dir/Core/Src/stm32f4xx_hal_msp.c.obj
 .debug_frame   0x00000000000000a0      0x104 CMakeFiles/GPIO_Register.elf.dir/Core/Src/stm32f4xx_it.c.obj
 .debug_frame   0x00000000000001a4       0x58 CMakeFiles/GPIO_Register.elf.dir/Core/Src/system_stm32f4xx.c.obj
 .debug_frame   0x00000000000001fc      0x374 CMakeFiles/GPIO_Register.elf.dir/Drivers/STM32F4xx_HAL_Driver/Src/stm32f4xx_hal.c.obj
 .debug_frame   0x0000000000000570      0x498 CMakeFiles/GPIO_Register.elf.dir/Drivers/STM32F4xx_HAL_Driver/Src/stm32f4xx_hal_cortex.c.obj
 .debug_frame   0x0000000000000a08      0x1f4 CMakeFiles/GPIO_Register.elf.dir/Drivers/STM32F4xx_HAL_Driver/Src/stm32f4xx_hal_rcc.c.obj
 .debug_frame   0x0000000000000bfc       0x2c /usr/local/Cellar/arm-none-eabi-gcc/10.3-2021.07/gcc/bin/../lib/gcc/arm-none-eabi/10.3.1/thumb/v7e-m/nofp/libgcc.a(_aeabi_uldivmod.o)
 .debug_frame   0x0000000000000c28       0x34 /usr/local/Cellar/arm-none-eabi-gcc/10.3-2021.07/gcc/bin/../lib/gcc/arm-none-eabi/10.3.1/thumb/v7e-m/nofp/libgcc.a(_udivmoddi4.o)
 .debug_frame   0x0000000000000c5c       0x2c /usr/local/Cellar/arm-none-eabi-gcc/10.3-2021.07/gcc/bin/../lib/gcc/arm-none-eabi/10.3.1/../../../../arm-none-eabi/lib/thumb/v7e-m/nofp/libg.a(lib_a-init.o)
 .debug_frame   0x0000000000000c88       0x2c /usr/local/Cellar/arm-none-eabi-gcc/10.3-2021.07/gcc/bin/../lib/gcc/arm-none-eabi/10.3.1/../../../../arm-none-eabi/lib/thumb/v7e-m/nofp/libg.a(lib_a-memset.o)
 .debug_frame   0x0000000000000cb4       0x5c /usr/local/Cellar/arm-none-eabi-gcc/10.3-2021.07/gcc/bin/../lib/gcc/arm-none-eabi/10.3.1/../../../../arm-none-eabi/lib/thumb/v7e-m/nofp/libg.a(lib_a-__call_atexit.o)
 .debug_frame   0x0000000000000d10       0x20 /usr/local/Cellar/arm-none-eabi-gcc/10.3-2021.07/gcc/bin/../lib/gcc/arm-none-eabi/10.3.1/../../../../arm-none-eabi/lib/thumb/v7e-m/nofp/libg.a(lib_a-atexit.o)
 .debug_frame   0x0000000000000d30       0x34 /usr/local/Cellar/arm-none-eabi-gcc/10.3-2021.07/gcc/bin/../lib/gcc/arm-none-eabi/10.3.1/../../../../arm-none-eabi/lib/thumb/v7e-m/nofp/libg.a(lib_a-fini.o)
 .debug_frame   0x0000000000000d64       0xb0 /usr/local/Cellar/arm-none-eabi-gcc/10.3-2021.07/gcc/bin/../lib/gcc/arm-none-eabi/10.3.1/../../../../arm-none-eabi/lib/thumb/v7e-m/nofp/libg.a(lib_a-lock.o)
 .debug_frame   0x0000000000000e14       0x34 /usr/local/Cellar/arm-none-eabi-gcc/10.3-2021.07/gcc/bin/../lib/gcc/arm-none-eabi/10.3.1/../../../../arm-none-eabi/lib/thumb/v7e-m/nofp/libg.a(lib_a-__atexit.o)
